Component: ARM Compiler 5.06 update 5 (build 528) Tool: armlink [4d35e2]

==============================================================================

Section Cross References

    startup_stm32f103xe.o(STACK) refers (Special) to heapauxi.o(.text) for __use_two_region_memory
    startup_stm32f103xe.o(HEAP) refers (Special) to heapauxi.o(.text) for __use_two_region_memory
    startup_stm32f103xe.o(RESET) refers (Special) to heapauxi.o(.text) for __use_two_region_memory
    startup_stm32f103xe.o(RESET) refers to startup_stm32f103xe.o(STACK) for __initial_sp
    startup_stm32f103xe.o(RESET) refers to startup_stm32f103xe.o(.text) for Reset_Handler
    startup_stm32f103xe.o(RESET) refers to stm32f1xx_it.o(i.NMI_Handler) for NMI_Handler
    startup_stm32f103xe.o(RESET) refers to stm32f1xx_it.o(i.HardFault_Handler) for HardFault_Handler
    startup_stm32f103xe.o(RESET) refers to stm32f1xx_it.o(i.MemManage_Handler) for MemManage_Handler
    startup_stm32f103xe.o(RESET) refers to stm32f1xx_it.o(i.BusFault_Handler) for BusFault_Handler
    startup_stm32f103xe.o(RESET) refers to stm32f1xx_it.o(i.UsageFault_Handler) for UsageFault_Handler
    startup_stm32f103xe.o(RESET) refers to stm32f1xx_it.o(i.SVC_Handler) for SVC_Handler
    startup_stm32f103xe.o(RESET) refers to stm32f1xx_it.o(i.DebugMon_Handler) for DebugMon_Handler
    startup_stm32f103xe.o(RESET) refers to stm32f1xx_it.o(i.PendSV_Handler) for PendSV_Handler
    startup_stm32f103xe.o(RESET) refers to stm32f1xx_it.o(i.SysTick_Handler) for SysTick_Handler
    startup_stm32f103xe.o(RESET) refers to stm32f1xx_it.o(i.TIM3_IRQHandler) for TIM3_IRQHandler
    startup_stm32f103xe.o(.text) refers (Special) to heapauxi.o(.text) for __use_two_region_memory
    startup_stm32f103xe.o(.text) refers to system_stm32f1xx.o(i.SystemInit) for SystemInit
    startup_stm32f103xe.o(.text) refers to __main.o(!!!main) for __main
    startup_stm32f103xe.o(.text) refers to startup_stm32f103xe.o(HEAP) for Heap_Mem
    startup_stm32f103xe.o(.text) refers to startup_stm32f103xe.o(STACK) for Stack_Mem
    bsp_motor.o(i.Backward) refers to stm32f1xx_hal_gpio.o(i.HAL_GPIO_WritePin) for HAL_GPIO_WritePin
    bsp_motor.o(i.Forward) refers to stm32f1xx_hal_gpio.o(i.HAL_GPIO_WritePin) for HAL_GPIO_WritePin
    bsp_motor.o(i.Stopward) refers to stm32f1xx_hal_gpio.o(i.HAL_GPIO_WritePin) for HAL_GPIO_WritePin
    bsp_motor.o(i.Turn_Left) refers to stm32f1xx_hal_gpio.o(i.HAL_GPIO_WritePin) for HAL_GPIO_WritePin
    bsp_motor.o(i.Turn_Right) refers to stm32f1xx_hal_gpio.o(i.HAL_GPIO_WritePin) for HAL_GPIO_WritePin
    bsp_track.o(i.Change_speed) refers to tim.o(.bss) for htim4
    bsp_track.o(i.ultrasonic_waves) refers to _printf_percent.o(.ARM.Collect$$_printf_percent$$00000000) for _printf_percent
    bsp_track.o(i.ultrasonic_waves) refers to _printf_f.o(.ARM.Collect$$_printf_percent$$00000003) for _printf_f
    bsp_track.o(i.ultrasonic_waves) refers to printf1.o(x$fpl$printf1) for _printf_fp_dec
    bsp_track.o(i.ultrasonic_waves) refers to bsp_servo.o(i.SG90_Init) for SG90_Init
    bsp_track.o(i.ultrasonic_waves) refers to bsp_track.o(i.Change_speed) for Change_speed
    bsp_track.o(i.ultrasonic_waves) refers to stm32f1xx_hal.o(i.HAL_Delay) for HAL_Delay
    bsp_track.o(i.ultrasonic_waves) refers to bsp_hcsro4.o(i.HCSR_04_Init) for HCSR_04_Init
    bsp_track.o(i.ultrasonic_waves) refers to bsp_hcsro4.o(i.GetSR04Distance) for GetSR04Distance
    bsp_track.o(i.ultrasonic_waves) refers to f2d.o(x$fpl$f2d) for __aeabi_f2d
    bsp_track.o(i.ultrasonic_waves) refers to __2sprintf.o(.text) for __2sprintf
    bsp_track.o(i.ultrasonic_waves) refers to bsp_ili9341_lcd.o(i.LCD_GetFont) for LCD_GetFont
    bsp_track.o(i.ultrasonic_waves) refers to bsp_ili9341_lcd.o(i.LCD_ClearLine) for LCD_ClearLine
    bsp_track.o(i.ultrasonic_waves) refers to bsp_ili9341_lcd.o(i.ILI9341_DispStringLine_EN) for ILI9341_DispStringLine_EN
    bsp_track.o(i.ultrasonic_waves) refers to stm32f1xx_hal_gpio.o(i.HAL_GPIO_ReadPin) for HAL_GPIO_ReadPin
    bsp_track.o(i.ultrasonic_waves) refers to bsp_motor.o(i.Stopward) for Stopward
    bsp_track.o(i.ultrasonic_waves) refers to bsp_servo.o(i.SG90_TurnL) for SG90_TurnL
    bsp_track.o(i.ultrasonic_waves) refers to bsp_servo.o(i.SG90_TurnR) for SG90_TurnR
    bsp_track.o(i.ultrasonic_waves) refers to frleqf.o(x$fpl$frleqf) for __aeabi_cfrcmple
    bsp_track.o(i.ultrasonic_waves) refers to bsp_motor.o(i.Backward) for Backward
    bsp_track.o(i.ultrasonic_waves) refers to bsp_motor.o(i.Turn_Left) for Turn_Left
    bsp_track.o(i.ultrasonic_waves) refers to fleqf.o(x$fpl$fleqf) for __aeabi_cfcmple
    bsp_track.o(i.ultrasonic_waves) refers to bsp_motor.o(i.Turn_Right) for Turn_Right
    bsp_track.o(i.ultrasonic_waves) refers to bsp_motor.o(i.Forward) for Forward
    bsp_track.o(i.ultrasonic_waves) refers to bsp_track.o(.bss) for .bss
    bsp_hcsro4.o(i.GetSR04Distance) refers to dflt_clz.o(x$fpl$dfltu) for __aeabi_ui2d
[...]
    x$fpl$fmul                               0x08004fb8   Section      258  fmul.o(x$fpl$fmul)
    x$fpl$fnaninf                            0x080050ba   Section      140  fnaninf.o(x$fpl$fnaninf)
    x$fpl$fretinf                            0x08005146   Section       10  fretinf.o(x$fpl$fretinf)
    x$fpl$frleqf                             0x08005150   Section       98  frleqf.o(x$fpl$frleqf)
    x$fpl$fsub                               0x080051b4   Section      234  faddsub_clz.o(x$fpl$fsub)
    _fsub1                                   0x080051c3   Thumb Code     0  faddsub_clz.o(x$fpl$fsub)
    x$fpl$printf1                            0x0800529e   Section        4  printf1.o(x$fpl$printf1)
    x$fpl$printf2                            0x080052a2   Section        4  printf2.o(x$fpl$printf2)
    .constdata                               0x080052a6   Section     1520  fonts.o(.constdata)
    x$fpl$usenofp                            0x080052a6   Section        0  usenofp.o(x$fpl$usenofp)
    .constdata                               0x08005896   Section       18  stm32f1xx_hal_rcc.o(.constdata)
    aPredivFactorTable                       0x08005896   Data           2  stm32f1xx_hal_rcc.o(.constdata)
    aPLLMULFactorTable                       0x08005898   Data          16  stm32f1xx_hal_rcc.o(.constdata)
    .constdata                               0x080058a8   Section       16  system_stm32f1xx.o(.constdata)
    .constdata                               0x080058b8   Section        8  system_stm32f1xx.o(.constdata)
    .constdata                               0x080058c0   Section       17  __printf_flags_ss_wp.o(.constdata)
    maptable                                 0x080058c0   Data          17  __printf_flags_ss_wp.o(.constdata)
    .constdata                               0x080058d4   Section        8  _printf_wctomb.o(.constdata)
    initial_mbstate                          0x080058d4   Data           8  _printf_wctomb.o(.constdata)
    .constdata                               0x080058dc   Section       40  _printf_hex_int_ll_ptr.o(.constdata)
    uc_hextab                                0x080058dc   Data          20  _printf_hex_int_ll_ptr.o(.constdata)
    lc_hextab                                0x080058f0   Data          20  _printf_hex_int_ll_ptr.o(.constdata)
    .constdata                               0x08005904   Section       38  _printf_fp_hex.o(.constdata)
    lc_hextab                                0x08005904   Data          19  _printf_fp_hex.o(.constdata)
    uc_hextab                                0x08005917   Data          19  _printf_fp_hex.o(.constdata)
    .constdata                               0x0800592c   Section      148  bigflt0.o(.constdata)
    tenpwrs_x                                0x0800592c   Data          60  bigflt0.o(.constdata)
    tenpwrs_i                                0x08005968   Data          64  bigflt0.o(.constdata)
    locale$$data                             0x080059e0   Section       28  lc_numeric_c.o(locale$$data)
    __lcnum_c_name                           0x080059e4   Data           2  lc_numeric_c.o(locale$$data)
    __lcnum_c_start                          0x080059ec   Data           0  lc_numeric_c.o(locale$$data)
    __lcnum_c_point                          0x080059f8   Data           0  lc_numeric_c.o(locale$$data)
    __lcnum_c_thousands                      0x080059fa   Data           0  lc_numeric_c.o(locale$$data)
    __lcnum_c_grouping                       0x080059fb   Data           0  lc_numeric_c.o(locale$$data)
    locale$$data                             0x080059fc   Section      272  lc_ctype_c.o(locale$$data)
    __lcnum_c_end                            0x080059fc   Data           0  lc_numeric_c.o(locale$$data)
    __lcctype_c_name                         0x08005a00   Data           2  lc_ctype_c.o(locale$$data)
    __lcctype_c_start                        0x08005a08   Data           0  lc_ctype_c.o(locale$$data)
    __lcctype_c_end                          0x08005b0c   Data           0  lc_ctype_c.o(locale$$data)
    .data                                    0x20000000   Section        1  bsp_hcsro4.o(.data)
    .data                                    0x20000004   Section        8  bsp_user_debug.o(.data)
    len                                      0x20000004   Data           2  bsp_user_debug.o(.data)
    ap                                       0x20000008   Data           4  bsp_user_debug.o(.data)
    .data                                    0x2000000c   Section        8  fonts.o(.data)
    .data                                    0x20000014   Section       16  bsp_ili9341_lcd.o(.data)
    CurrentTextColor                         0x2000001c   Data           2  bsp_ili9341_lcd.o(.data)
    CurrentBackColor                         0x2000001e   Data           2  bsp_ili9341_lcd.o(.data)
    LCD_Currentfonts                         0x20000020   Data           4  bsp_ili9341_lcd.o(.data)
    .data                                    0x20000024   Section        4  tim.o(.data)
    .data                                    0x20000028   Section       12  stm32f1xx_hal.o(.data)
    .data                                    0x20000034   Section        4  system_stm32f1xx.o(.data)
    .bss                                     0x20000038   Section      120  bsp_track.o(.bss)
    .bss                                     0x200000b0   Section      256  bsp_user_debug.o(.bss)
    tx_buf                                   0x200000b0   Data         256  bsp_user_debug.o(.bss)
    .bss                                     0x200001b0   Section       96  bsp_ili9341_lcd.o(.bss)
    SRAM_Handler                             0x200001b0   Data          68  bsp_ili9341_lcd.o(.bss)
    Timing                                   0x200001f4   Data          28  bsp_ili9341_lcd.o(.bss)
    .bss                                     0x20000210   Section      216  tim.o(.bss)
    .bss                                     0x200002e8   Section       72  usart.o(.bss)
    .bss                                     0x20000330   Section       96  libspace.o(.bss)
    HEAP                                     0x20000390   Section      512  startup_stm32f103xe.o(HEAP)
    Heap_Mem                                 0x20000390   Data         512  startup_stm32f103xe.o(HEAP)
    STACK                                    0x20000590   Section     1024  startup_stm32f103xe.o(STACK)
    Stack_Mem                                0x20000590   Data        1024  startup_stm32f103xe.o(STACK)
    __initial_sp                             0x20000990   Data           0  startup_stm32f103xe.o(STACK)

    Global Symbols

    Symbol Name                              Value     Ov Type        Size  Object(Section)

    BuildAttributes$$THM_ISAv4$P$D$K$B$S$PE$A:L22UL41UL21$X:L11$S22US41US21$IEEE1$IW$USESV6$~STKCKD$USESV7$~SHL$OTIME$ROPI$IEEEJ$EBA8$UX$STANDARDLIB$REQ8$PRES8$EABIv2 0x00000000   Number         0  anon$$obj.o ABSOLUTE
    __ARM_use_no_argv                        0x00000000   Number         0  main.o ABSOLUTE
    _printf_flags                            0x00000000   Number         0  printf_stubs.o ABSOLUTE
    _printf_return_value                     0x00000000   Number         0  printf_stubs.o ABSOLUTE
    _printf_sizespec                         0x00000000   Number         0  printf_stubs.o ABSOLUTE
    _printf_widthprec                        0x00000000   Number         0  printf_stubs.o ABSOLUTE
    __ARM_exceptions_init                     - Undefined Weak Reference
    __alloca_initialize                       - Undefined Weak Reference
    __arm_preinit_                            - Undefined Weak Reference
    __cpp_initialize__aeabi_                  - Undefined Weak Reference
    __cxa_finalize                            - Undefined Weak Reference
    __sigvec_lookup                           - Undefined Weak Reference
    _atexit_init                              - Undefined Weak Reference
    _call_atexit_fns                          - Undefined Weak Reference
    _clock_init                               - Undefined Weak Reference
    _fp_trap_init                             - Undefined Weak Reference
    _fp_trap_shutdown                         - Undefined Weak Reference
    _get_lc_collate                           - Undefined Weak Reference
    _get_lc_monetary                          - Undefined Weak Reference
    _get_lc_time                              - Undefined Weak Reference
    _getenv_init                              - Undefined Weak Reference
    _handle_redirection                       - Undefined Weak Reference
    _init_alloc                               - Undefined Weak Reference
    _init_user_alloc                          - Undefined Weak Reference
    _initio                                   - Undefined Weak Reference
    _printf_mbtowc                            - Undefined Weak Reference
    _printf_wc                                - Undefined Weak Reference
    _rand_init                                - Undefined Weak Reference
    _signal_finish                            - Undefined Weak Reference
    _signal_init                              - Undefined Weak Reference
    _terminate_alloc                          - Undefined Weak Reference
    _terminate_user_alloc                     - Undefined Weak Reference
    _terminateio                              - Undefined Weak Reference
    __Vectors_Size                           0x00000130   Number         0  startup_stm32f103xe.o ABSOLUTE
    __Vectors                                0x08000000   Data           4  startup_stm32f103xe.o(RESET)
    __Vectors_End                            0x08000130   Data           0  startup_stm32f103xe.o(RESET)
    __main                                   0x08000131   Thumb Code     8  __main.o(!!!main)
    __scatterload                            0x08000139   Thumb Code     0  __scatter.o(!!!scatter)
    __scatterload_rt2                        0x08000139   Thumb Code    44  __scatter.o(!!!scatter)
    __scatterload_rt2_thumb_only             0x08000139   Thumb Code     0  __scatter.o(!!!scatter)
    __scatterload_null                       0x08000147   Thumb Code     0  __scatter.o(!!!scatter)
    __scatterload_copy                       0x0800016d   Thumb Code    26  __scatter_copy.o(!!handler_copy)
    __scatterload_zeroinit                   0x08000189   Thumb Code    28  __scatter_zi.o(!!handler_zi)
    _printf_n                                0x080001a5   Thumb Code     0  _printf_n.o(.ARM.Collect$$_printf_percent$$00000001)
    _printf_percent                          0x080001a5   Thumb Code     0  _printf_percent.o(.ARM.Collect$$_printf_percent$$00000000)
    _printf_p                                0x080001ab   Thumb Code     0  _printf_p.o(.ARM.Collect$$_printf_percent$$00000002)
    _printf_f                                0x080001b1   Thumb Code     0  _printf_f.o(.ARM.Collect$$_printf_percent$$00000003)
    _printf_e                                0x080001b7   Thumb Code     0  _printf_e.o(.ARM.Collect$$_printf_percent$$00000004)
    _printf_g                                0x080001bd   Thumb Code     0  _printf_g.o(.ARM.Collect$$_printf_percent$$00000005)
    _printf_a                                0x080001c3   Thumb Code     0  _printf_a.o(.ARM.Collect$$_printf_percent$$00000006)
    _printf_ll                               0x080001c9   Thumb Code     0  _printf_ll.o(.ARM.Collect$$_printf_percent$$00000007)
    _printf_i                                0x080001d3   Thumb Code     0  _printf_i.o(.ARM.Collect$$_printf_percent$$00000008)
    _printf_d                                0x080001d9   Thumb Code     0  _printf_d.o(.ARM.Collect$$_printf_percent$$00000009)
    _printf_u                                0x080001df   Thumb Code     0  _printf_u.o(.ARM.Collect$$_printf_percent$$0000000A)
    _printf_o                                0x080001e5   Thumb Code     0  _printf_o.o(.ARM.Collect$$_printf_percent$$0000000B)
    _printf_x                                0x080001eb   Thumb Code     0  _printf_x.o(.ARM.Collect$$_printf_percent$$0000000C)
    _printf_lli                              0x080001f1   Thumb Code     0  _printf_lli.o(.ARM.Collect$$_printf_percent$$0000000D)
    _printf_lld                              0x080001f7   Thumb Code     0  _printf_lld.o(.ARM.Collect$$_printf_percent$$0000000E)
    _printf_llu                              0x080001fd   Thumb Code     0  _printf_llu.o(.ARM.Collect$$_printf_percent$$0000000F)
    _printf_llo                              0x08000203   Thumb Code     0  _printf_llo.o(.ARM.Collect$$_printf_percent$$00000010)
    _printf_llx                              0x08000209   Thumb Code     0  _printf_llx.o(.ARM.Collect$$_printf_percent$$00000011)
    _printf_l                                0x0800020f   Thumb Code     0  _printf_l.o(.ARM.Collect$$_printf_percent$$00000012)
    _printf_c                                0x08000219   Thumb Code     0  _printf_c.o(.ARM.Collect$$_printf_percent$$00000013)
    _printf_s                                0x0800021f   Thumb Code     0  _printf_s.o(.ARM.Collect$$_printf_percent$$00000014)
    _printf_lc                               0x08000225   Thumb Code     0  _printf_lc.o(.ARM.Collect$$_printf_percent$$00000015)
    _printf_ls                               0x0800022b   Thumb Code     0  _printf_ls.o(.ARM.Collect$$_printf_percent$$00000016)
    _printf_percent_end                      0x08000231   Thumb Code     0  _printf_percent_end.o(.ARM.Collect$$_printf_percent$$00000017)
    __rt_lib_init                            0x08000235   Thumb Code     0  libinit.o(.ARM.Collect$$libinit$$00000000)
    __rt_lib_init_fp_1                       0x08000237   Thumb Code     0  libinit2.o(.ARM.Collect$$libinit$$00000002)
    __rt_lib_init_heap_1                     0x08000237   Thumb Code     0  libinit2.o(.ARM.Collect$$libinit$$0000000A)
    __rt_lib_init_lc_common                  0x08000237   Thumb Code     0  libinit2.o(.ARM.Collect$$libinit$$0000000F)
    __rt_lib_init_preinit_1                  0x08000237   Thumb Code     0  libinit2.o(.ARM.Collect$$libinit$$00000004)
    __rt_lib_init_rand_1                     0x08000237   Thumb Code     0  libinit2.o(.ARM.Collect$$libinit$$0000000E)
    __rt_lib_init_user_alloc_1               0x08000237   Thumb Code     0  libinit2.o(.ARM.Collect$$libinit$$0000000C)
    __rt_lib_init_lc_collate_1               0x0800023d   Thumb Code     0  libinit2.o(.ARM.Collect$$libinit$$00000011)
    __rt_lib_init_lc_ctype_2                 0x0800023d   Thumb Code     0  libinit2.o(.ARM.Collect$$libinit$$00000012)
    __rt_lib_init_lc_ctype_1                 0x08000249   Thumb Code     0  libinit2.o(.ARM.Collect$$libinit$$00000013)
    __rt_lib_init_lc_monetary_1              0x08000249   Thumb Code     0  libinit2.o(.ARM.Collect$$libinit$$00000015)
    __rt_lib_init_lc_numeric_2               0x08000249   Thumb Code     0  libinit2.o(.ARM.Collect$$libinit$$00000016)
    __rt_lib_init_alloca_1                   0x08000253   Thumb Code     0  libinit2.o(.ARM.Collect$$libinit$$0000002E)
    __rt_lib_init_argv_1                     0x08000253   Thumb Code     0  libinit2.o(.ARM.Collect$$libinit$$0000002C)
    __rt_lib_init_atexit_1                   0x08000253   Thumb Code     0  libinit2.o(.ARM.Collect$$libinit$$0000001B)
    __rt_lib_init_clock_1                    0x08000253   Thumb Code     0  libinit2.o(.ARM.Collect$$libinit$$00000021)
    __rt_lib_init_cpp_1                      0x08000253   Thumb Code     0  libinit2.o(.ARM.Collect$$libinit$$00000032)
    __rt_lib_init_exceptions_1               0x08000253   Thumb Code     0  libinit2.o(.ARM.Collect$$libinit$$00000030)
    __rt_lib_init_fp_trap_1                  0x08000253   Thumb Code     0  libinit2.o(.ARM.Collect$$libinit$$0000001F)
    __rt_lib_init_getenv_1                   0x08000253   Thumb Code     0  libinit2.o(.ARM.Collect$$libinit$$00000023)
    __rt_lib_init_lc_numeric_1               0x08000253   Thumb Code     0  libinit2.o(.ARM.Collect$$libinit$$00000017)
    __rt_lib_init_lc_time_1                  0x08000253   Thumb Code     0  libinit2.o(.ARM.Collect$$libinit$$00000019)
    __rt_lib_init_return                     0x08000253   Thumb Code     0  libinit2.o(.ARM.Collect$$libinit$$00000033)
    __rt_lib_init_signal_1                   0x08000253   Thumb Code     0  libinit2.o(.ARM.Collect$$libinit$$0000001D)
    __rt_lib_init_stdio_1                    0x08000253   Thumb Code     0  libinit2.o(.ARM.Collect$$libinit$$00000025)
    __rt_lib_shutdown                        0x08000255   Thumb Code     0  libshutdown.o(.ARM.Collect$$libshutdown$$00000000)
    __rt_lib_shutdown_cpp_1                  0x08000257   Thumb Code     0  libshutdown2.o(.ARM.Collect$$libshutdown$$00000002)
    __rt_lib_shutdown_fp_trap_1              0x08000257   Thumb Code     0  libshutdown2.o(.ARM.Collect$$libshutdown$$00000007)
    __rt_lib_shutdown_heap_1                 0x08000257   Thumb Code     0  libshutdown2.o(.ARM.Collect$$libshutdown$$0000000F)
    __rt_lib_shutdown_return                 0x08000257   Thumb Code     0  libshutdown2.o(.ARM.Collect$$libshutdown$$00000010)
    __rt_lib_shutdown_signal_1               0x08000257   Thumb Code     0  libshutdown2.o(.ARM.Collect$$libshutdown$$0000000A)
    __rt_lib_shutdown_stdio_1                0x08000257   Thumb Code     0  libshutdown2.o(.ARM.Collect$$libshutdown$$00000004)
    __rt_lib_shutdown_user_alloc_1           0x08000257   Thumb Code     0  libshutdown2.o(.ARM.Collect$$libshutdown$$0000000C)
    __rt_entry                               0x08000259   Thumb Code     0  __rtentry.o(.ARM.Collect$$rtentry$$00000000)
    __rt_entry_presh_1                       0x08000259   Thumb Code     0  __rtentry2.o(.ARM.Collect$$rtentry$$00000002)
    __rt_entry_sh                            0x08000259   Thumb Code     0  __rtentry4.o(.ARM.Collect$$rtentry$$00000004)
    __rt_entry_li                            0x0800025f   Thumb Code     0  __rtentry2.o(.ARM.Collect$$rtentry$$0000000A)
    __rt_entry_postsh_1                      0x0800025f   Thumb Code     0  __rtentry2.o(.ARM.Collect$$rtentry$$00000009)
    __rt_entry_main                          0x08000263   Thumb Code     0  __rtentry2.o(.ARM.Collect$$rtentry$$0000000D)
    __rt_entry_postli_1                      0x08000263   Thumb Code     0  __rtentry2.o(.ARM.Collect$$rtentry$$0000000C)
    __rt_exit                                0x0800026b   Thumb Code     0  rtexit.o(.ARM.Collect$$rtexit$$00000000)
    __rt_exit_ls                             0x0800026d   Thumb Code     0  rtexit2.o(.ARM.Collect$$rtexit$$00000003)
    __rt_exit_prels_1                        0x0800026d   Thumb Code     0  rtexit2.o(.ARM.Collect$$rtexit$$00000002)
    __rt_exit_exit                           0x08000271   Thumb Code     0  rtexit2.o(.ARM.Collect$$rtexit$$00000004)
    Reset_Handler                            0x08000279   Thumb Code     8  startup_stm32f103xe.o(.text)
    ADC1_2_IRQHandler                        0x08000293   Thumb Code     0  startup_stm32f103xe.o(.text)
    ADC3_IRQHandler                          0x08000293   Thumb Code     0  startup_stm32f103xe.o(.text)
    CAN1_RX1_IRQHandler                      0x08000293   Thumb Code     0  startup_stm32f103xe.o(.text)
    CAN1_SCE_IRQHandler                      0x08000293   Thumb Code     0  startup_stm32f103xe.o(.text)
    DMA1_Channel1_IRQHandler                 0x08000293   Thumb Code     0  startup_stm32f103xe.o(.text)
    DMA1_Channel2_IRQHandler                 0x08000293   Thumb Code     0  startup_stm32f103xe.o(.text)
    DMA1_Channel3_IRQHandler                 0x08000293   Thumb Code     0  startup_stm32f103xe.o(.text)
    DMA1_Channel4_IRQHandler                 0x08000293   Thumb Code     0  startup_stm32f103xe.o(.text)
    DMA1_Channel5_IRQHandler                 0x08000293   Thumb Code     0  startup_stm32f103xe.o(.text)
    DMA1_Channel6_IRQHandler                 0x08000293   Thumb Code     0  startup_stm32f103xe.o(.text)
    DMA1_Channel7_IRQHandler                 0x08000293   Thumb Code     0  startup_stm32f103xe.o(.text)
    DMA2_Channel1_IRQHandler                 0x08000293   Thumb Code     0  startup_stm32f103xe.o(.text)
    DMA2_Channel2_IRQHandler                 0x08000293   Thumb Code     0  startup_stm32f103xe.o(.text)
    DMA2_Channel3_IRQHandler                 0x08000293   Thumb Code     0  startup_stm32f103xe.o(.text)
    DMA2_Channel4_5_IRQHandler               0x08000293   Thumb Code     0  startup_stm32f103xe.o(.text)
    EXTI0_IRQHandler                         0x08000293   Thumb Code     0  startup_stm32f103xe.o(.text)
    EXTI15_10_IRQHandler                     0x08000293   Thumb Code     0  startup_stm32f103xe.o(.text)
    EXTI1_IRQHandler                         0x08000293   Thumb Code     0  startup_stm32f103xe.o(.text)
    EXTI2_IRQHandler                         0x08000293   Thumb Code     0  startup_stm32f103xe.o(.text)
    EXTI3_IRQHandler                         0x08000293   Thumb Code     0  startup_stm32f103xe.o(.text)
    EXTI4_IRQHandler                         0x08000293   Thumb Code     0  startup_stm32f103xe.o(.text)
    EXTI9_5_IRQHandler                       0x08000293   Thumb Code     0  startup_stm32f103xe.o(.text)
    FLASH_IRQHandler                         0x08000293   Thumb Code     0  startup_stm32f103xe.o(.text)
    FSMC_IRQHandler                          0x08000293   Thumb Code     0  startup_stm32f103xe.o(.text)
    I2C1_ER_IRQHandler                       0x08000293   Thumb Code     0  startup_stm32f103xe.o(.text)
    I2C1_EV_IRQHandler                       0x08000293   Thumb Code     0  startup_stm32f103xe.o(.text)
    I2C2_ER_IRQHandler                       0x08000293   Thumb Code     0  startup_stm32f103xe.o(.text)
    I2C2_EV_IRQHandler                       0x08000293   Thumb Code     0  startup_stm32f103xe.o(.text)
    PVD_IRQHandler                           0x08000293   Thumb Code     0  startup_stm32f103xe.o(.text)
    RCC_IRQHandler                           0x08000293   Thumb Code     0  startup_stm32f103xe.o(.text)
    RTC_Alarm_IRQHandler                     0x08000293   Thumb Code     0  startup_stm32f103xe.o(.text)
    RTC_IRQHandler                           0x08000293   Thumb Code     0  startup_stm32f103xe.o(.text)
    SDIO_IRQHandler                          0x08000293   Thumb Code     0  startup_stm32f103xe.o(.text)
    SPI1_IRQHandler                          0x08000293   Thumb Code     0  startup_stm32f103xe.o(.text)
    SPI2_IRQHandler                          0x08000293   Thumb Code     0  startup_stm32f103xe.o(.text)
    SPI3_IRQHandler                          0x08000293   Thumb Code     0  startup_stm32f103xe.o(.text)
    TAMPER_IRQHandler                        0x08000293   Thumb Code     0  startup_stm32f103xe.o(.text)
    TIM1_BRK_IRQHandler                      0x08000293   Thumb Code     0  startup_stm32f103xe.o(.text)
    TIM1_CC_IRQHandler                       0x08000293   Thumb Code     0  startup_stm32f103xe.o(.text)
    TIM1_TRG_COM_IRQHandler                  0x08000293   Thumb Code     0  startup_stm32f103xe.o(.text)
    TIM1_UP_IRQHandler                       0x08000293   Thumb Code     0  startup_stm32f103xe.o(.text)
    TIM2_IRQHandler                          0x08000293   Thumb Code     0  startup_stm32f103xe.o(.text)
    TIM4_IRQHandler                          0x08000293   Thumb Code     0  startup_stm32f103xe.o(.text)
    TIM5_IRQHandler                          0x08000293   Thumb Code     0  startup_stm32f103xe.o(.text)
    TIM6_IRQHandler                          0x08000293   Thumb Code     0  startup_stm32f103xe.o(.text)
    TIM7_IRQHandler                          0x08000293   Thumb Code     0  startup_stm32f103xe.o(.text)
    TIM8_BRK_IRQHandler                      0x08000293   Thumb Code     0  startup_stm32f103xe.o(.text)
    TIM8_CC_IRQHandler                       0x08000293   Thumb Code     0  startup_stm32f103xe.o(.text)
    TIM8_TRG_COM_IRQHandler                  0x08000293   Thumb Code     0  startup_stm32f103xe.o(.text)
    TIM8_UP_IRQHandler                       0x08000293   Thumb Code     0  startup_stm32f103xe.o(.text)
    UART4_IRQHandler                         0x08000293   Thumb Code     0  startup_stm32f103xe.o(.text)
    UART5_IRQHandler                         0x08000293   Thumb Code     0  startup_stm32f103xe.o(.text)
    USART1_IRQHandler                        0x08000293   Thumb Code     0  startup_stm32f103xe.o(.text)
    USART2_IRQHandler                        0x08000293   Thumb Code     0  startup_stm32f103xe.o(.text)
    USART3_IRQHandler                        0x08000293   Thumb Code     0  startup_stm32f103xe.o(.text)
    USBWakeUp_IRQHandler                     0x08000293   Thumb Code     0  startup_stm32f103xe.o(.text)
    USB_HP_CAN1_TX_IRQHandler                0x08000293   Thumb Code     0  startup_stm32f103xe.o(.text)
    USB_LP_CAN1_RX0_IRQHandler               0x08000293   Thumb Code     0  startup_stm32f103xe.o(.text)
    WWDG_IRQHandler                          0x08000293   Thumb Code     0  startup_stm32f103xe.o(.text)
    __user_initial_stackheap                 0x08000295   Thumb Code     0  startup_stm32f103xe.o(.text)
    vsprintf                                 0x080002b9   Thumb Code    32  vsprintf.o(.text)
    __2sprintf                               0x080002dd   Thumb Code    38  __2sprintf.o(.text)
    __printf                                 0x08000309   Thumb Code   388  __printf_flags_ss_wp.o(.text)
    __aeabi_memclr4                          0x08000491   Thumb Code     0  rt_memclr_w.o(.text)
    __aeabi_memclr8                          0x08000491   Thumb Code     0  rt_memclr_w.o(.text)
    __rt_memclr_w                            0x08000491   Thumb Code    78  rt_memclr_w.o(.text)
    _memset_w                                0x08000495   Thumb Code     0  rt_memclr_w.o(.text)
    __use_two_region_memory                  0x080004df   Thumb Code     2  heapauxi.o(.text)
    __rt_heap_escrow$2region                 0x080004e1   Thumb Code     2  heapauxi.o(.text)
    __rt_heap_expand$2region                 0x080004e3   Thumb Code     2  heapauxi.o(.text)
    _printf_pre_padding                      0x080004e5   Thumb Code    44  _printf_pad.o(.text)
    _printf_post_padding                     0x08000511   Thumb Code    34  _printf_pad.o(.text)
    _printf_truncate_signed                  0x08000533   Thumb Code    18  _printf_truncate.o(.text)
    _printf_truncate_unsigned                0x08000545   Thumb Code    18  _printf_truncate.o(.text)
    _printf_str                              0x08000557   Thumb Code    82  _printf_str.o(.text)
    _printf_int_dec                          0x080005a9   Thumb Code   104  _printf_dec.o(.text)
    _printf_charcount                        0x08000621   Thumb Code    40  _printf_charcount.o(.text)
    __lib_sel_fp_printf                      0x08000649   Thumb Code     2  _printf_fp_dec.o(.text)
    _printf_fp_dec_real                      0x080007fb   Thumb Code   620  _printf_fp_dec.o(.text)
    _printf_char_common                      0x08000a73   Thumb Code    32  _printf_char_common.o(.text)
    _sputc                                   0x08000a99   Thumb Code    10  _sputc.o(.text)
    _printf_wctomb                           0x08000aa5   Thumb Code   182  _printf_wctomb.o(.text)
    _printf_longlong_dec                     0x08000b61   Thumb Code   108  _printf_longlong_dec.o(.text)
    _printf_longlong_oct                     0x08000bdd   Thumb Code    66  _printf_oct_int_ll.o(.text)
    _printf_int_oct                          0x08000c1f   Thumb Code    24  _printf_oct_int_ll.o(.text)
    _printf_ll_oct                           0x08000c37   Thumb Code    12  _printf_oct_int_ll.o(.text)
    _printf_longlong_hex                     0x08000c4d   Thumb Code    86  _printf_hex_int_ll_ptr.o(.text)
    _printf_int_hex                          0x08000ca3   Thumb Code    28  _printf_hex_int_ll_ptr.o(.text)
    _printf_ll_hex                           0x08000cbf   Thumb Code    12  _printf_hex_int_ll_ptr.o(.text)
    _printf_hex_ptr                          0x08000ccb   Thumb Code    18  _printf_hex_int_ll_ptr.o(.text)
    __rt_locale                              0x08000ce1   Thumb Code     8  rt_locale_intlibspace.o(.text)
    _ll_udiv10                               0x08000ce9   Thumb Code   138  lludiv10.o(.text)
    _printf_int_common                       0x08000d73   Thumb Code   178  _printf_intcommon.o(.text)
    _printf_fp_hex_real                      0x08000e25   Thumb Code   756  _printf_fp_hex.o(.text)
    _printf_fp_infnan                        0x08001121   Thumb Code   112  _printf_fp_infnan.o(.text)
    _printf_cs_common                        0x080011a1   Thumb Code    20  _printf_char.o(.text)
    _printf_char                             0x080011b5   Thumb Code    16  _printf_char.o(.text)
    _printf_string                           0x080011c5   Thumb Code     8  _printf_char.o(.text)
    _printf_lcs_common                       0x080011cd   Thumb Code    20  _printf_wchar.o(.text)
    _printf_wchar                            0x080011e1   Thumb Code    16  _printf_wchar.o(.text)
    _printf_wstring                          0x080011f1   Thumb Code     8  _printf_wchar.o(.text)
    _btod_etento                             0x080011f9   Thumb Code   224  bigflt0.o(.text)
    _wcrtomb                                 0x080012dd   Thumb Code    64  _wcrtomb.o(.text)
    __user_libspace                          0x0800131d   Thumb Code     8  libspace.o(.text)
    __user_perproc_libspace                  0x0800131d   Thumb Code     0  libspace.o(.text)
    __user_perthread_libspace                0x0800131d   Thumb Code     0  libspace.o(.text)
    __user_setup_stackheap                   0x08001325   Thumb Code    74  sys_stackheap_outer.o(.text)
    __rt_ctype_table                         0x08001371   Thumb Code    16  rt_ctype_table.o(.text)
    exit                                     0x08001381   Thumb Code    18  exit.o(.text)
    strcmp                                   0x08001395   Thumb Code   128  strcmpv7m.o(.text)
    _sys_exit                                0x08001415   Thumb Code     8  sys_exit.o(.text)
    __I$use$semihosting                      0x08001421   Thumb Code     0  use_no_semi.o(.text)
    __use_no_semihosting_swi                 0x08001421   Thumb Code     2  use_no_semi.o(.text)
    __semihosting_library_function           0x08001423   Thumb Code     0  indicate_semi.o(.text)
    _btod_d2e                                0x08001423   Thumb Code    62  btod.o(CL$$btod_d2e)
    _d2e_denorm_low                          0x08001461   Thumb Code    70  btod.o(CL$$btod_d2e_denorm_low)
    _d2e_norm_op1                            0x080014a7   Thumb Code    96  btod.o(CL$$btod_d2e_norm_op1)
    __btod_div_common                        0x08001507   Thumb Code   696  btod.o(CL$$btod_div_common)
    _e2e                                     0x0800183f   Thumb Code   220  btod.o(CL$$btod_e2e)
    _btod_ediv                               0x0800191b   Thumb Code    42  btod.o(CL$$btod_ediv)
    _btod_emul                               0x08001945   Thumb Code    42  btod.o(CL$$btod_emul)
    __btod_mult_common                       0x0800196f   Thumb Code   580  btod.o(CL$$btod_mult_common)
    Backward                                 0x08001bb5   Thumb Code    92  bsp_motor.o(i.Backward)
    BusFault_Handler                         0x08001c19   Thumb Code     2  stm32f1xx_it.o(i.BusFault_Handler)
    Change_speed                             0x08001c1d   Thumb Code    20  bsp_track.o(i.Change_speed)
    DebugMon_Handler                         0x08001c35   Thumb Code     2  stm32f1xx_it.o(i.DebugMon_Handler)
    Error_Handler                            0x08001c37   Thumb Code     4  main.o(i.Error_Handler)
    FSMC_NORSRAM_Extended_Timing_Init        0x08001c3d   Thumb Code    56  stm32f1xx_ll_fsmc.o(i.FSMC_NORSRAM_Extended_Timing_Init)
    FSMC_NORSRAM_Init                        0x08001c79   Thumb Code   148  stm32f1xx_ll_fsmc.o(i.FSMC_NORSRAM_Init)
    FSMC_NORSRAM_Timing_Init                 0x08001d11   Thumb Code    64  stm32f1xx_ll_fsmc.o(i.FSMC_NORSRAM_Timing_Init)
    Forward                                  0x08001d55   Thumb Code    90  bsp_motor.o(i.Forward)
    GetSR04Distance                          0x08001db9   Thumb Code    72  bsp_hcsro4.o(i.GetSR04Distance)
    HAL_Delay                                0x08001e1d   Thumb Code    32  stm32f1xx_hal.o(i.HAL_Delay)
    HAL_GPIO_Init                            0x08001e41   Thumb Code   462  stm32f1xx_hal_gpio.o(i.HAL_GPIO_Init)
    HAL_GPIO_ReadPin                         0x08002039   Thumb Code    10  stm32f1xx_hal_gpio.o(i.HAL_GPIO_ReadPin)
    HAL_GPIO_WritePin                        0x08002043   Thumb Code    10  stm32f1xx_hal_gpio.o(i.HAL_GPIO_WritePin)
    HAL_GetTick                              0x0800204d   Thumb Code     6  stm32f1xx_hal.o(i.HAL_GetTick)
    HAL_IncTick                              0x08002059   Thumb Code    12  stm32f1xx_hal.o(i.HAL_IncTick)
    HAL_Init                                 0x08002069   Thumb Code    32  stm32f1xx_hal.o(i.HAL_Init)
    HAL_InitTick                             0x0800208d   Thumb Code    54  stm32f1xx_hal.o(i.HAL_InitTick)
    HAL_MspInit                              0x080020cd   Thumb Code    52  stm32f1xx_hal_msp.o(i.HAL_MspInit)
    HAL_NVIC_EnableIRQ                       0x08002109   Thumb Code    26  stm32f1xx_hal_cortex.o(i.HAL_NVIC_EnableIRQ)
    HAL_NVIC_SetPriority                     0x08002125   Thumb Code    60  stm32f1xx_hal_cortex.o(i.HAL_NVIC_SetPriority)
    HAL_NVIC_SetPriorityGrouping             0x08002165   Thumb Code    26  stm32f1xx_hal_cortex.o(i.HAL_NVIC_SetPriorityGrouping)
    HAL_RCC_ClockConfig                      0x08002189   Thumb Code   280  stm32f1xx_hal_rcc.o(i.HAL_RCC_ClockConfig)
    HAL_RCC_GetPCLK1Freq                     0x080022b5   Thumb Code    20  stm32f1xx_hal_rcc.o(i.HAL_RCC_GetPCLK1Freq)
    HAL_RCC_GetPCLK2Freq                     0x080022d5   Thumb Code    20  stm32f1xx_hal_rcc.o(i.HAL_RCC_GetPCLK2Freq)
    HAL_RCC_GetSysClockFreq                  0x080022f5   Thumb Code    58  stm32f1xx_hal_rcc.o(i.HAL_RCC_GetSysClockFreq)
    HAL_RCC_OscConfig                        0x08002341   Thumb Code   778  stm32f1xx_hal_rcc.o(i.HAL_RCC_OscConfig)
    HAL_SRAM_Init                            0x08002661   Thumb Code    86  stm32f1xx_hal_sram.o(i.HAL_SRAM_Init)
    HAL_SRAM_MspInit                         0x080026b7   Thumb Code     2  stm32f1xx_hal_sram.o(i.HAL_SRAM_MspInit)
    HAL_SYSTICK_Config                       0x080026b9   Thumb Code    40  stm32f1xx_hal_cortex.o(i.HAL_SYSTICK_Config)
    HAL_TIMEx_BreakCallback                  0x080026e1   Thumb Code     2  stm32f1xx_hal_tim_ex.o(i.HAL_TIMEx_BreakCallback)
    HAL_TIMEx_CommutCallback                 0x080026e3   Thumb Code     2  stm32f1xx_hal_tim_ex.o(i.HAL_TIMEx_CommutCallback)
    HAL_TIMEx_ConfigBreakDeadTime            0x080026e5   Thumb Code    84  stm32f1xx_hal_tim_ex.o(i.HAL_TIMEx_ConfigBreakDeadTime)
    HAL_TIMEx_MasterConfigSynchronization    0x08002739   Thumb Code   104  stm32f1xx_hal_tim_ex.o(i.HAL_TIMEx_MasterConfigSynchronization)
    HAL_TIM_Base_Init                        0x080027b5   Thumb Code    90  stm32f1xx_hal_tim.o(i.HAL_TIM_Base_Init)
    HAL_TIM_Base_MspInit                     0x08002811   Thumb Code    30  tim.o(i.HAL_TIM_Base_MspInit)
    HAL_TIM_Base_Start                       0x08002839   Thumb Code    78  stm32f1xx_hal_tim.o(i.HAL_TIM_Base_Start)
    HAL_TIM_ConfigClockSource                0x0800289d   Thumb Code   220  stm32f1xx_hal_tim.o(i.HAL_TIM_ConfigClockSource)
    HAL_TIM_IC_CaptureCallback               0x08002979   Thumb Code   122  tim.o(i.HAL_TIM_IC_CaptureCallback)
    HAL_TIM_IC_ConfigChannel                 0x080029fd   Thumb Code   292  stm32f1xx_hal_tim.o(i.HAL_TIM_IC_ConfigChannel)
    HAL_TIM_IC_Init                          0x08002b21   Thumb Code    90  stm32f1xx_hal_tim.o(i.HAL_TIM_IC_Init)
    HAL_TIM_IC_MspInit                       0x08002b7d   Thumb Code   106  tim.o(i.HAL_TIM_IC_MspInit)
    HAL_TIM_IC_Start_IT                      0x08002bf9   Thumb Code   228  stm32f1xx_hal_tim.o(i.HAL_TIM_IC_Start_IT)
    HAL_TIM_IRQHandler                       0x08002cf1   Thumb Code   358  stm32f1xx_hal_tim.o(i.HAL_TIM_IRQHandler)
    HAL_TIM_MspPostInit                      0x08002e59   Thumb Code   100  tim.o(i.HAL_TIM_MspPostInit)
    HAL_TIM_OC_DelayElapsedCallback          0x08002ed1   Thumb Code     2  stm32f1xx_hal_tim.o(i.HAL_TIM_OC_DelayElapsedCallback)
    HAL_TIM_PWM_ConfigChannel                0x08002ed3   Thumb Code   204  stm32f1xx_hal_tim.o(i.HAL_TIM_PWM_ConfigChannel)
    HAL_TIM_PWM_Init                         0x08002f9f   Thumb Code    90  stm32f1xx_hal_tim.o(i.HAL_TIM_PWM_Init)
    HAL_TIM_PWM_MspInit                      0x08002ff9   Thumb Code    30  tim.o(i.HAL_TIM_PWM_MspInit)
    HAL_TIM_PWM_PulseFinishedCallback        0x08003021   Thumb Code     2  stm32f1xx_hal_tim.o(i.HAL_TIM_PWM_PulseFinishedCallback)
    HAL_TIM_PWM_Start                        0x08003025   Thumb Code   160  stm32f1xx_hal_tim.o(i.HAL_TIM_PWM_Start)
    HAL_TIM_PeriodElapsedCallback            0x080030d9   Thumb Code    38  tim.o(i.HAL_TIM_PeriodElapsedCallback)
    HAL_TIM_ReadCapturedValue                0x08003105   Thumb Code    42  stm32f1xx_hal_tim.o(i.HAL_TIM_ReadCapturedValue)
    HAL_TIM_TriggerCallback                  0x0800312f   Thumb Code     2  stm32f1xx_hal_tim.o(i.HAL_TIM_TriggerCallback)
    HAL_UART_Init                            0x08003131   Thumb Code   100  stm32f1xx_hal_uart.o(i.HAL_UART_Init)
    HAL_UART_MspInit                         0x08003195   Thumb Code   100  usart.o(i.HAL_UART_MspInit)
    HAL_UART_Transmit                        0x08003205   Thumb Code   154  stm32f1xx_hal_uart.o(i.HAL_UART_Transmit)
    HCSR_04_Init                             0x080032a1   Thumb Code    44  bsp_hcsro4.o(i.HCSR_04_Init)
    HardFault_Handler                        0x080032d1   Thumb Code     2  stm32f1xx_it.o(i.HardFault_Handler)
    ILI9341_BackLed_Control                  0x080032d5   Thumb Code    16  bsp_ili9341_lcd.o(i.ILI9341_BackLed_Control)
    ILI9341_Clear                            0x080032e9   Thumb Code    26  bsp_ili9341_lcd.o(i.ILI9341_Clear)
    ILI9341_DispChar_EN                      0x08003319   Thumb Code    98  bsp_ili9341_lcd.o(i.ILI9341_DispChar_EN)
    ILI9341_DispStringLine_EN                0x08003385   Thumb Code    72  bsp_ili9341_lcd.o(i.ILI9341_DispStringLine_EN)
    ILI9341_GramScan                         0x080034f9   Thumb Code   126  bsp_ili9341_lcd.o(i.ILI9341_GramScan)
    ILI9341_Init                             0x08003581   Thumb Code    36  bsp_ili9341_lcd.o(i.ILI9341_Init)
    ILI9341_OpenWindow                       0x080035a9   Thumb Code    58  bsp_ili9341_lcd.o(i.ILI9341_OpenWindow)
    ILI9341_ReadID                           0x080038c9   Thumb Code    68  bsp_ili9341_lcd.o(i.ILI9341_ReadID)
    ILI9341_Rst                              0x08003911   Thumb Code    34  bsp_ili9341_lcd.o(i.ILI9341_Rst)
    LCD_ClearLine                            0x08003939   Thumb Code    16  bsp_ili9341_lcd.o(i.LCD_ClearLine)
    LCD_GetFont                              0x0800394d   Thumb Code     6  bsp_ili9341_lcd.o(i.LCD_GetFont)
    LCD_SetColors                            0x08003959   Thumb Code     8  bsp_ili9341_lcd.o(i.LCD_SetColors)
    LCD_SetFont                              0x08003965   Thumb Code     6  bsp_ili9341_lcd.o(i.LCD_SetFont)
    MX_GPIO_Init                             0x08003971   Thumb Code   160  gpio.o(i.MX_GPIO_Init)
    MX_TIM1_Init                             0x08003a21   Thumb Code   152  tim.o(i.MX_TIM1_Init)
    MX_TIM3_Init                             0x08003ac1   Thumb Code   100  tim.o(i.MX_TIM3_Init)
    MX_TIM4_Init                             0x08003b2d   Thumb Code   190  tim.o(i.MX_TIM4_Init)
    MX_USART1_UART_Init                      0x08003bf5   Thumb Code    48  usart.o(i.MX_USART1_UART_Init)
    MemManage_Handler                        0x08003c2d   Thumb Code     2  stm32f1xx_it.o(i.MemManage_Handler)
    NMI_Handler                              0x08003c2f   Thumb Code     2  stm32f1xx_it.o(i.NMI_Handler)
    PendSV_Handler                           0x08003c31   Thumb Code     2  stm32f1xx_it.o(i.PendSV_Handler)
    SG90_GetAngle                            0x08003c35   Thumb Code    32  bsp_servo.o(i.SG90_GetAngle)
    SG90_Init                                0x08003c65   Thumb Code     6  bsp_servo.o(i.SG90_Init)
    SG90_TurnL                               0x08003c71   Thumb Code     6  bsp_servo.o(i.SG90_TurnL)
    SG90_TurnR                               0x08003c7d   Thumb Code     6  bsp_servo.o(i.SG90_TurnR)
    SVC_Handler                              0x08003c89   Thumb Code     2  stm32f1xx_it.o(i.SVC_Handler)
    Stopward                                 0x08003c8d   Thumb Code    90  bsp_motor.o(i.Stopward)
    SysTick_Handler                          0x08003cf1   Thumb Code     4  stm32f1xx_it.o(i.SysTick_Handler)
    SystemClock_Config                       0x08003cf5   Thumb Code    94  main.o(i.SystemClock_Config)
    SystemInit                               0x08003d53   Thumb Code     2  system_stm32f1xx.o(i.SystemInit)
    TIM3_IRQHandler                          0x08003d55   Thumb Code     6  stm32f1xx_it.o(i.TIM3_IRQHandler)
    TIM_Base_SetConfig                       0x08003d61   Thumb Code   120  stm32f1xx_hal_tim.o(i.TIM_Base_SetConfig)
    TIM_CCxChannelCmd                        0x08003ded   Thumb Code    26  stm32f1xx_hal_tim.o(i.TIM_CCxChannelCmd)
    TIM_ETR_SetConfig                        0x08003e07   Thumb Code    20  stm32f1xx_hal_tim.o(i.TIM_ETR_SetConfig)
    TIM_OC2_SetConfig                        0x08003e8d   Thumb Code    98  stm32f1xx_hal_tim.o(i.TIM_OC2_SetConfig)
    TIM_TI1_SetConfig                        0x08003fd5   Thumb Code    88  stm32f1xx_hal_tim.o(i.TIM_TI1_SetConfig)
    Turn_Left                                0x0800409d   Thumb Code    90  bsp_motor.o(i.Turn_Left)
    Turn_Right                               0x08004101   Thumb Code    92  bsp_motor.o(i.Turn_Right)
    UsageFault_Handler                       0x08004295   Thumb Code     2  stm32f1xx_it.o(i.UsageFault_Handler)
    __ARM_fpclassify                         0x08004297   Thumb Code    40  fpclassify.o(i.__ARM_fpclassify)
    _is_digit                                0x080042df   Thumb Code    14  __printf_wp.o(i._is_digit)
    main                                     0x080042ed   Thumb Code   166  main.o(i.main)
    ultrasonic_waves                         0x080043dd   Thumb Code   612  bsp_track.o(i.ultrasonic_waves)
    usart_printf                             0x08004691   Thumb Code    44  bsp_user_debug.o(i.usart_printf)
    _get_lc_numeric                          0x080046c9   Thumb Code    44  lc_numeric_c.o(locale$$code)
    _get_lc_ctype                            0x080046f5   Thumb Code    44  lc_ctype_c.o(locale$$code)
    __aeabi_d2f                              0x08004721   Thumb Code     0  d2f.o(x$fpl$d2f)
    _d2f                                     0x08004721   Thumb Code    98  d2f.o(x$fpl$d2f)
    __aeabi_ddiv                             0x08004785   Thumb Code     0  ddiv.o(x$fpl$ddiv)
    _ddiv                                    0x08004785   Thumb Code   552  ddiv.o(x$fpl$ddiv)
    __aeabi_ui2d                             0x08004a35   Thumb Code     0  dflt_clz.o(x$fpl$dfltu)
    _dfltu                                   0x08004a35   Thumb Code    38  dflt_clz.o(x$fpl$dfltu)
    __aeabi_dmul                             0x08004a5d   Thumb Code     0  dmul.o(x$fpl$dmul)
    _dmul                                    0x08004a5d   Thumb Code   332  dmul.o(x$fpl$dmul)
    __fpl_dnaninf                            0x08004bb1   Thumb Code   156  dnaninf.o(x$fpl$dnaninf)
    __fpl_dretinf                            0x08004c4d   Thumb Code    12  dretinf.o(x$fpl$dretinf)
    __aeabi_f2d                              0x08004c59   Thumb Code     0  f2d.o(x$fpl$f2d)
    _f2d                                     0x08004c59   Thumb Code    86  f2d.o(x$fpl$f2d)
    __aeabi_fadd                             0x08004cb1   Thumb Code     0  faddsub_clz.o(x$fpl$fadd)
    _fadd                                    0x08004cb1   Thumb Code   196  faddsub_clz.o(x$fpl$fadd)
    __fpl_fcmp_Inf                           0x08004d75   Thumb Code    24  fcmpi.o(x$fpl$fcmpinf)
    __aeabi_fdiv                             0x08004d8d   Thumb Code     0  fdiv.o(x$fpl$fdiv)
    _fdiv                                    0x08004d8d   Thumb Code   384  fdiv.o(x$fpl$fdiv)
    __aeabi_f2uiz                            0x08004f11   Thumb Code     0  ffixu.o(x$fpl$ffixu)
    _ffixu                                   0x08004f11   Thumb Code    62  ffixu.o(x$fpl$ffixu)
    __aeabi_cfcmple                          0x08004f51   Thumb Code     0  fleqf.o(x$fpl$fleqf)
    _fcmple                                  0x08004f51   Thumb Code   104  fleqf.o(x$fpl$fleqf)
    __fpl_fcmple_InfNaN                      0x08004fa3   Thumb Code     0  fleqf.o(x$fpl$fleqf)
    __aeabi_fmul                             0x08004fb9   Thumb Code     0  fmul.o(x$fpl$fmul)
    _fmul                                    0x08004fb9   Thumb Code   258  fmul.o(x$fpl$fmul)
    __fpl_fnaninf                            0x080050bb   Thumb Code   140  fnaninf.o(x$fpl$fnaninf)
    __fpl_fretinf                            0x08005147   Thumb Code    10  fretinf.o(x$fpl$fretinf)
    __aeabi_cfrcmple                         0x08005151   Thumb Code     0  frleqf.o(x$fpl$frleqf)
    _frcmple                                 0x08005151   Thumb Code    98  frleqf.o(x$fpl$frleqf)
    __aeabi_fsub                             0x080051b5   Thumb Code     0  faddsub_clz.o(x$fpl$fsub)
    _fsub                                    0x080051b5   Thumb Code   234  faddsub_clz.o(x$fpl$fsub)
    _printf_fp_dec                           0x0800529f   Thumb Code     4  printf1.o(x$fpl$printf1)
    _printf_fp_hex                           0x080052a3   Thumb Code     4  printf2.o(x$fpl$printf2)
    ASCII8x16_Table                          0x080052a6   Data        1520  fonts.o(.constdata)
    __I$use$fp                               0x080052a6   Number         0  usenofp.o(x$fpl$usenofp)
    AHBPrescTable                            0x080058a8   Data          16  system_stm32f1xx.o(.constdata)
    APBPrescTable                            0x080058b8   Data           8  system_stm32f1xx.o(.constdata)
    Region$$Table$$Base                      0x080059c0   Number         0  anon$$obj.o(Region$$Table)
    Region$$Table$$Limit                     0x080059e0   Number         0  anon$$obj.o(Region$$Table)
    __ctype                                  0x08005a09   Data           0  lc_ctype_c.o(locale$$data)
    unit_change                              0x20000000   Data           1  bsp_hcsro4.o(.data)
    Font8x16                                 0x2000000c   Data           8  fonts.o(.data)
    LCD_SCAN_MODE                            0x20000014   Data           1  bsp_ili9341_lcd.o(.data)
    LCD_X_LENGTH                             0x20000016   Data           2  bsp_ili9341_lcd.o(.data)
    LCD_Y_LENGTH                             0x20000018   Data           2  bsp_ili9341_lcd.o(.data)
    lcdid                                    0x2000001a   Data           2  bsp_ili9341_lcd.o(.data)
    TIM3CH2_CAPTURE_STA                      0x20000024   Data           1  tim.o(.data)
    TIM3CH2_CAPTURE_VAL                      0x20000026   Data           2  tim.o(.data)
    uwTickFreq                               0x20000028   Data           1  stm32f1xx_hal.o(.data)
    uwTickPrio                               0x2000002c   Data           4  stm32f1xx_hal.o(.data)
    uwTick                                   0x20000030   Data           4  stm32f1xx_hal.o(.data)
    SystemCoreClock                          0x20000034   Data           4  system_stm32f1xx.o(.data)
    distance_res                             0x20000038   Data          20  bsp_track.o(.bss)
    dispBuff                                 0x2000004c   Data         100  bsp_track.o(.bss)
    htim1                                    0x20000210   Data          72  tim.o(.bss)
    htim3                                    0x20000258   Data          72  tim.o(.bss)
    htim4                                    0x200002a0   Data          72  tim.o(.bss)
    huart1                                   0x200002e8   Data          72  usart.o(.bss)
    __libspace_start                         0x20000330   Data          96  libspace.o(.bss)
    __temporary_stack_top$libspace           0x20000390   Data           0  libspace.o(.bss)



==============================================================================

Memory Map of the image

  Image Entry point : 0x08000131

  Load Region LR_IROM1 (Base: 0x08000000, Size: 0x00005b44, Max: 0x00080000, ABSOLUTE)

    Execution Region ER_IROM1 (Exec base: 0x08000000, Load base: 0x08000000, Size: 0x00005b0c, Max: 0x00080000, ABSOLUTE)

    Exec Addr    Load Addr    Size         Type   Attr      Idx    E Section Name        Object

    0x08000000   0x08000000   0x00000130   Data   RO            3    RESET               startup_stm32f103xe.o
    0x08000130   0x08000130   0x00000008   Code   RO         3663  * !!!main             c_w.l(__main.o)
    0x08000138   0x08000138   0x00000034   Code   RO         4006    !!!scatter          c_w.l(__scatter.o)
    0x0800016c   0x0800016c   0x0000001a   Code   RO         4008    !!handler_copy      c_w.l(__scatter_copy.o)
    0x08000186   0x08000186   0x00000002   PAD
    0x08000188   0x08000188   0x0000001c   Code   RO         4010    !!handler_zi        c_w.l(__scatter_zi.o)
    0x080001a4   0x080001a4   0x00000000   Code   RO         3658    .ARM.Collect$$_printf_percent$$00000000  c_w.l(_printf_percent.o)
    0x080001a4   0x080001a4   0x00000006   Code   RO         3754    .ARM.Collect$$_printf_percent$$00000001  c_w.l(_printf_n.o)
    0x080001aa   0x080001aa   0x00000006   Code   RO         3756    .ARM.Collect$$_printf_percent$$00000002  c_w.l(_printf_p.o)
    0x080001b0   0x080001b0   0x00000006   Code   RO         3657    .ARM.Collect$$_printf_percent$$00000003  c_w.l(_printf_f.o)
    0x080001b6   0x080001b6   0x00000006   Code   RO         3761    .ARM.Collect$$_printf_percent$$00000004  c_w.l(_printf_e.o)
    0x080001bc   0x080001bc   0x00000006   Code   RO         3762    .ARM.Collect$$_printf_percent$$00000005  c_w.l(_printf_g.o)
    0x080001c2   0x080001c2   0x00000006   Code   RO         3763    .ARM.Collect$$_printf_percent$$00000006  c_w.l(_printf_a.o)
    0x080001c8   0x080001c8   0x0000000a   Code   RO         3768    .ARM.Collect$$_printf_percent$$00000007  c_w.l(_printf_ll.o)
    0x080001d2   0x080001d2   0x00000006   Code   RO         3758    .ARM.Collect$$_printf_percent$$00000008  c_w.l(_printf_i.o)
    0x080001d8   0x080001d8   0x00000006   Code   RO         3759    .ARM.Collect$$_printf_percent$$00000009  c_w.l(_printf_d.o)
    0x080001de   0x080001de   0x00000006   Code   RO         3760    .ARM.Collect$$_printf_percent$$0000000A  c_w.l(_printf_u.o)
    0x080001e4   0x080001e4   0x00000006   Code   RO         3757    .ARM.Collect$$_printf_percent$$0000000B  c_w.l(_printf_o.o)
    0x080001ea   0x080001ea   0x00000006   Code   RO         3755    .ARM.Collect$$_printf_percent$$0000000C  c_w.l(_printf_x.o)
    0x080001f0   0x080001f0   0x00000006   Code   RO         3765    .ARM.Collect$$_printf_percent$$0000000D  c_w.l(_printf_lli.o)
    0x080001f6   0x080001f6   0x00000006   Code   RO         3766    .ARM.Collect$$_printf_percent$$0000000E  c_w.l(_printf_lld.o)
    0x080001fc   0x080001fc   0x00000006   Code   RO         3767    .ARM.Collect$$_printf_percent$$0000000F  c_w.l(_printf_llu.o)
    0x08000202   0x08000202   0x00000006   Code   RO         3772    .ARM.Collect$$_printf_percent$$00000010  c_w.l(_printf_llo.o)
    0x08000208   0x08000208   0x00000006   Code   RO         3773    .ARM.Collect$$_printf_percent$$00000011  c_w.l(_printf_llx.o)
    0x0800020e   0x0800020e   0x0000000a   Code   RO         3769    .ARM.Collect$$_printf_percent$$00000012  c_w.l(_printf_l.o)
    0x08000218   0x08000218   0x00000006   Code   RO         3752    .ARM.Collect$$_printf_percent$$00000013  c_w.l(_printf_c.o)
    0x0800021e   0x0800021e   0x00000006   Code   RO         3753    .ARM.Collect$$_printf_percent$$00000014  c_w.l(_printf_s.o)
    0x08000224   0x08000224   0x00000006   Code   RO         3770    .ARM.Collect$$_printf_percent$$00000015  c_w.l(_printf_lc.o)
    0x0800022a   0x0800022a   0x00000006   Code   RO         3771    .ARM.Collect$$_printf_percent$$00000016  c_w.l(_printf_ls.o)
    0x08000230   0x08000230   0x00000004   Code   RO         3764    .ARM.Collect$$_printf_percent$$00000017  c_w.l(_printf_percent_end.o)
    0x08000234   0x08000234   0x00000002   Code   RO         3876    .ARM.Collect$$libinit$$00000000  c_w.l(libinit.o)
    0x08000236   0x08000236   0x00000000   Code   RO         3878    .ARM.Collect$$libinit$$00000002  c_w.l(libinit2.o)
    0x08000236   0x08000236   0x00000000   Code   RO         3880    .ARM.Collect$$libinit$$00000004  c_w.l(libinit2.o)
    0x08000236   0x08000236   0x00000000   Code   RO         3883    .ARM.Collect$$libinit$$0000000A  c_w.l(libinit2.o)
    0x08000236   0x08000236   0x00000000   Code   RO         3885    .ARM.Collect$$libinit$$0000000C  c_w.l(libinit2.o)
    0x08000236   0x08000236   0x00000000   Code   RO         3887    .ARM.Collect$$libinit$$0000000E  c_w.l(libinit2.o)
    0x08000236   0x08000236   0x00000006   Code   RO         3888    .ARM.Collect$$libinit$$0000000F  c_w.l(libinit2.o)
    0x0800023c   0x0800023c   0x00000000   Code   RO         3890    .ARM.Collect$$libinit$$00000011  c_w.l(libinit2.o)
    0x0800023c   0x0800023c   0x0000000c   Code   RO         3891    .ARM.Collect$$libinit$$00000012  c_w.l(libinit2.o)
    0x08000248   0x08000248   0x00000000   Code   RO         3892    .ARM.Collect$$libinit$$00000013  c_w.l(libinit2.o)
    0x08000248   0x08000248   0x00000000   Code   RO         3894    .ARM.Collect$$libinit$$00000015  c_w.l(libinit2.o)
    0x08000248   0x08000248   0x0000000a   Code   RO         3895    .ARM.Collect$$libinit$$00000016  c_w.l(libinit2.o)
    0x08000252   0x08000252   0x00000000   Code   RO         3896    .ARM.Collect$$libinit$$00000017  c_w.l(libinit2.o)
    0x08000252   0x08000252   0x00000000   Code   RO         3898    .ARM.Collect$$libinit$$00000019  c_w.l(libinit2.o)
    0x08000252   0x08000252   0x00000000   Code   RO         3900    .ARM.Collect$$libinit$$0000001B  c_w.l(libinit2.o)
    0x08000252   0x08000252   0x00000000   Code   RO         3902    .ARM.Collect$$libinit$$0000001D  c_w.l(libinit2.o)
    0x08000252   0x08000252   0x00000000   Code   RO         3904    .ARM.Collect$$libinit$$0000001F  c_w.l(libinit2.o)
    0x08000252   0x08000252   0x00000000   Code   RO         3906    .ARM.Collect$$libinit$$00000021  c_w.l(libinit2.o)
    0x08000252   0x08000252   0x00000000   Code   RO         3908    .ARM.Collect$$libinit$$00000023  c_w.l(libinit2.o)
    0x08000252   0x08000252   0x00000000   Code   RO         3910    .ARM.Collect$$libinit$$00000025  c_w.l(libinit2.o)
    0x08000252   0x08000252   0x00000000   Code   RO         3914    .ARM.Collect$$libinit$$0000002C  c_w.l(libinit2.o)
    0x08000252   0x08000252   0x00000000   Code   RO         3916    .ARM.Collect$$libinit$$0000002E  c_w.l(libinit2.o)
    0x08000252   0x08000252   0x00000000   Code   RO         3918    .ARM.Collect$$libinit$$00000030  c_w.l(libinit2.o)
    0x08000252   0x08000252   0x00000000   Code   RO         3920    .ARM.Collect$$libinit$$00000032  c_w.l(libinit2.o)
    0x08000252   0x08000252   0x00000002   Code   RO         3921    .ARM.Collect$$libinit$$00000033  c_w.l(libinit2.o)
    0x08000254   0x08000254   0x00000002   Code   RO         3954    .ARM.Collect$$libshutdown$$00000000  c_w.l(libshutdown.o)
    0x08000256   0x08000256   0x00000000   Code   RO         3965    .ARM.Collect$$libshutdown$$00000002  c_w.l(libshutdown2.o)
    0x08000256   0x08000256   0x00000000   Code   RO         3967    .ARM.Collect$$libshutdown$$00000004  c_w.l(libshutdown2.o)
    0x08000256   0x08000256   0x00000000   Code   RO         3970    .ARM.Collect$$libshutdown$$00000007  c_w.l(libshutdown2.o)
    0x08000256   0x08000256   0x00000000   Code   RO         3973    .ARM.Collect$$libshutdown$$0000000A  c_w.l(libshutdown2.o)
    0x08000256   0x08000256   0x00000000   Code   RO         3975    .ARM.Collect$$libshutdown$$0000000C  c_w.l(libshutdown2.o)
    0x08000256   0x08000256   0x00000000   Code   RO         3978    .ARM.Collect$$libshutdown$$0000000F  c_w.l(libshutdown2.o)
    0x08000256   0x08000256   0x00000002   Code   RO         3979    .ARM.Collect$$libshutdown$$00000010  c_w.l(libshutdown2.o)
    0x08000258   0x08000258   0x00000000   Code   RO         3703    .ARM.Collect$$rtentry$$00000000  c_w.l(__rtentry.o)
    0x08000258   0x08000258   0x00000000   Code   RO         3792    .ARM.Collect$$rtentry$$00000002  c_w.l(__rtentry2.o)
    0x08000258   0x08000258   0x00000006   Code   RO         3804    .ARM.Collect$$rtentry$$00000004  c_w.l(__rtentry4.o)
    0x0800025e   0x0800025e   0x00000000   Code   RO         3794    .ARM.Collect$$rtentry$$00000009  c_w.l(__rtentry2.o)
    0x0800025e   0x0800025e   0x00000004   Code   RO         3795    .ARM.Collect$$rtentry$$0000000A  c_w.l(__rtentry2.o)
    0x08000262   0x08000262   0x00000000   Code   RO         3797    .ARM.Collect$$rtentry$$0000000C  c_w.l(__rtentry2.o)
    0x08000262   0x08000262   0x00000008   Code   RO         3798    .ARM.Collect$$rtentry$$0000000D  c_w.l(__rtentry2.o)
    0x0800026a   0x0800026a   0x00000002   Code   RO         3922    .ARM.Collect$$rtexit$$00000000  c_w.l(rtexit.o)
    0x0800026c   0x0800026c   0x00000000   Code   RO         3932    .ARM.Collect$$rtexit$$00000002  c_w.l(rtexit2.o)
    0x0800026c   0x0800026c   0x00000004   Code   RO         3933    .ARM.Collect$$rtexit$$00000003  c_w.l(rtexit2.o)
    0x08000270   0x08000270   0x00000006   Code   RO         3934    .ARM.Collect$$rtexit$$00000004  c_w.l(rtexit2.o)
    0x08000276   0x08000276   0x00000002   PAD
    0x08000278   0x08000278   0x00000040   Code   RO            4    .text               startup_stm32f103xe.o
    0x080002b8   0x080002b8   0x00000024   Code   RO         3629    .text               c_w.l(vsprintf.o)
    0x080002dc   0x080002dc   0x0000002c   Code   RO         3631    .text               c_w.l(__2sprintf.o)
    0x08000308   0x08000308   0x00000188   Code   RO         3654    .text               c_w.l(__printf_flags_ss_wp.o)
    0x08000490   0x08000490   0x0000004e   Code   RO         3659    .text               c_w.l(rt_memclr_w.o)
    0x080004de   0x080004de   0x00000006   Code   RO         3661    .text               c_w.l(heapauxi.o)
    0x080004e4   0x080004e4   0x0000004e   Code   RO         3704    .text               c_w.l(_printf_pad.o)
    0x08000532   0x08000532   0x00000024   Code   RO         3706    .text               c_w.l(_printf_truncate.o)
    0x08000556   0x08000556   0x00000052   Code   RO         3708    .text               c_w.l(_printf_str.o)
    0x080005a8   0x080005a8   0x00000078   Code   RO         3710    .text               c_w.l(_printf_dec.o)
    0x08000620   0x08000620   0x00000028   Code   RO         3712    .text               c_w.l(_printf_charcount.o)
    0x08000648   0x08000648   0x0000041e   Code   RO         3714    .text               c_w.l(_printf_fp_dec.o)
    0x08000a66   0x08000a66   0x00000002   PAD
    0x08000a68   0x08000a68   0x00000030   Code   RO         3716    .text               c_w.l(_printf_char_common.o)
    0x08000a98   0x08000a98   0x0000000a   Code   RO         3718    .text               c_w.l(_sputc.o)
    0x08000aa2   0x08000aa2   0x00000002   PAD
    0x08000aa4   0x08000aa4   0x000000bc   Code   RO         3720    .text               c_w.l(_printf_wctomb.o)
    0x08000b60   0x08000b60   0x0000007c   Code   RO         3723    .text               c_w.l(_printf_longlong_dec.o)
    0x08000bdc   0x08000bdc   0x00000070   Code   RO         3729    .text               c_w.l(_printf_oct_int_ll.o)
    0x08000c4c   0x08000c4c   0x00000094   Code   RO         3749    .text               c_w.l(_printf_hex_int_ll_ptr.o)
    0x08000ce0   0x08000ce0   0x00000008   Code   RO         3809    .text               c_w.l(rt_locale_intlibspace.o)
    0x08000ce8   0x08000ce8   0x0000008a   Code   RO         3811    .text               c_w.l(lludiv10.o)
    0x08000d72   0x08000d72   0x000000b2   Code   RO         3813    .text               c_w.l(_printf_intcommon.o)
    0x08000e24   0x08000e24   0x000002fc   Code   RO         3815    .text               c_w.l(_printf_fp_hex.o)
    0x08001120   0x08001120   0x00000080   Code   RO         3818    .text               c_w.l(_printf_fp_infnan.o)
    0x080011a0   0x080011a0   0x0000002c   Code   RO         3822    .text               c_w.l(_printf_char.o)
    0x080011cc   0x080011cc   0x0000002c   Code   RO         3824    .text               c_w.l(_printf_wchar.o)
    0x080011f8   0x080011f8   0x000000e4   Code   RO         3826    .text               c_w.l(bigflt0.o)
    0x080012dc   0x080012dc   0x00000040   Code   RO         3851    .text               c_w.l(_wcrtomb.o)
    0x0800131c   0x0800131c   0x00000008   Code   RO         3860    .text               c_w.l(libspace.o)
    0x08001324   0x08001324   0x0000004a   Code   RO         3863    .text               c_w.l(sys_stackheap_outer.o)
    0x0800136e   0x0800136e   0x00000002   PAD
    0x08001370   0x08001370   0x00000010   Code   RO         3865    .text               c_w.l(rt_ctype_table.o)
    0x08001380   0x08001380   0x00000012   Code   RO         3867    .text               c_w.l(exit.o)
    0x08001392   0x08001392   0x00000002   PAD
    0x08001394   0x08001394   0x00000080   Code   RO         3869    .text               c_w.l(strcmpv7m.o)
    0x08001414   0x08001414   0x0000000c   Code   RO         3944    .text               c_w.l(sys_exit.o)
    0x08001420   0x08001420   0x00000002   Code   RO         3955    .text               c_w.l(use_no_semi.o)
    0x08001422   0x08001422   0x00000000   Code   RO         3957    .text               c_w.l(indicate_semi.o)
    0x08001422   0x08001422   0x0000003e   Code   RO         3829    CL$$btod_d2e        c_w.l(btod.o)
    0x08001460   0x08001460   0x00000046   Code   RO         3831    CL$$btod_d2e_denorm_low  c_w.l(btod.o)
    0x080014a6   0x080014a6   0x00000060   Code   RO         3830    CL$$btod_d2e_norm_op1  c_w.l(btod.o)
    0x08001506   0x08001506   0x00000338   Code   RO         3839    CL$$btod_div_common  c_w.l(btod.o)
    0x0800183e   0x0800183e   0x000000dc   Code   RO         3836    CL$$btod_e2e        c_w.l(btod.o)
    0x0800191a   0x0800191a   0x0000002a   Code   RO         3833    CL$$btod_ediv       c_w.l(btod.o)
    0x08001944   0x08001944   0x0000002a   Code   RO         3832    CL$$btod_emul       c_w.l(btod.o)
    0x0800196e   0x0800196e   0x00000244   Code   RO         3838    CL$$btod_mult_common  c_w.l(btod.o)
    0x08001bb2   0x08001bb2   0x00000002   PAD
    0x08001bb4   0x08001bb4   0x00000064   Code   RO           13    i.Backward          bsp_motor.o
    0x08001c18   0x08001c18   0x00000002   Code   RO          854    i.BusFault_Handler  stm32f1xx_it.o
    0x08001c1a   0x08001c1a   0x00000002   PAD
    0x08001c1c   0x08001c1c   0x00000018   Code   RO          166    i.Change_speed      bsp_track.o
    0x08001c34   0x08001c34   0x00000002   Code   RO          855    i.DebugMon_Handler  stm32f1xx_it.o
    0x08001c36   0x08001c36   0x00000004   Code   RO          651    i.Error_Handler     main.o
    0x08001c3a   0x08001c3a   0x00000002   PAD
    0x08001c3c   0x08001c3c   0x0000003c   Code   RO         3472    i.FSMC_NORSRAM_Extended_Timing_Init  stm32f1xx_ll_fsmc.o
    0x08001c78   0x08001c78   0x00000098   Code   RO         3473    i.FSMC_NORSRAM_Init  stm32f1xx_ll_fsmc.o
    0x08001d10   0x08001d10   0x00000044   Code   RO         3474    i.FSMC_NORSRAM_Timing_Init  stm32f1xx_ll_fsmc.o
    0x08001d54   0x08001d54   0x00000064   Code   RO           14    i.Forward           bsp_motor.o
    0x08001db8   0x08001db8   0x00000064   Code   RO          225    i.GetSR04Distance   bsp_hcsro4.o
    0x08001e1c   0x08001e1c   0x00000024   Code   RO         1975    i.HAL_Delay         stm32f1xx_hal.o
    0x08001e40   0x08001e40   0x000001f8   Code   RO         2285    i.HAL_GPIO_Init     stm32f1xx_hal_gpio.o
    0x08002038   0x08002038   0x0000000a   Code   RO         2287    i.HAL_GPIO_ReadPin  stm32f1xx_hal_gpio.o
    0x08002042   0x08002042   0x0000000a   Code   RO         2289    i.HAL_GPIO_WritePin  stm32f1xx_hal_gpio.o
    0x0800204c   0x0800204c   0x0000000c   Code   RO         1979    i.HAL_GetTick       stm32f1xx_hal.o
    0x08002058   0x08002058   0x00000010   Code   RO         1985    i.HAL_IncTick       stm32f1xx_hal.o
    0x08002068   0x08002068   0x00000024   Code   RO         1986    i.HAL_Init          stm32f1xx_hal.o
    0x0800208c   0x0800208c   0x00000040   Code   RO         1987    i.HAL_InitTick      stm32f1xx_hal.o
    0x080020cc   0x080020cc   0x0000003c   Code   RO          935    i.HAL_MspInit       stm32f1xx_hal_msp.o
    0x08002108   0x08002108   0x0000001a   Code   RO         2445    i.HAL_NVIC_EnableIRQ  stm32f1xx_hal_cortex.o
    0x08002122   0x08002122   0x00000002   PAD
    0x08002124   0x08002124   0x00000040   Code   RO         2451    i.HAL_NVIC_SetPriority  stm32f1xx_hal_cortex.o
    0x08002164   0x08002164   0x00000024   Code   RO         2452    i.HAL_NVIC_SetPriorityGrouping  stm32f1xx_hal_cortex.o
    0x08002188   0x08002188   0x0000012c   Code   RO         2143    i.HAL_RCC_ClockConfig  stm32f1xx_hal_rcc.o
    0x080022b4   0x080022b4   0x00000020   Code   RO         2150    i.HAL_RCC_GetPCLK1Freq  stm32f1xx_hal_rcc.o
    0x080022d4   0x080022d4   0x00000020   Code   RO         2151    i.HAL_RCC_GetPCLK2Freq  stm32f1xx_hal_rcc.o
    0x080022f4   0x080022f4   0x0000004c   Code   RO         2152    i.HAL_RCC_GetSysClockFreq  stm32f1xx_hal_rcc.o
    0x08002340   0x08002340   0x00000320   Code   RO         2155    i.HAL_RCC_OscConfig  stm32f1xx_hal_rcc.o
    0x08002660   0x08002660   0x00000056   Code   RO         3348    i.HAL_SRAM_Init     stm32f1xx_hal_sram.o
    0x080026b6   0x080026b6   0x00000002   Code   RO         3350    i.HAL_SRAM_MspInit  stm32f1xx_hal_sram.o
    0x080026b8   0x080026b8   0x00000028   Code   RO         2456    i.HAL_SYSTICK_Config  stm32f1xx_hal_cortex.o
    0x080026e0   0x080026e0   0x00000002   Code   RO         1701    i.HAL_TIMEx_BreakCallback  stm32f1xx_hal_tim_ex.o
    0x080026e2   0x080026e2   0x00000002   Code   RO         1702    i.HAL_TIMEx_CommutCallback  stm32f1xx_hal_tim_ex.o
    0x080026e4   0x080026e4   0x00000054   Code   RO         1704    i.HAL_TIMEx_ConfigBreakDeadTime  stm32f1xx_hal_tim_ex.o
    0x08002738   0x08002738   0x0000007c   Code   RO         1720    i.HAL_TIMEx_MasterConfigSynchronization  stm32f1xx_hal_tim_ex.o
    0x080027b4   0x080027b4   0x0000005a   Code   RO          997    i.HAL_TIM_Base_Init  stm32f1xx_hal_tim.o
    0x0800280e   0x0800280e   0x00000002   PAD
    0x08002810   0x08002810   0x00000028   Code   RO          712    i.HAL_TIM_Base_MspInit  tim.o
    0x08002838   0x08002838   0x00000064   Code   RO         1000    i.HAL_TIM_Base_Start  stm32f1xx_hal_tim.o
    0x0800289c   0x0800289c   0x000000dc   Code   RO         1006    i.HAL_TIM_ConfigClockSource  stm32f1xx_hal_tim.o
    0x08002978   0x08002978   0x00000084   Code   RO          713    i.HAL_TIM_IC_CaptureCallback  tim.o
    0x080029fc   0x080029fc   0x00000124   Code   RO         1033    i.HAL_TIM_IC_ConfigChannel  stm32f1xx_hal_tim.o
    0x08002b20   0x08002b20   0x0000005a   Code   RO         1036    i.HAL_TIM_IC_Init   stm32f1xx_hal_tim.o
    0x08002b7a   0x08002b7a   0x00000002   PAD
    0x08002b7c   0x08002b7c   0x0000007c   Code   RO          715    i.HAL_TIM_IC_MspInit  tim.o
    0x08002bf8   0x08002bf8   0x000000f8   Code   RO         1041    i.HAL_TIM_IC_Start_IT  stm32f1xx_hal_tim.o
    0x08002cf0   0x08002cf0   0x00000166   Code   RO         1045    i.HAL_TIM_IRQHandler  stm32f1xx_hal_tim.o
    0x08002e56   0x08002e56   0x00000002   PAD
    0x08002e58   0x08002e58   0x00000078   Code   RO          716    i.HAL_TIM_MspPostInit  tim.o
    0x08002ed0   0x08002ed0   0x00000002   Code   RO         1048    i.HAL_TIM_OC_DelayElapsedCallback  stm32f1xx_hal_tim.o
    0x08002ed2   0x08002ed2   0x000000cc   Code   RO         1069    i.HAL_TIM_PWM_ConfigChannel  stm32f1xx_hal_tim.o
    0x08002f9e   0x08002f9e   0x0000005a   Code   RO         1072    i.HAL_TIM_PWM_Init  stm32f1xx_hal_tim.o
    0x08002ff8   0x08002ff8   0x00000028   Code   RO          718    i.HAL_TIM_PWM_MspInit  tim.o
    0x08003020   0x08003020   0x00000002   Code   RO         1075    i.HAL_TIM_PWM_PulseFinishedCallback  stm32f1xx_hal_tim.o
    0x08003022   0x08003022   0x00000002   PAD
    0x08003024   0x08003024   0x000000b4   Code   RO         1077    i.HAL_TIM_PWM_Start  stm32f1xx_hal_tim.o
    0x080030d8   0x080030d8   0x0000002c   Code   RO          719    i.HAL_TIM_PeriodElapsedCallback  tim.o
    0x08003104   0x08003104   0x0000002a   Code   RO         1085    i.HAL_TIM_ReadCapturedValue  stm32f1xx_hal_tim.o
    0x0800312e   0x0800312e   0x00000002   Code   RO         1088    i.HAL_TIM_TriggerCallback  stm32f1xx_hal_tim.o
    0x08003130   0x08003130   0x00000064   Code   RO         2975    i.HAL_UART_Init     stm32f1xx_hal_uart.o
    0x08003194   0x08003194   0x00000070   Code   RO          813    i.HAL_UART_MspInit  usart.o
    0x08003204   0x08003204   0x0000009a   Code   RO         2983    i.HAL_UART_Transmit  stm32f1xx_hal_uart.o
    0x0800329e   0x0800329e   0x00000002   PAD
    0x080032a0   0x080032a0   0x00000030   Code   RO          226    i.HCSR_04_Init      bsp_hcsro4.o
    0x080032d0   0x080032d0   0x00000002   Code   RO          856    i.HardFault_Handler  stm32f1xx_it.o
    0x080032d2   0x080032d2   0x00000002   PAD
    0x080032d4   0x080032d4   0x00000014   Code   RO          438    i.ILI9341_BackLed_Control  bsp_ili9341_lcd.o
    0x080032e8   0x080032e8   0x00000020   Code   RO          439    i.ILI9341_Clear     bsp_ili9341_lcd.o
    0x08003308   0x08003308   0x00000010   Code   RO          440    i.ILI9341_Delay     bsp_ili9341_lcd.o
    0x08003318   0x08003318   0x0000006c   Code   RO          441    i.ILI9341_DispChar_EN  bsp_ili9341_lcd.o
    0x08003384   0x08003384   0x0000004c   Code   RO          442    i.ILI9341_DispStringLine_EN  bsp_ili9341_lcd.o
    0x080033d0   0x080033d0   0x00000060   Code   RO          448    i.ILI9341_FSMC_Config  bsp_ili9341_lcd.o
    0x08003430   0x08003430   0x0000001c   Code   RO          449    i.ILI9341_FillColor  bsp_ili9341_lcd.o
    0x0800344c   0x0800344c   0x000000ac   Code   RO          450    i.ILI9341_GPIO_Config  bsp_ili9341_lcd.o
    0x080034f8   0x080034f8   0x00000088   Code   RO          452    i.ILI9341_GramScan  bsp_ili9341_lcd.o
    0x08003580   0x08003580   0x00000028   Code   RO          453    i.ILI9341_Init      bsp_ili9341_lcd.o
    0x080035a8   0x080035a8   0x00000040   Code   RO          454    i.ILI9341_OpenWindow  bsp_ili9341_lcd.o
    0x080035e8   0x080035e8   0x000002e0   Code   RO          455    i.ILI9341_REG_Config  bsp_ili9341_lcd.o
    0x080038c8   0x080038c8   0x00000048   Code   RO          456    i.ILI9341_ReadID    bsp_ili9341_lcd.o
    0x08003910   0x08003910   0x00000028   Code   RO          457    i.ILI9341_Rst       bsp_ili9341_lcd.o
    0x08003938   0x08003938   0x00000014   Code   RO          460    i.LCD_ClearLine     bsp_ili9341_lcd.o
    0x0800394c   0x0800394c   0x0000000c   Code   RO          462    i.LCD_GetFont       bsp_ili9341_lcd.o
    0x08003958   0x08003958   0x0000000c   Code   RO          464    i.LCD_SetColors     bsp_ili9341_lcd.o
    0x08003964   0x08003964   0x0000000c   Code   RO          465    i.LCD_SetFont       bsp_ili9341_lcd.o
    0x08003970   0x08003970   0x000000b0   Code   RO          687    i.MX_GPIO_Init      gpio.o
    0x08003a20   0x08003a20   0x000000a0   Code   RO          720    i.MX_TIM1_Init      tim.o
    0x08003ac0   0x08003ac0   0x0000006c   Code   RO          721    i.MX_TIM3_Init      tim.o
    0x08003b2c   0x08003b2c   0x000000c8   Code   RO          722    i.MX_TIM4_Init      tim.o
    0x08003bf4   0x08003bf4   0x00000038   Code   RO          814    i.MX_USART1_UART_Init  usart.o
    0x08003c2c   0x08003c2c   0x00000002   Code   RO          857    i.MemManage_Handler  stm32f1xx_it.o
    0x08003c2e   0x08003c2e   0x00000002   Code   RO          858    i.NMI_Handler       stm32f1xx_it.o
    0x08003c30   0x08003c30   0x00000002   Code   RO          859    i.PendSV_Handler    stm32f1xx_it.o
    0x08003c32   0x08003c32   0x00000002   PAD
    0x08003c34   0x08003c34   0x00000030   Code   RO          314    i.SG90_GetAngle     bsp_servo.o
    0x08003c64   0x08003c64   0x0000000c   Code   RO          315    i.SG90_Init         bsp_servo.o
    0x08003c70   0x08003c70   0x0000000c   Code   RO          316    i.SG90_TurnL        bsp_servo.o
    0x08003c7c   0x08003c7c   0x0000000c   Code   RO          317    i.SG90_TurnR        bsp_servo.o
    0x08003c88   0x08003c88   0x00000002   Code   RO          860    i.SVC_Handler       stm32f1xx_it.o
    0x08003c8a   0x08003c8a   0x00000002   PAD
    0x08003c8c   0x08003c8c   0x00000064   Code   RO           15    i.Stopward          bsp_motor.o
    0x08003cf0   0x08003cf0   0x00000004   Code   RO          861    i.SysTick_Handler   stm32f1xx_it.o
    0x08003cf4   0x08003cf4   0x0000005e   Code   RO          652    i.SystemClock_Config  main.o
    0x08003d52   0x08003d52   0x00000002   Code   RO         3591    i.SystemInit        system_stm32f1xx.o
    0x08003d54   0x08003d54   0x0000000c   Code   RO          862    i.TIM3_IRQHandler   stm32f1xx_it.o
    0x08003d60   0x08003d60   0x0000008c   Code   RO         1090    i.TIM_Base_SetConfig  stm32f1xx_hal_tim.o
    0x08003dec   0x08003dec   0x0000001a   Code   RO         1091    i.TIM_CCxChannelCmd  stm32f1xx_hal_tim.o
    0x08003e06   0x08003e06   0x00000014   Code   RO         1101    i.TIM_ETR_SetConfig  stm32f1xx_hal_tim.o
    0x08003e1a   0x08003e1a   0x00000010   Code   RO         1102    i.TIM_ITRx_SetConfig  stm32f1xx_hal_tim.o
    0x08003e2a   0x08003e2a   0x00000002   PAD
    0x08003e2c   0x08003e2c   0x00000060   Code   RO         1103    i.TIM_OC1_SetConfig  stm32f1xx_hal_tim.o
    0x08003e8c   0x08003e8c   0x0000006c   Code   RO         1104    i.TIM_OC2_SetConfig  stm32f1xx_hal_tim.o
    0x08003ef8   0x08003ef8   0x00000068   Code   RO         1105    i.TIM_OC3_SetConfig  stm32f1xx_hal_tim.o
    0x08003f60   0x08003f60   0x00000050   Code   RO         1106    i.TIM_OC4_SetConfig  stm32f1xx_hal_tim.o
    0x08003fb0   0x08003fb0   0x00000022   Code   RO         1108    i.TIM_TI1_ConfigInputStage  stm32f1xx_hal_tim.o
    0x08003fd2   0x08003fd2   0x00000002   PAD
    0x08003fd4   0x08003fd4   0x0000006c   Code   RO         1109    i.TIM_TI1_SetConfig  stm32f1xx_hal_tim.o
    0x08004040   0x08004040   0x00000024   Code   RO         1110    i.TIM_TI2_ConfigInputStage  stm32f1xx_hal_tim.o
    0x08004064   0x08004064   0x00000036   Code   RO         1111    i.TIM_TI2_SetConfig  stm32f1xx_hal_tim.o
    0x0800409a   0x0800409a   0x00000002   PAD
    0x0800409c   0x0800409c   0x00000064   Code   RO           16    i.Turn_Left         bsp_motor.o
    0x08004100   0x08004100   0x00000064   Code   RO           17    i.Turn_Right        bsp_motor.o
    0x08004164   0x08004164   0x000000b8   Code   RO         3001    i.UART_SetConfig    stm32f1xx_hal_uart.o
    0x0800421c   0x0800421c   0x00000078   Code   RO         3004    i.UART_WaitOnFlagUntilTimeout  stm32f1xx_hal_uart.o
    0x08004294   0x08004294   0x00000002   Code   RO          863    i.UsageFault_Handler  stm32f1xx_it.o
    0x08004296   0x08004296   0x00000028   Code   RO         3858    i.__ARM_fpclassify  m_ws.l(fpclassify.o)
    0x080042be   0x080042be   0x00000020   Code   RO         2458    i.__NVIC_SetPriority  stm32f1xx_hal_cortex.o
    0x080042de   0x080042de   0x0000000e   Code   RO         3647    i._is_digit         c_w.l(__printf_wp.o)
    0x080042ec   0x080042ec   0x000000f0   Code   RO          653    i.main              main.o
    0x080043dc   0x080043dc   0x000002b4   Code   RO          167    i.ultrasonic_waves  bsp_track.o
    0x08004690   0x08004690   0x00000038   Code   RO          275    i.usart_printf      bsp_user_debug.o
    0x080046c8   0x080046c8   0x0000002c   Code   RO         3854    locale$$code        c_w.l(lc_numeric_c.o)
    0x080046f4   0x080046f4   0x0000002c   Code   RO         3925    locale$$code        c_w.l(lc_ctype_c.o)
    0x08004720   0x08004720   0x00000062   Code   RO         3665    x$fpl$d2f           fz_ws.l(d2f.o)
    0x08004782   0x08004782   0x00000002   PAD
    0x08004784   0x08004784   0x000002b0   Code   RO         3668    x$fpl$ddiv          fz_ws.l(ddiv.o)
    0x08004a34   0x08004a34   0x00000026   Code   RO         3671    x$fpl$dfltu         fz_ws.l(dflt_clz.o)
    0x08004a5a   0x08004a5a   0x00000002   PAD
    0x08004a5c   0x08004a5c   0x00000154   Code   RO         3677    x$fpl$dmul          fz_ws.l(dmul.o)
    0x08004bb0   0x08004bb0   0x0000009c   Code   RO         3774    x$fpl$dnaninf       fz_ws.l(dnaninf.o)
    0x08004c4c   0x08004c4c   0x0000000c   Code   RO         3776    x$fpl$dretinf       fz_ws.l(dretinf.o)
    0x08004c58   0x08004c58   0x00000056   Code   RO         3679    x$fpl$f2d           fz_ws.l(f2d.o)
    0x08004cae   0x08004cae   0x00000002   PAD
    0x08004cb0   0x08004cb0   0x000000c4   Code   RO         3681    x$fpl$fadd          fz_ws.l(faddsub_clz.o)
    0x08004d74   0x08004d74   0x00000018   Code   RO         3778    x$fpl$fcmpinf       fz_ws.l(fcmpi.o)
    0x08004d8c   0x08004d8c   0x00000184   Code   RO         3688    x$fpl$fdiv          fz_ws.l(fdiv.o)
    0x08004f10   0x08004f10   0x0000003e   Code   RO         3691    x$fpl$ffixu         fz_ws.l(ffixu.o)
    0x08004f4e   0x08004f4e   0x00000002   PAD
    0x08004f50   0x08004f50   0x00000068   Code   RO         3695    x$fpl$fleqf         fz_ws.l(fleqf.o)
    0x08004fb8   0x08004fb8   0x00000102   Code   RO         3697    x$fpl$fmul          fz_ws.l(fmul.o)
    0x080050ba   0x080050ba   0x0000008c   Code   RO         3780    x$fpl$fnaninf       fz_ws.l(fnaninf.o)
    0x08005146   0x08005146   0x0000000a   Code   RO         3782    x$fpl$fretinf       fz_ws.l(fretinf.o)
    0x08005150   0x08005150   0x00000062   Code   RO         3699    x$fpl$frleqf        fz_ws.l(frleqf.o)
    0x080051b2   0x080051b2   0x00000002   PAD
    0x080051b4   0x080051b4   0x000000ea   Code   RO         3683    x$fpl$fsub          fz_ws.l(faddsub_clz.o)
    0x0800529e   0x0800529e   0x00000004   Code   RO         3701    x$fpl$printf1       fz_ws.l(printf1.o)
    0x080052a2   0x080052a2   0x00000004   Code   RO         3784    x$fpl$printf2       fz_ws.l(printf2.o)
    0x080052a6   0x080052a6   0x00000000   Code   RO         3790    x$fpl$usenofp       fz_ws.l(usenofp.o)
    0x080052a6   0x080052a6   0x000005f0   Data   RO          356    .constdata          fonts.o
    0x08005896   0x08005896   0x00000012   Data   RO         2156    .constdata          stm32f1xx_hal_rcc.o
    0x080058a8   0x080058a8   0x00000010   Data   RO         3592    .constdata          system_stm32f1xx.o
    0x080058b8   0x080058b8   0x00000008   Data   RO         3593    .constdata          system_stm32f1xx.o
    0x080058c0   0x080058c0   0x00000011   Data   RO         3655    .constdata          c_w.l(__printf_flags_ss_wp.o)
    0x080058d1   0x080058d1   0x00000003   PAD
    0x080058d4   0x080058d4   0x00000008   Data   RO         3721    .constdata          c_w.l(_printf_wctomb.o)
    0x080058dc   0x080058dc   0x00000028   Data   RO         3750    .constdata          c_w.l(_printf_hex_int_ll_ptr.o)
    0x08005904   0x08005904   0x00000026   Data   RO         3816    .constdata          c_w.l(_printf_fp_hex.o)
    0x0800592a   0x0800592a   0x00000002   PAD
    0x0800592c   0x0800592c   0x00000094   Data   RO         3827    .constdata          c_w.l(bigflt0.o)
    0x080059c0   0x080059c0   0x00000020   Data   RO         4004    Region$$Table       anon$$obj.o
    0x080059e0   0x080059e0   0x0000001c   Data   RO         3853    locale$$data        c_w.l(lc_numeric_c.o)
    0x080059fc   0x080059fc   0x00000110   Data   RO         3924    locale$$data        c_w.l(lc_ctype_c.o)


    Execution Region RW_IRAM1 (Exec base: 0x20000000, Load base: 0x08005b0c, Size: 0x00000990, Max: 0x00010000, ABSOLUTE)

    Exec Addr    Load Addr    Size         Type   Attr      Idx    E Section Name        Object

    0x20000000   0x08005b0c   0x00000001   Data   RW          228    .data               bsp_hcsro4.o
    0x20000001   0x08005b0d   0x00000003   PAD
    0x20000004   0x08005b10   0x00000008   Data   RW          277    .data               bsp_user_debug.o
    0x2000000c   0x08005b18   0x00000008   Data   RW          359    .data               fonts.o
    0x20000014   0x08005b20   0x00000010   Data   RW          468    .data               bsp_ili9341_lcd.o
    0x20000024   0x08005b30   0x00000004   Data   RW          724    .data               tim.o
    0x20000028   0x08005b34   0x0000000c   Data   RW         1993    .data               stm32f1xx_hal.o
    0x20000034   0x08005b40   0x00000004   Data   RW         3594    .data               system_stm32f1xx.o
    0x20000038        -       0x00000078   Zero   RW          168    .bss                bsp_track.o
    0x200000b0        -       0x00000100   Zero   RW          276    .bss                bsp_user_debug.o
    0x200001b0        -       0x00000060   Zero   RW          467    .bss                bsp_ili9341_lcd.o
    0x20000210        -       0x000000d8   Zero   RW          723    .bss                tim.o
    0x200002e8        -       0x00000048   Zero   RW          815    .bss                usart.o
    0x20000330        -       0x00000060   Zero   RW         3861    .bss                c_w.l(libspace.o)
    0x20000390        -       0x00000200   Zero   RW            2    HEAP                startup_stm32f103xe.o
    0x20000590        -       0x00000400   Zero   RW            1    STACK               startup_stm32f103xe.o


==============================================================================

Image component sizes


      Code (inc. data)   RO Data    RW Data    ZI Data      Debug   Object Name

       148         32          0          1          0       1475   bsp_hcsro4.o
      1692        112          0         16         96      20551   bsp_ili9341_lcd.o
       500         46          0          0          0     501101   bsp_motor.o
        84         34          0          0          0       2198   bsp_servo.o
       716         84          0          0        120       3204   bsp_track.o
        56         12          0          8        256       1215   bsp_user_debug.o
         0          0       1520          8          0       1389   fonts.o
       176         16          0          0          0        999   gpio.o
       338         74          0          0          0       2336   main.o
        64         26        304          0       1536        836   startup_stm32f103xe.o
       164         28          0         12          0       6753   stm32f1xx_hal.o
       198         14          0          0          0      29115   stm32f1xx_hal_cortex.o
       524         42          0          0          0       3647   stm32f1xx_hal_gpio.o
        60          8          0          0          0        930   stm32f1xx_hal_msp.o
      1240         84         18          0          0       5292   stm32f1xx_hal_rcc.o
        88          0          0          0          0       1783   stm32f1xx_hal_sram.o
      2742        138          0          0          0      21103   stm32f1xx_hal_tim.o
       212         20          0          0          0       3337   stm32f1xx_hal_tim_ex.o
       558          6          0          0          0       4124   stm32f1xx_hal_uart.o
        32          6          0          0          0       4604   stm32f1xx_it.o
       280         12          0          0          0       2687   stm32f1xx_ll_fsmc.o
         2          0         24          4          0       1203   system_stm32f1xx.o
       968        100          0          4        216       6418   tim.o
       168         20          0          0         72       1802   usart.o

    ----------------------------------------------------------------------
     11038        914       1898         56       2296     628102   Object Totals
         0          0         32          0          0          0   (incl. Generated)
        28          0          0          3          0          0   (incl. Padding)

    ----------------------------------------------------------------------

      Code (inc. data)   RO Data    RW Data    ZI Data      Debug   Library Member Name

        44          6          0          0          0         84   __2sprintf.o
         8          0          0          0          0         68   __main.o
       392          4         17          0          0         92   __printf_flags_ss_wp.o
        14          0          0          0          0         68   __printf_wp.o
         0          0          0          0          0          0   __rtentry.o
        12          0          0          0          0          0   __rtentry2.o
         6          0          0          0          0          0   __rtentry4.o
        52          8          0          0          0          0   __scatter.o
        26          0          0          0          0          0   __scatter_copy.o
        28          0          0          0          0          0   __scatter_zi.o
         6          0          0          0          0          0   _printf_a.o
         6          0          0          0          0          0   _printf_c.o
        44          0          0          0          0        108   _printf_char.o
        48          6          0          0          0         96   _printf_char_common.o
        40          0          0          0          0         68   _printf_charcount.o
         6          0          0          0          0          0   _printf_d.o
       120         16          0          0          0         92   _printf_dec.o
         6          0          0          0          0          0   _printf_e.o
         6          0          0          0          0          0   _printf_f.o
      1054          0          0          0          0        216   _printf_fp_dec.o
       764          8         38          0          0        100   _printf_fp_hex.o
       128         16          0          0          0         84   _printf_fp_infnan.o
         6          0          0          0          0          0   _printf_g.o
       148          4         40          0          0        160   _printf_hex_int_ll_ptr.o
         6          0          0          0          0          0   _printf_i.o
       178          0          0          0          0         88   _printf_intcommon.o
        10          0          0          0          0          0   _printf_l.o
         6          0          0          0          0          0   _printf_lc.o
        10          0          0          0          0          0   _printf_ll.o
         6          0          0          0          0          0   _printf_lld.o
         6          0          0          0          0          0   _printf_lli.o
         6          0          0          0          0          0   _printf_llo.o
         6          0          0          0          0          0   _printf_llu.o
         6          0          0          0          0          0   _printf_llx.o
       124         16          0          0          0         92   _printf_longlong_dec.o
         6          0          0          0          0          0   _printf_ls.o
         6          0          0          0          0          0   _printf_n.o
         6          0          0          0          0          0   _printf_o.o
       112         10          0          0          0        124   _printf_oct_int_ll.o
         6          0          0          0          0          0   _printf_p.o
        78          0          0          0          0        108   _printf_pad.o
         0          0          0          0          0          0   _printf_percent.o
         4          0          0          0          0          0   _printf_percent_end.o
         6          0          0          0          0          0   _printf_s.o
        82          0          0          0          0         80   _printf_str.o
        36          0          0          0          0         84   _printf_truncate.o
         6          0          0          0          0          0   _printf_u.o
        44          0          0          0          0        108   _printf_wchar.o
       188          6          8          0          0         92   _printf_wctomb.o
         6          0          0          0          0          0   _printf_x.o
        10          0          0          0          0         68   _sputc.o
        64          0          0          0          0         92   _wcrtomb.o
       228          4        148          0          0         96   bigflt0.o
      1936        128          0          0          0        672   btod.o
        18          0          0          0          0         80   exit.o
         6          0          0          0          0        152   heapauxi.o
         0          0          0          0          0          0   indicate_semi.o
        44         10        272          0          0         76   lc_ctype_c.o
        44         10         28          0          0         76   lc_numeric_c.o
         2          0          0          0          0          0   libinit.o
        30          0          0          0          0          0   libinit2.o
         2          0          0          0          0          0   libshutdown.o
         2          0          0          0          0          0   libshutdown2.o
         8          4          0          0         96         68   libspace.o
       138          0          0          0          0         80   lludiv10.o
        16          4          0          0          0         76   rt_ctype_table.o
         8          4          0          0          0         68   rt_locale_intlibspace.o
        78          0          0          0          0         80   rt_memclr_w.o
         2          0          0          0          0          0   rtexit.o
        10          0          0          0          0          0   rtexit2.o
       128          0          0          0          0         68   strcmpv7m.o
        12          4          0          0          0         68   sys_exit.o
        74          0          0          0          0         80   sys_stackheap_outer.o
         2          0          0          0          0         68   use_no_semi.o
        36          4          0          0          0         76   vsprintf.o
        98          4          0          0          0         92   d2f.o
       688        140          0          0          0        208   ddiv.o
        38          0          0          0          0         68   dflt_clz.o
       340         12          0          0          0        104   dmul.o
       156          4          0          0          0         92   dnaninf.o
        12          0          0          0          0         68   dretinf.o
        86          4          0          0          0         84   f2d.o
       430          8          0          0          0        168   faddsub_clz.o
        24          0          0          0          0         68   fcmpi.o
       388         76          0          0          0         96   fdiv.o
        62          4          0          0          0         84   ffixu.o
       104          4          0          0          0         84   fleqf.o
       258          4          0          0          0         84   fmul.o
       140          4          0          0          0         84   fnaninf.o
        10          0          0          0          0         68   fretinf.o
        98          0          0          0          0         68   frleqf.o
         4          0          0          0          0         68   printf1.o
         4          0          0          0          0         68   printf2.o
         0          0          0          0          0          0   usenofp.o
        40          0          0          0          0         68   fpclassify.o

    ----------------------------------------------------------------------
      9816        536        556          0         96       5780   Library Totals
        24          0          5          0          0          0   (incl. Padding)

    ----------------------------------------------------------------------

      Code (inc. data)   RO Data    RW Data    ZI Data      Debug   Library Name

      6812        272        551          0         96       4056   c_w.l
      2940        264          0          0          0       1656   fz_ws.l
        40          0          0          0          0         68   m_ws.l

    ----------------------------------------------------------------------
      9816        536        556          0         96       5780   Library Totals

    ----------------------------------------------------------------------

==============================================================================


      Code (inc. data)   RO Data    RW Data    ZI Data      Debug   

     20854       1450       2454         56       2392     624934   Grand Totals
     20854       1450       2454         56       2392     624934   ELF Image Totals
     20854       1450       2454         56          0          0   ROM Totals

==============================================================================

    Total RO  Size (Code + RO Data)                23308 (  22.76kB)
    Total RW  Size (RW Data + ZI Data)              2448 (   2.39kB)
    Total ROM Size (Code + RO Data + RW Data)      23364 (  22.82kB)

==============================================================================

