Component: ARM Compiler 5.06 update 5 (build 528) Tool: armlink [4d35e2]

==============================================================================

Section Cross References

    startup_stm32f103xe.o(STACK) refers (Special) to heapauxi.o(.text) for __use_two_region_memory
    startup_stm32f103xe.o(HEAP) refers (Special) to heapauxi.o(.text) for __use_two_region_memory
    startup_stm32f103xe.o(RESET) refers (Special) to heapauxi.o(.text) for __use_two_region_memory
    startup_stm32f103xe.o(RESET) refers to startup_stm32f103xe.o(STACK) for __initial_sp
    startup_stm32f103xe.o(RESET) refers to startup_stm32f103xe.o(.text) for Reset_Handler
    startup_stm32f103xe.o(RESET) refers to stm32f1xx_it.o(i.NMI_Handler) for NMI_Handler
    startup_stm32f103xe.o(RESET) refers to stm32f1xx_it.o(i.HardFault_Handler) for HardFault_Handler
    startup_stm32f103xe.o(RESET) refers to stm32f1xx_it.o(i.MemManage_Handler) for MemManage_Handler
    startup_stm32f103xe.o(RESET) refers to stm32f1xx_it.o(i.BusFault_Handler) for BusFault_Handler
    startup_stm32f103xe.o(RESET) refers to stm32f1xx_it.o(i.UsageFault_Handler) for UsageFault_Handler
    startup_stm32f103xe.o(RESET) refers to stm32f1xx_it.o(i.SVC_Handler) for SVC_Handler
    startup_stm32f103xe.o(RESET) refers to stm32f1xx_it.o(i.DebugMon_Handler) for DebugMon_Handler
    startup_stm32f103xe.o(RESET) refers to stm32f1xx_it.o(i.PendSV_Handler) for PendSV_Handler
    startup_stm32f103xe.o(RESET) refers to stm32f1xx_it.o(i.SysTick_Handler) for SysTick_Handler
    startup_stm32f103xe.o(RESET) refers to stm32f1xx_it.o(i.TIM3_IRQHandler) for TIM3_IRQHandler
    startup_stm32f103xe.o(RESET) refers to stm32f1xx_it.o(i.USART1_IRQHandler) for USART1_IRQHandler
    startup_stm32f103xe.o(RESET) refers to stm32f1xx_it.o(i.USART3_IRQHandler) for USART3_IRQHandler
    startup_stm32f103xe.o(.text) refers (Special) to heapauxi.o(.text) for __use_two_region_memory
    startup_stm32f103xe.o(.text) refers to system_stm32f1xx.o(i.SystemInit) for SystemInit
    startup_stm32f103xe.o(.text) refers to __main.o(!!!main) for __main
    startup_stm32f103xe.o(.text) refers to startup_stm32f103xe.o(HEAP) for Heap_Mem
    startup_stm32f103xe.o(.text) refers to startup_stm32f103xe.o(STACK) for Stack_Mem
    bsp_motor.o(i.Backward) refers to i2c.o(i.I2C_Write_Len) for I2C_Write_Len
    bsp_motor.o(i.Backward) refers to bsp_motor.o(.data) for .data
    bsp_motor.o(i.Car_Forward) refers to stm32f1xx_hal_uart.o(i.HAL_UART_Transmit) for HAL_UART_Transmit
    bsp_motor.o(i.Car_Forward) refers to bsp_motor.o(i.Forward) for Forward
    bsp_motor.o(i.Car_Forward) refers to usart.o(.bss) for huart3
    bsp_motor.o(i.Car_Turn_Left) refers to stm32f1xx_hal_uart.o(i.HAL_UART_Transmit) for HAL_UART_Transmit
    bsp_motor.o(i.Car_Turn_Left) refers to bsp_motor.o(i.Turn_Left) for Turn_Left
    bsp_motor.o(i.Car_Turn_Left) refers to usart.o(.bss) for huart3
    bsp_motor.o(i.Car_Turn_Right) refers to stm32f1xx_hal_uart.o(i.HAL_UART_Transmit) for HAL_UART_Transmit
    bsp_motor.o(i.Car_Turn_Right) refers to bsp_motor.o(i.Turn_Right) for Turn_Right
    bsp_motor.o(i.Car_Turn_Right) refers to usart.o(.bss) for huart3
    bsp_motor.o(i.Car_backward) refers to i2c.o(i.I2C_Write_Len) for I2C_Write_Len
    bsp_motor.o(i.Car_backward) refers to bsp_motor.o(.data) for .data
    bsp_motor.o(i.Forward) refers to i2c.o(i.I2C_Write_Len) for I2C_Write_Len
    bsp_motor.o(i.Forward) refers to bsp_motor.o(.data) for .data
    bsp_motor.o(i.Turn_Left) refers to i2c.o(i.I2C_Write_Len) for I2C_Write_Len
    bsp_motor.o(i.Turn_Left) refers to bsp_motor.o(.data) for .data
    bsp_motor.o(i.Turn_Right) refers to i2c.o(i.I2C_Write_Len) for I2C_Write_Len
    bsp_motor.o(i.Turn_Right) refers to bsp_motor.o(.data) for .data
    bsp_motor.o(i.navigate_to_ball) refers to bsp_ili9341_lcd.o(i.LCD_GetFont) for LCD_GetFont
    bsp_motor.o(i.navigate_to_ball) refers to bsp_ili9341_lcd.o(i.ILI9341_DispStringLine_EN) for ILI9341_DispStringLine_EN
    bsp_motor.o(i.navigate_to_ball) refers to i2c.o(i.I2C_Write_Len) for I2C_Write_Len
    bsp_motor.o(i.navigate_to_ball) refers to bsp_motor.o(i.Car_Turn_Left) for Car_Turn_Left
    bsp_motor.o(i.navigate_to_ball) refers to bsp_motor.o(i.Car_Turn_Right) for Car_Turn_Right
    bsp_motor.o(i.navigate_to_ball) refers to bsp_motor.o(i.Car_Forward) for Car_Forward
    bsp_motor.o(i.navigate_to_ball) refers to usart.o(.data) for coordinates_updated
    bsp_motor.o(i.navigate_to_ball) refers to bsp_motor.o(.data) for .data
    bsp_track.o(i.Change_speed) refers to tim.o(.bss) for htim4
    bsp_track.o(i.ultrasonic_waves) refers to _printf_percent.o(.ARM.Collect$$_printf_percent$$00000000) for _printf_percent
    bsp_track.o(i.ultrasonic_waves) refers to _printf_f.o(.ARM.Collect$$_printf_percent$$00000003) for _printf_f
    bsp_track.o(i.ultrasonic_waves) refers to printf1.o(x$fpl$printf1) for _printf_fp_dec
    bsp_track.o(i.ultrasonic_waves) refers to bsp_servo.o(i.SG90_Init) for SG90_Init
[...]
    ..\Drivers\STM32F1xx_HAL_Driver\Src\stm32f1xx_hal_uart.c 0x00000000   Number         0  stm32f1xx_hal_uart.o ABSOLUTE
    ..\Drivers\STM32F1xx_HAL_Driver\Src\stm32f1xx_ll_fsmc.c 0x00000000   Number         0  stm32f1xx_ll_fsmc.o ABSOLUTE
    ..\User\Motor\bsp_motor.c                0x00000000   Number         0  bsp_motor.o ABSOLUTE
    ..\User\Servo\bsp_servo.c                0x00000000   Number         0  bsp_servo.o ABSOLUTE
    ..\User\Systick\Systick.c                0x00000000   Number         0  systick.o ABSOLUTE
    ..\User\Track\bsp_track.c                0x00000000   Number         0  bsp_track.o ABSOLUTE
    ..\User\Ultrasonic\bsp_Hcsro4.c          0x00000000   Number         0  bsp_hcsro4.o ABSOLUTE
    ..\User\Usart_printf\bsp_User_Debug.c    0x00000000   Number         0  bsp_user_debug.o ABSOLUTE
    ..\User\font\fonts.c                     0x00000000   Number         0  fonts.o ABSOLUTE
    ..\User\gps\gps.c                        0x00000000   Number         0  gps.o ABSOLUTE
    ..\User\lcd\bsp_ili9341_lcd.c            0x00000000   Number         0  bsp_ili9341_lcd.o ABSOLUTE
    ..\User\pid\pid.c                        0x00000000   Number         0  pid.o ABSOLUTE
    ..\User\sdram\bsp_sdram.c                0x00000000   Number         0  bsp_sdram.o ABSOLUTE
    ..\\Core\\Src\\i2c.c                     0x00000000   Number         0  i2c.o ABSOLUTE
    ..\\Drivers\\STM32F1xx_HAL_Driver\\Src\\stm32f1xx_hal_nor.c 0x00000000   Number         0  stm32f1xx_hal_nor.o ABSOLUTE
    ..\\Drivers\\STM32F1xx_HAL_Driver\\Src\\stm32f1xx_hal_spi.c 0x00000000   Number         0  stm32f1xx_hal_spi.o ABSOLUTE
    ..\\Drivers\\STM32F1xx_HAL_Driver\\Src\\stm32f1xx_hal_sram.c 0x00000000   Number         0  stm32f1xx_hal_sram.o ABSOLUTE
    ..\\Drivers\\STM32F1xx_HAL_Driver\\Src\\stm32f1xx_ll_fsmc.c 0x00000000   Number         0  stm32f1xx_ll_fsmc.o ABSOLUTE
    ..\\User\\Motor\\bsp_motor.c             0x00000000   Number         0  bsp_motor.o ABSOLUTE
    ..\\User\\Servo\\bsp_servo.c             0x00000000   Number         0  bsp_servo.o ABSOLUTE
    ..\\User\\Systick\\Systick.c             0x00000000   Number         0  systick.o ABSOLUTE
    ..\\User\\Track\\bsp_track.c             0x00000000   Number         0  bsp_track.o ABSOLUTE
    ..\\User\\Ultrasonic\\bsp_Hcsro4.c       0x00000000   Number         0  bsp_hcsro4.o ABSOLUTE
    ..\\User\\Usart_printf\\bsp_User_Debug.c 0x00000000   Number         0  bsp_user_debug.o ABSOLUTE
    ..\\User\\font\\fonts.c                  0x00000000   Number         0  fonts.o ABSOLUTE
    ..\\User\\gps\\gps.c                     0x00000000   Number         0  gps.o ABSOLUTE
    ..\\User\\lcd\\bsp_ili9341_lcd.c         0x00000000   Number         0  bsp_ili9341_lcd.o ABSOLUTE
    ..\\User\\sdram\\bsp_sdram.c             0x00000000   Number         0  bsp_sdram.o ABSOLUTE
    dc.s                                     0x00000000   Number         0  dc.o ABSOLUTE
    startup_stm32f103xe.s                    0x00000000   Number         0  startup_stm32f103xe.o ABSOLUTE
    RESET                                    0x08000000   Section      304  startup_stm32f103xe.o(RESET)
    !!!main                                  0x08000130   Section        8  __main.o(!!!main)
    !!!scatter                               0x08000138   Section       52  __scatter.o(!!!scatter)
    !!handler_copy                           0x0800016c   Section       26  __scatter_copy.o(!!handler_copy)
    !!handler_zi                             0x08000188   Section       28  __scatter_zi.o(!!handler_zi)
    .ARM.Collect$$libinit$$00000000          0x080001a4   Section        2  libinit.o(.ARM.Collect$$libinit$$00000000)
    .ARM.Collect$$libinit$$00000002          0x080001a6   Section        0  libinit2.o(.ARM.Collect$$libinit$$00000002)
    .ARM.Collect$$libinit$$00000004          0x080001a6   Section        0  libinit2.o(.ARM.Collect$$libinit$$00000004)
    .ARM.Collect$$libinit$$0000000A          0x080001a6   Section        0  libinit2.o(.ARM.Collect$$libinit$$0000000A)
    .ARM.Collect$$libinit$$0000000C          0x080001a6   Section        0  libinit2.o(.ARM.Collect$$libinit$$0000000C)
    .ARM.Collect$$libinit$$0000000E          0x080001a6   Section        0  libinit2.o(.ARM.Collect$$libinit$$0000000E)
    .ARM.Collect$$libinit$$00000011          0x080001a6   Section        0  libinit2.o(.ARM.Collect$$libinit$$00000011)
    .ARM.Collect$$libinit$$00000013          0x080001a6   Section        0  libinit2.o(.ARM.Collect$$libinit$$00000013)
    .ARM.Collect$$libinit$$00000015          0x080001a6   Section        0  libinit2.o(.ARM.Collect$$libinit$$00000015)
    .ARM.Collect$$libinit$$00000017          0x080001a6   Section        0  libinit2.o(.ARM.Collect$$libinit$$00000017)
    .ARM.Collect$$libinit$$00000019          0x080001a6   Section        0  libinit2.o(.ARM.Collect$$libinit$$00000019)
    .ARM.Collect$$libinit$$0000001B          0x080001a6   Section        0  libinit2.o(.ARM.Collect$$libinit$$0000001B)
    .ARM.Collect$$libinit$$0000001D          0x080001a6   Section        0  libinit2.o(.ARM.Collect$$libinit$$0000001D)
    .ARM.Collect$$libinit$$0000001F          0x080001a6   Section        0  libinit2.o(.ARM.Collect$$libinit$$0000001F)
    .ARM.Collect$$libinit$$00000021          0x080001a6   Section        0  libinit2.o(.ARM.Collect$$libinit$$00000021)
    .ARM.Collect$$libinit$$00000023          0x080001a6   Section        0  libinit2.o(.ARM.Collect$$libinit$$00000023)
    .ARM.Collect$$libinit$$00000025          0x080001a6   Section        0  libinit2.o(.ARM.Collect$$libinit$$00000025)
    .ARM.Collect$$libinit$$0000002C          0x080001a6   Section        0  libinit2.o(.ARM.Collect$$libinit$$0000002C)
    .ARM.Collect$$libinit$$0000002E          0x080001a6   Section        0  libinit2.o(.ARM.Collect$$libinit$$0000002E)
    .ARM.Collect$$libinit$$00000030          0x080001a6   Section        0  libinit2.o(.ARM.Collect$$libinit$$00000030)
    .ARM.Collect$$libinit$$00000032          0x080001a6   Section        0  libinit2.o(.ARM.Collect$$libinit$$00000032)
    .ARM.Collect$$libinit$$00000033          0x080001a6   Section        2  libinit2.o(.ARM.Collect$$libinit$$00000033)
    .ARM.Collect$$libshutdown$$00000000      0x080001a8   Section        2  libshutdown.o(.ARM.Collect$$libshutdown$$00000000)
    .ARM.Collect$$libshutdown$$00000002      0x080001aa   Section        0  libshutdown2.o(.ARM.Collect$$libshutdown$$00000002)
    .ARM.Collect$$libshutdown$$00000004      0x080001aa   Section        0  libshutdown2.o(.ARM.Collect$$libshutdown$$00000004)
    .ARM.Collect$$libshutdown$$00000007      0x080001aa   Section        0  libshutdown2.o(.ARM.Collect$$libshutdown$$00000007)
    .ARM.Collect$$libshutdown$$0000000A      0x080001aa   Section        0  libshutdown2.o(.ARM.Collect$$libshutdown$$0000000A)
    .ARM.Collect$$libshutdown$$0000000C      0x080001aa   Section        0  libshutdown2.o(.ARM.Collect$$libshutdown$$0000000C)
    .ARM.Collect$$libshutdown$$0000000F      0x080001aa   Section        0  libshutdown2.o(.ARM.Collect$$libshutdown$$0000000F)
    .ARM.Collect$$libshutdown$$00000010      0x080001aa   Section        2  libshutdown2.o(.ARM.Collect$$libshutdown$$00000010)
    .ARM.Collect$$rtentry$$00000000          0x080001ac   Section        0  __rtentry.o(.ARM.Collect$$rtentry$$00000000)
    .ARM.Collect$$rtentry$$00000002          0x080001ac   Section        0  __rtentry2.o(.ARM.Collect$$rtentry$$00000002)
    .ARM.Collect$$rtentry$$00000004          0x080001ac   Section        6  __rtentry4.o(.ARM.Collect$$rtentry$$00000004)
    .ARM.Collect$$rtentry$$00000009          0x080001b2   Section        0  __rtentry2.o(.ARM.Collect$$rtentry$$00000009)
    .ARM.Collect$$rtentry$$0000000A          0x080001b2   Section        4  __rtentry2.o(.ARM.Collect$$rtentry$$0000000A)
    .ARM.Collect$$rtentry$$0000000C          0x080001b6   Section        0  __rtentry2.o(.ARM.Collect$$rtentry$$0000000C)
    .ARM.Collect$$rtentry$$0000000D          0x080001b6   Section        8  __rtentry2.o(.ARM.Collect$$rtentry$$0000000D)
    .ARM.Collect$$rtexit$$00000000           0x080001be   Section        2  rtexit.o(.ARM.Collect$$rtexit$$00000000)
    .ARM.Collect$$rtexit$$00000002           0x080001c0   Section        0  rtexit2.o(.ARM.Collect$$rtexit$$00000002)
    .ARM.Collect$$rtexit$$00000003           0x080001c0   Section        4  rtexit2.o(.ARM.Collect$$rtexit$$00000003)
    .ARM.Collect$$rtexit$$00000004           0x080001c4   Section        6  rtexit2.o(.ARM.Collect$$rtexit$$00000004)
    .text                                    0x080001cc   Section       64  startup_stm32f103xe.o(.text)
    .text                                    0x0800020c   Section      138  rt_memcpy_v6.o(.text)
    .text                                    0x08000296   Section       68  rt_memclr.o(.text)
    .text                                    0x080002da   Section       78  rt_memclr_w.o(.text)
    .text                                    0x08000328   Section        0  heapauxi.o(.text)
    .text                                    0x0800032e   Section      100  rt_memcpy_w.o(.text)
    .text                                    0x08000394   Section        8  libspace.o(.text)
    .text                                    0x0800039c   Section       74  sys_stackheap_outer.o(.text)
    .text                                    0x080003e6   Section        0  exit.o(.text)
    .text                                    0x080003f8   Section        0  sys_exit.o(.text)
    .text                                    0x08000404   Section        2  use_no_semi.o(.text)
    .text                                    0x08000406   Section        0  indicate_semi.o(.text)
    i.BusFault_Handler                       0x08000406   Section        0  stm32f1xx_it.o(i.BusFault_Handler)
    i.Car_Forward                            0x08000408   Section        0  bsp_motor.o(i.Car_Forward)
    i.Car_Turn_Left                          0x0800042c   Section        0  bsp_motor.o(i.Car_Turn_Left)
    i.Car_Turn_Right                         0x08000450   Section        0  bsp_motor.o(i.Car_Turn_Right)
    i.DebugMon_Handler                       0x08000474   Section        0  stm32f1xx_it.o(i.DebugMon_Handler)
    i.Delay1_ms                              0x08000476   Section        0  systick.o(i.Delay1_ms)
    i.DelayUs                                0x0800048c   Section        0  systick.o(i.DelayUs)
    i.Error_Handler                          0x080004ae   Section        0  main.o(i.Error_Handler)
    i.FSMC_NORSRAM_Extended_Timing_Init      0x080004b4   Section        0  stm32f1xx_ll_fsmc.o(i.FSMC_NORSRAM_Extended_Timing_Init)
    i.FSMC_NORSRAM_Init                      0x080004f0   Section        0  stm32f1xx_ll_fsmc.o(i.FSMC_NORSRAM_Init)
    i.FSMC_NORSRAM_Timing_Init               0x08000588   Section        0  stm32f1xx_ll_fsmc.o(i.FSMC_NORSRAM_Timing_Init)
    i.Forward                                0x080005cc   Section        0  bsp_motor.o(i.Forward)
    i.HAL_DMA_Abort                          0x080005dc   Section        0  stm32f1xx_hal_dma.o(i.HAL_DMA_Abort)
    i.HAL_DMA_Abort_IT                       0x08000624   Section        0  stm32f1xx_hal_dma.o(i.HAL_DMA_Abort_IT)
    i.HAL_GPIO_Init                          0x08000754   Section        0  stm32f1xx_hal_gpio.o(i.HAL_GPIO_Init)
    i.HAL_GetTick                            0x0800094c   Section        0  stm32f1xx_hal.o(i.HAL_GetTick)
    i.HAL_IncTick                            0x08000958   Section        0  stm32f1xx_hal.o(i.HAL_IncTick)
    i.HAL_Init                               0x08000968   Section        0  stm32f1xx_hal.o(i.HAL_Init)
    i.HAL_InitTick                           0x0800098c   Section        0  stm32f1xx_hal.o(i.HAL_InitTick)
    i.HAL_MspInit                            0x080009cc   Section        0  stm32f1xx_hal_msp.o(i.HAL_MspInit)
    i.HAL_NVIC_EnableIRQ                     0x08000a08   Section        0  stm32f1xx_hal_cortex.o(i.HAL_NVIC_EnableIRQ)
    i.HAL_NVIC_SetPriority                   0x08000a24   Section        0  stm32f1xx_hal_cortex.o(i.HAL_NVIC_SetPriority)
    i.HAL_NVIC_SetPriorityGrouping           0x08000a64   Section        0  stm32f1xx_hal_cortex.o(i.HAL_NVIC_SetPriorityGrouping)
    i.HAL_RCC_ClockConfig                    0x08000a88   Section        0  stm32f1xx_hal_rcc.o(i.HAL_RCC_ClockConfig)
    i.HAL_RCC_GetPCLK1Freq                   0x08000bb4   Section        0  stm32f1xx_hal_rcc.o(i.HAL_RCC_GetPCLK1Freq)
    i.HAL_RCC_GetPCLK2Freq                   0x08000bd4   Section        0  stm32f1xx_hal_rcc.o(i.HAL_RCC_GetPCLK2Freq)
    i.HAL_RCC_GetSysClockFreq                0x08000bf4   Section        0  stm32f1xx_hal_rcc.o(i.HAL_RCC_GetSysClockFreq)
    i.HAL_RCC_OscConfig                      0x08000c40   Section        0  stm32f1xx_hal_rcc.o(i.HAL_RCC_OscConfig)
    i.HAL_SRAM_Init                          0x08000f60   Section        0  stm32f1xx_hal_sram.o(i.HAL_SRAM_Init)
    i.HAL_SRAM_MspInit                       0x08000fb6   Section        0  stm32f1xx_hal_sram.o(i.HAL_SRAM_MspInit)
    i.HAL_SYSTICK_Config                     0x08000fb8   Section        0  stm32f1xx_hal_cortex.o(i.HAL_SYSTICK_Config)
    i.HAL_TIMEx_BreakCallback                0x08000fe0   Section        0  stm32f1xx_hal_tim_ex.o(i.HAL_TIMEx_BreakCallback)
    i.HAL_TIMEx_CommutCallback               0x08000fe2   Section        0  stm32f1xx_hal_tim_ex.o(i.HAL_TIMEx_CommutCallback)
    i.HAL_TIMEx_ConfigBreakDeadTime          0x08000fe4   Section        0  stm32f1xx_hal_tim_ex.o(i.HAL_TIMEx_ConfigBreakDeadTime)
    i.HAL_TIMEx_MasterConfigSynchronization  0x08001038   Section        0  stm32f1xx_hal_tim_ex.o(i.HAL_TIMEx_MasterConfigSynchronization)
    i.HAL_TIM_Base_Init                      0x080010b4   Section        0  stm32f1xx_hal_tim.o(i.HAL_TIM_Base_Init)
    i.HAL_TIM_Base_MspInit                   0x08001110   Section        0  tim.o(i.HAL_TIM_Base_MspInit)
    i.HAL_TIM_Base_Start                     0x08001138   Section        0  stm32f1xx_hal_tim.o(i.HAL_TIM_Base_Start)
    i.HAL_TIM_ConfigClockSource              0x0800119c   Section        0  stm32f1xx_hal_tim.o(i.HAL_TIM_ConfigClockSource)
    i.HAL_TIM_IC_CaptureCallback             0x08001278   Section        0  tim.o(i.HAL_TIM_IC_CaptureCallback)
    i.HAL_TIM_IC_ConfigChannel               0x080012fc   Section        0  stm32f1xx_hal_tim.o(i.HAL_TIM_IC_ConfigChannel)
    i.HAL_TIM_IC_Init                        0x08001420   Section        0  stm32f1xx_hal_tim.o(i.HAL_TIM_IC_Init)
    i.HAL_TIM_IC_MspInit                     0x0800147c   Section        0  tim.o(i.HAL_TIM_IC_MspInit)
    i.HAL_TIM_IC_Start_IT                    0x080014f8   Section        0  stm32f1xx_hal_tim.o(i.HAL_TIM_IC_Start_IT)
    i.HAL_TIM_IRQHandler                     0x080015f0   Section        0  stm32f1xx_hal_tim.o(i.HAL_TIM_IRQHandler)
    i.HAL_TIM_MspPostInit                    0x08001758   Section        0  tim.o(i.HAL_TIM_MspPostInit)
    i.HAL_TIM_OC_DelayElapsedCallback        0x080017d0   Section        0  stm32f1xx_hal_tim.o(i.HAL_TIM_OC_DelayElapsedCallback)
    i.HAL_TIM_PWM_ConfigChannel              0x080017d2   Section        0  stm32f1xx_hal_tim.o(i.HAL_TIM_PWM_ConfigChannel)
    i.HAL_TIM_PWM_Init                       0x0800189e   Section        0  stm32f1xx_hal_tim.o(i.HAL_TIM_PWM_Init)
    i.HAL_TIM_PWM_MspInit                    0x080018f8   Section        0  tim.o(i.HAL_TIM_PWM_MspInit)
    i.HAL_TIM_PWM_PulseFinishedCallback      0x08001920   Section        0  stm32f1xx_hal_tim.o(i.HAL_TIM_PWM_PulseFinishedCallback)
    i.HAL_TIM_PeriodElapsedCallback          0x08001924   Section        0  tim.o(i.HAL_TIM_PeriodElapsedCallback)
    i.HAL_TIM_ReadCapturedValue              0x08001950   Section        0  stm32f1xx_hal_tim.o(i.HAL_TIM_ReadCapturedValue)
    i.HAL_TIM_TriggerCallback                0x0800197a   Section        0  stm32f1xx_hal_tim.o(i.HAL_TIM_TriggerCallback)
    i.HAL_UARTEx_RxEventCallback             0x0800197c   Section        0  stm32f1xx_hal_uart.o(i.HAL_UARTEx_RxEventCallback)
    i.HAL_UART_ErrorCallback                 0x0800197e   Section        0  stm32f1xx_hal_uart.o(i.HAL_UART_ErrorCallback)
    i.HAL_UART_IRQHandler                    0x08001980   Section        0  stm32f1xx_hal_uart.o(i.HAL_UART_IRQHandler)
    i.HAL_UART_Init                          0x08001bec   Section        0  stm32f1xx_hal_uart.o(i.HAL_UART_Init)
    i.HAL_UART_MspInit                       0x08001c50   Section        0  usart.o(i.HAL_UART_MspInit)
    i.HAL_UART_Receive_IT                    0x08001dac   Section        0  stm32f1xx_hal_uart.o(i.HAL_UART_Receive_IT)
    i.HAL_UART_RxCpltCallback                0x08001dc8   Section        0  usart.o(i.HAL_UART_RxCpltCallback)
    i.HAL_UART_Transmit                      0x08001f2c   Section        0  stm32f1xx_hal_uart.o(i.HAL_UART_Transmit)
    i.HAL_UART_TxCpltCallback                0x08001fc6   Section        0  stm32f1xx_hal_uart.o(i.HAL_UART_TxCpltCallback)
    i.HardFault_Handler                      0x08001fc8   Section        0  stm32f1xx_it.o(i.HardFault_Handler)
    i.I2C_SDA_IN                             0x08001fcc   Section        0  i2c.o(i.I2C_SDA_IN)
    i.I2C_SDA_OUT                            0x08001fec   Section        0  i2c.o(i.I2C_SDA_OUT)
    i.I2C_Write_Len                          0x0800200c   Section        0  i2c.o(i.I2C_Write_Len)
    i.IIC_init                               0x08002060   Section        0  i2c.o(i.IIC_init)
    i.IIC_send_byte                          0x080020a8   Section        0  i2c.o(i.IIC_send_byte)
    i.IIC_start                              0x080020f4   Section        0  i2c.o(i.IIC_start)
    i.IIC_stop                               0x08002124   Section        0  i2c.o(i.IIC_stop)
    i.IIC_wait_ack                           0x08002154   Section        0  i2c.o(i.IIC_wait_ack)
    i.ILI9341_BackLed_Control                0x08002198   Section        0  bsp_ili9341_lcd.o(i.ILI9341_BackLed_Control)
    i.ILI9341_Clear                          0x080021ac   Section        0  bsp_ili9341_lcd.o(i.ILI9341_Clear)
    i.ILI9341_Delay                          0x080021cc   Section        0  bsp_ili9341_lcd.o(i.ILI9341_Delay)
    ILI9341_Delay                            0x080021cd   Thumb Code    16  bsp_ili9341_lcd.o(i.ILI9341_Delay)
    i.ILI9341_DispChar_EN                    0x080021dc   Section        0  bsp_ili9341_lcd.o(i.ILI9341_DispChar_EN)
    i.ILI9341_DispStringLine_EN              0x08002248   Section        0  bsp_ili9341_lcd.o(i.ILI9341_DispStringLine_EN)
    i.ILI9341_FSMC_Config                    0x08002294   Section        0  bsp_ili9341_lcd.o(i.ILI9341_FSMC_Config)
    ILI9341_FSMC_Config                      0x08002295   Thumb Code    86  bsp_ili9341_lcd.o(i.ILI9341_FSMC_Config)
    i.ILI9341_FillColor                      0x080022f4   Section        0  bsp_ili9341_lcd.o(i.ILI9341_FillColor)
    ILI9341_FillColor                        0x080022f5   Thumb Code    24  bsp_ili9341_lcd.o(i.ILI9341_FillColor)
    i.ILI9341_GPIO_Config                    0x08002310   Section        0  bsp_ili9341_lcd.o(i.ILI9341_GPIO_Config)
    ILI9341_GPIO_Config                      0x08002311   Thumb Code   160  bsp_ili9341_lcd.o(i.ILI9341_GPIO_Config)
    i.ILI9341_GramScan                       0x080023bc   Section        0  bsp_ili9341_lcd.o(i.ILI9341_GramScan)
    i.ILI9341_Init                           0x08002444   Section        0  bsp_ili9341_lcd.o(i.ILI9341_Init)
    i.ILI9341_OpenWindow                     0x0800246c   Section        0  bsp_ili9341_lcd.o(i.ILI9341_OpenWindow)
    i.ILI9341_REG_Config                     0x080024ac   Section        0  bsp_ili9341_lcd.o(i.ILI9341_REG_Config)
    ILI9341_REG_Config                       0x080024ad   Thumb Code   724  bsp_ili9341_lcd.o(i.ILI9341_REG_Config)
    i.ILI9341_ReadID                         0x0800278c   Section        0  bsp_ili9341_lcd.o(i.ILI9341_ReadID)
    i.ILI9341_Rst                            0x080027d4   Section        0  bsp_ili9341_lcd.o(i.ILI9341_Rst)
    i.LCD_GetFont                            0x080027fc   Section        0  bsp_ili9341_lcd.o(i.LCD_GetFont)
    i.LCD_SetColors                          0x08002808   Section        0  bsp_ili9341_lcd.o(i.LCD_SetColors)
    i.LCD_SetFont                            0x08002814   Section        0  bsp_ili9341_lcd.o(i.LCD_SetFont)
    i.MX_GPIO_Init                           0x08002820   Section        0  gpio.o(i.MX_GPIO_Init)
    i.MX_TIM1_Init                           0x0800285c   Section        0  tim.o(i.MX_TIM1_Init)
    i.MX_TIM3_Init                           0x080028fc   Section        0  tim.o(i.MX_TIM3_Init)
    i.MX_TIM4_Init                           0x08002968   Section        0  tim.o(i.MX_TIM4_Init)
    i.MX_USART1_UART_Init                    0x08002a30   Section        0  usart.o(i.MX_USART1_UART_Init)
    i.MX_USART3_UART_Init                    0x08002a68   Section        0  usart.o(i.MX_USART3_UART_Init)
    i.MX_USART4_UART_Init                    0x08002aa0   Section        0  usart.o(i.MX_USART4_UART_Init)
    i.MemManage_Handler                      0x08002ad8   Section        0  stm32f1xx_it.o(i.MemManage_Handler)
    i.NMI_Handler                            0x08002ada   Section        0  stm32f1xx_it.o(i.NMI_Handler)
    i.PendSV_Handler                         0x08002adc   Section        0  stm32f1xx_it.o(i.PendSV_Handler)
    i.SVC_Handler                            0x08002ade   Section        0  stm32f1xx_it.o(i.SVC_Handler)
    i.Stopward                               0x08002ae0   Section        0  bsp_motor.o(i.Stopward)
    i.SysTick_Handler                        0x08002ae2   Section        0  stm32f1xx_it.o(i.SysTick_Handler)
    i.SystemClock_Config                     0x08002ae6   Section        0  main.o(i.SystemClock_Config)
    i.SystemInit                             0x08002b44   Section        0  system_stm32f1xx.o(i.SystemInit)
    i.TIM3_IRQHandler                        0x08002b48   Section        0  stm32f1xx_it.o(i.TIM3_IRQHandler)
    i.TIM_Base_SetConfig                     0x08002b54   Section        0  stm32f1xx_hal_tim.o(i.TIM_Base_SetConfig)
    i.TIM_CCxChannelCmd                      0x08002be0   Section        0  stm32f1xx_hal_tim.o(i.TIM_CCxChannelCmd)
    i.TIM_ETR_SetConfig                      0x08002bfa   Section        0  stm32f1xx_hal_tim.o(i.TIM_ETR_SetConfig)
    i.TIM_ITRx_SetConfig                     0x08002c0e   Section        0  stm32f1xx_hal_tim.o(i.TIM_ITRx_SetConfig)
    TIM_ITRx_SetConfig                       0x08002c0f   Thumb Code    16  stm32f1xx_hal_tim.o(i.TIM_ITRx_SetConfig)
    i.TIM_OC1_SetConfig                      0x08002c20   Section        0  stm32f1xx_hal_tim.o(i.TIM_OC1_SetConfig)
    TIM_OC1_SetConfig                        0x08002c21   Thumb Code    88  stm32f1xx_hal_tim.o(i.TIM_OC1_SetConfig)
    i.TIM_OC2_SetConfig                      0x08002c80   Section        0  stm32f1xx_hal_tim.o(i.TIM_OC2_SetConfig)
    i.TIM_OC3_SetConfig                      0x08002cec   Section        0  stm32f1xx_hal_tim.o(i.TIM_OC3_SetConfig)
    TIM_OC3_SetConfig                        0x08002ced   Thumb Code    96  stm32f1xx_hal_tim.o(i.TIM_OC3_SetConfig)
    i.TIM_OC4_SetConfig                      0x08002d54   Section        0  stm32f1xx_hal_tim.o(i.TIM_OC4_SetConfig)
    TIM_OC4_SetConfig                        0x08002d55   Thumb Code    70  stm32f1xx_hal_tim.o(i.TIM_OC4_SetConfig)
    i.TIM_TI1_ConfigInputStage               0x08002da4   Section        0  stm32f1xx_hal_tim.o(i.TIM_TI1_ConfigInputStage)
    TIM_TI1_ConfigInputStage                 0x08002da5   Thumb Code    34  stm32f1xx_hal_tim.o(i.TIM_TI1_ConfigInputStage)
    i.TIM_TI1_SetConfig                      0x08002dc8   Section        0  stm32f1xx_hal_tim.o(i.TIM_TI1_SetConfig)
    i.TIM_TI2_ConfigInputStage               0x08002e34   Section        0  stm32f1xx_hal_tim.o(i.TIM_TI2_ConfigInputStage)
    TIM_TI2_ConfigInputStage                 0x08002e35   Thumb Code    36  stm32f1xx_hal_tim.o(i.TIM_TI2_ConfigInputStage)
    i.TIM_TI2_SetConfig                      0x08002e58   Section        0  stm32f1xx_hal_tim.o(i.TIM_TI2_SetConfig)
    TIM_TI2_SetConfig                        0x08002e59   Thumb Code    54  stm32f1xx_hal_tim.o(i.TIM_TI2_SetConfig)
    i.Turn_Left                              0x08002e90   Section        0  bsp_motor.o(i.Turn_Left)
    i.Turn_Right                             0x08002ea0   Section        0  bsp_motor.o(i.Turn_Right)
    i.UART_DMAAbortOnError                   0x08002eb0   Section        0  stm32f1xx_hal_uart.o(i.UART_DMAAbortOnError)
    UART_DMAAbortOnError                     0x08002eb1   Thumb Code    16  stm32f1xx_hal_uart.o(i.UART_DMAAbortOnError)
    i.UART_EndRxTransfer                     0x08002ec0   Section        0  stm32f1xx_hal_uart.o(i.UART_EndRxTransfer)
    UART_EndRxTransfer                       0x08002ec1   Thumb Code    78  stm32f1xx_hal_uart.o(i.UART_EndRxTransfer)
    i.UART_Receive_IT                        0x08002f0e   Section        0  stm32f1xx_hal_uart.o(i.UART_Receive_IT)
    UART_Receive_IT                          0x08002f0f   Thumb Code   194  stm32f1xx_hal_uart.o(i.UART_Receive_IT)
    i.UART_SetConfig                         0x08002fd0   Section        0  stm32f1xx_hal_uart.o(i.UART_SetConfig)
    UART_SetConfig                           0x08002fd1   Thumb Code   178  stm32f1xx_hal_uart.o(i.UART_SetConfig)
    i.UART_Start_Receive_IT                  0x08003088   Section        0  stm32f1xx_hal_uart.o(i.UART_Start_Receive_IT)
    i.UART_WaitOnFlagUntilTimeout            0x080030be   Section        0  stm32f1xx_hal_uart.o(i.UART_WaitOnFlagUntilTimeout)
    UART_WaitOnFlagUntilTimeout              0x080030bf   Thumb Code   120  stm32f1xx_hal_uart.o(i.UART_WaitOnFlagUntilTimeout)
    i.USART1_IRQHandler                      0x08003138   Section        0  stm32f1xx_it.o(i.USART1_IRQHandler)
    i.USART3_IRQHandler                      0x08003144   Section        0  stm32f1xx_it.o(i.USART3_IRQHandler)
    i.UsageFault_Handler                     0x08003150   Section        0  stm32f1xx_it.o(i.UsageFault_Handler)
    i.__NVIC_SetPriority                     0x08003152   Section        0  stm32f1xx_hal_cortex.o(i.__NVIC_SetPriority)
    __NVIC_SetPriority                       0x08003153   Thumb Code    32  stm32f1xx_hal_cortex.o(i.__NVIC_SetPriority)
    i.main                                   0x08003174   Section        0  main.o(i.main)
    i.ms_delay                               0x08003470   Section        0  systick.o(i.ms_delay)
    i.navigate_to_ball                       0x08003494   Section        0  bsp_motor.o(i.navigate_to_ball)
    .constdata                               0x08003560   Section     1520  fonts.o(.constdata)
    .constdata                               0x08003b50   Section       18  stm32f1xx_hal_rcc.o(.constdata)
    aPredivFactorTable                       0x08003b50   Data           2  stm32f1xx_hal_rcc.o(.constdata)
    aPLLMULFactorTable                       0x08003b52   Data          16  stm32f1xx_hal_rcc.o(.constdata)
    .constdata                               0x08003b62   Section       16  system_stm32f1xx.o(.constdata)
    .constdata                               0x08003b72   Section        8  system_stm32f1xx.o(.constdata)
    .data                                    0x20000000   Section       20  bsp_motor.o(.data)
    .data                                    0x20000014   Section        8  fonts.o(.data)
    .data                                    0x2000001c   Section       16  bsp_ili9341_lcd.o(.data)
    CurrentTextColor                         0x20000024   Data           2  bsp_ili9341_lcd.o(.data)
    CurrentBackColor                         0x20000026   Data           2  bsp_ili9341_lcd.o(.data)
    LCD_Currentfonts                         0x20000028   Data           4  bsp_ili9341_lcd.o(.data)
    .data                                    0x2000002c   Section        4  tim.o(.data)
    .data                                    0x20000030   Section       28  usart.o(.data)
    .data                                    0x2000004c   Section        4  usart.o(.data)
    .data                                    0x20000050   Section        4  usart.o(.data)
    .data                                    0x20000054   Section       12  stm32f1xx_hal.o(.data)
    .data                                    0x20000060   Section        4  system_stm32f1xx.o(.data)
    .bss                                     0x20000064   Section       96  bsp_ili9341_lcd.o(.bss)
    SRAM_Handler                             0x20000064   Data          68  bsp_ili9341_lcd.o(.bss)
    Timing                                   0x200000a8   Data          28  bsp_ili9341_lcd.o(.bss)
    .bss                                     0x200000c4   Section      216  tim.o(.bss)
    .bss                                     0x2000019c   Section      416  usart.o(.bss)
    .bss                                     0x2000033c   Section      121  gps.o(.bss)
    .bss                                     0x200003b8   Section       96  libspace.o(.bss)
    HEAP                                     0x20000418   Section      512  startup_stm32f103xe.o(HEAP)
    Heap_Mem                                 0x20000418   Data         512  startup_stm32f103xe.o(HEAP)
    STACK                                    0x20000618   Section     1024  startup_stm32f103xe.o(STACK)
    Stack_Mem                                0x20000618   Data        1024  startup_stm32f103xe.o(STACK)
    __initial_sp                             0x20000a18   Data           0  startup_stm32f103xe.o(STACK)

    Global Symbols

    Symbol Name                              Value     Ov Type        Size  Object(Section)

    BuildAttributes$$THM_ISAv4$P$D$K$B$S$PE$A:L22UL41UL21$X:L11$S22US41US21$IEEE1$IW$USESV6$~STKCKD$USESV7$~SHL$OTIME$ROPI$IEEEJ$EBA8$UX$STANDARDLIB$REQ8$PRES8$EABIv2 0x00000000   Number         0  anon$$obj.o ABSOLUTE
    __ARM_use_no_argv                        0x00000000   Number         0  main.o ABSOLUTE
    _printf_flags                            0x00000000   Number         0  printf_stubs.o ABSOLUTE
    _printf_return_value                     0x00000000   Number         0  printf_stubs.o ABSOLUTE
    _printf_sizespec                         0x00000000   Number         0  printf_stubs.o ABSOLUTE
    _printf_widthprec                        0x00000000   Number         0  printf_stubs.o ABSOLUTE
    __ARM_exceptions_init                     - Undefined Weak Reference
    __alloca_initialize                       - Undefined Weak Reference
    __arm_preinit_                            - Undefined Weak Reference
    __cpp_initialize__aeabi_                  - Undefined Weak Reference
    __cxa_finalize                            - Undefined Weak Reference
    __sigvec_lookup                           - Undefined Weak Reference
    _atexit_init                              - Undefined Weak Reference
    _call_atexit_fns                          - Undefined Weak Reference
    _clock_init                               - Undefined Weak Reference
    _fp_trap_init                             - Undefined Weak Reference
    _fp_trap_shutdown                         - Undefined Weak Reference
    _get_lc_collate                           - Undefined Weak Reference
    _get_lc_monetary                          - Undefined Weak Reference
    _get_lc_time                              - Undefined Weak Reference
    _getenv_init                              - Undefined Weak Reference
    _handle_redirection                       - Undefined Weak Reference
    _init_alloc                               - Undefined Weak Reference
    _init_user_alloc                          - Undefined Weak Reference
    _initio                                   - Undefined Weak Reference
    _printf_mbtowc                            - Undefined Weak Reference
    _printf_wc                                - Undefined Weak Reference
    _rand_init                                - Undefined Weak Reference
    _signal_finish                            - Undefined Weak Reference
    _signal_init                              - Undefined Weak Reference
    _terminate_alloc                          - Undefined Weak Reference
    _terminate_user_alloc                     - Undefined Weak Reference
    _terminateio                              - Undefined Weak Reference
    __Vectors_Size                           0x00000130   Number         0  startup_stm32f103xe.o ABSOLUTE
    __Vectors                                0x08000000   Data           4  startup_stm32f103xe.o(RESET)
    __Vectors_End                            0x08000130   Data           0  startup_stm32f103xe.o(RESET)
    __main                                   0x08000131   Thumb Code     8  __main.o(!!!main)
    __scatterload                            0x08000139   Thumb Code     0  __scatter.o(!!!scatter)
    __scatterload_rt2                        0x08000139   Thumb Code    44  __scatter.o(!!!scatter)
    __scatterload_rt2_thumb_only             0x08000139   Thumb Code     0  __scatter.o(!!!scatter)
    __scatterload_null                       0x08000147   Thumb Code     0  __scatter.o(!!!scatter)
    __scatterload_copy                       0x0800016d   Thumb Code    26  __scatter_copy.o(!!handler_copy)
    __scatterload_zeroinit                   0x08000189   Thumb Code    28  __scatter_zi.o(!!handler_zi)
    __rt_lib_init                            0x080001a5   Thumb Code     0  libinit.o(.ARM.Collect$$libinit$$00000000)
    __rt_lib_init_alloca_1                   0x080001a7   Thumb Code     0  libinit2.o(.ARM.Collect$$libinit$$0000002E)
    __rt_lib_init_argv_1                     0x080001a7   Thumb Code     0  libinit2.o(.ARM.Collect$$libinit$$0000002C)
    __rt_lib_init_atexit_1                   0x080001a7   Thumb Code     0  libinit2.o(.ARM.Collect$$libinit$$0000001B)
    __rt_lib_init_clock_1                    0x080001a7   Thumb Code     0  libinit2.o(.ARM.Collect$$libinit$$00000021)
    __rt_lib_init_cpp_1                      0x080001a7   Thumb Code     0  libinit2.o(.ARM.Collect$$libinit$$00000032)
    __rt_lib_init_exceptions_1               0x080001a7   Thumb Code     0  libinit2.o(.ARM.Collect$$libinit$$00000030)
    __rt_lib_init_fp_1                       0x080001a7   Thumb Code     0  libinit2.o(.ARM.Collect$$libinit$$00000002)
    __rt_lib_init_fp_trap_1                  0x080001a7   Thumb Code     0  libinit2.o(.ARM.Collect$$libinit$$0000001F)
    __rt_lib_init_getenv_1                   0x080001a7   Thumb Code     0  libinit2.o(.ARM.Collect$$libinit$$00000023)
    __rt_lib_init_heap_1                     0x080001a7   Thumb Code     0  libinit2.o(.ARM.Collect$$libinit$$0000000A)
    __rt_lib_init_lc_collate_1               0x080001a7   Thumb Code     0  libinit2.o(.ARM.Collect$$libinit$$00000011)
    __rt_lib_init_lc_ctype_1                 0x080001a7   Thumb Code     0  libinit2.o(.ARM.Collect$$libinit$$00000013)
    __rt_lib_init_lc_monetary_1              0x080001a7   Thumb Code     0  libinit2.o(.ARM.Collect$$libinit$$00000015)
    __rt_lib_init_lc_numeric_1               0x080001a7   Thumb Code     0  libinit2.o(.ARM.Collect$$libinit$$00000017)
    __rt_lib_init_lc_time_1                  0x080001a7   Thumb Code     0  libinit2.o(.ARM.Collect$$libinit$$00000019)
    __rt_lib_init_preinit_1                  0x080001a7   Thumb Code     0  libinit2.o(.ARM.Collect$$libinit$$00000004)
    __rt_lib_init_rand_1                     0x080001a7   Thumb Code     0  libinit2.o(.ARM.Collect$$libinit$$0000000E)
    __rt_lib_init_return                     0x080001a7   Thumb Code     0  libinit2.o(.ARM.Collect$$libinit$$00000033)
    __rt_lib_init_signal_1                   0x080001a7   Thumb Code     0  libinit2.o(.ARM.Collect$$libinit$$0000001D)
    __rt_lib_init_stdio_1                    0x080001a7   Thumb Code     0  libinit2.o(.ARM.Collect$$libinit$$00000025)
    __rt_lib_init_user_alloc_1               0x080001a7   Thumb Code     0  libinit2.o(.ARM.Collect$$libinit$$0000000C)
    __rt_lib_shutdown                        0x080001a9   Thumb Code     0  libshutdown.o(.ARM.Collect$$libshutdown$$00000000)
    __rt_lib_shutdown_cpp_1                  0x080001ab   Thumb Code     0  libshutdown2.o(.ARM.Collect$$libshutdown$$00000002)
    __rt_lib_shutdown_fp_trap_1              0x080001ab   Thumb Code     0  libshutdown2.o(.ARM.Collect$$libshutdown$$00000007)
    __rt_lib_shutdown_heap_1                 0x080001ab   Thumb Code     0  libshutdown2.o(.ARM.Collect$$libshutdown$$0000000F)
    __rt_lib_shutdown_return                 0x080001ab   Thumb Code     0  libshutdown2.o(.ARM.Collect$$libshutdown$$00000010)
    __rt_lib_shutdown_signal_1               0x080001ab   Thumb Code     0  libshutdown2.o(.ARM.Collect$$libshutdown$$0000000A)
    __rt_lib_shutdown_stdio_1                0x080001ab   Thumb Code     0  libshutdown2.o(.ARM.Collect$$libshutdown$$00000004)
    __rt_lib_shutdown_user_alloc_1           0x080001ab   Thumb Code     0  libshutdown2.o(.ARM.Collect$$libshutdown$$0000000C)
    __rt_entry                               0x080001ad   Thumb Code     0  __rtentry.o(.ARM.Collect$$rtentry$$00000000)
    __rt_entry_presh_1                       0x080001ad   Thumb Code     0  __rtentry2.o(.ARM.Collect$$rtentry$$00000002)
    __rt_entry_sh                            0x080001ad   Thumb Code     0  __rtentry4.o(.ARM.Collect$$rtentry$$00000004)
    __rt_entry_li                            0x080001b3   Thumb Code     0  __rtentry2.o(.ARM.Collect$$rtentry$$0000000A)
    __rt_entry_postsh_1                      0x080001b3   Thumb Code     0  __rtentry2.o(.ARM.Collect$$rtentry$$00000009)
    __rt_entry_main                          0x080001b7   Thumb Code     0  __rtentry2.o(.ARM.Collect$$rtentry$$0000000D)
    __rt_entry_postli_1                      0x080001b7   Thumb Code     0  __rtentry2.o(.ARM.Collect$$rtentry$$0000000C)
    __rt_exit                                0x080001bf   Thumb Code     0  rtexit.o(.ARM.Collect$$rtexit$$00000000)
    __rt_exit_ls                             0x080001c1   Thumb Code     0  rtexit2.o(.ARM.Collect$$rtexit$$00000003)
    __rt_exit_prels_1                        0x080001c1   Thumb Code     0  rtexit2.o(.ARM.Collect$$rtexit$$00000002)
    __rt_exit_exit                           0x080001c5   Thumb Code     0  rtexit2.o(.ARM.Collect$$rtexit$$00000004)
    Reset_Handler                            0x080001cd   Thumb Code     8  startup_stm32f103xe.o(.text)
    ADC1_2_IRQHandler                        0x080001e7   Thumb Code     0  startup_stm32f103xe.o(.text)
    ADC3_IRQHandler                          0x080001e7   Thumb Code     0  startup_stm32f103xe.o(.text)
    CAN1_RX1_IRQHandler                      0x080001e7   Thumb Code     0  startup_stm32f103xe.o(.text)
    CAN1_SCE_IRQHandler                      0x080001e7   Thumb Code     0  startup_stm32f103xe.o(.text)
    DMA1_Channel1_IRQHandler                 0x080001e7   Thumb Code     0  startup_stm32f103xe.o(.text)
    DMA1_Channel2_IRQHandler                 0x080001e7   Thumb Code     0  startup_stm32f103xe.o(.text)
    DMA1_Channel3_IRQHandler                 0x080001e7   Thumb Code     0  startup_stm32f103xe.o(.text)
    DMA1_Channel4_IRQHandler                 0x080001e7   Thumb Code     0  startup_stm32f103xe.o(.text)
    DMA1_Channel5_IRQHandler                 0x080001e7   Thumb Code     0  startup_stm32f103xe.o(.text)
    DMA1_Channel6_IRQHandler                 0x080001e7   Thumb Code     0  startup_stm32f103xe.o(.text)
    DMA1_Channel7_IRQHandler                 0x080001e7   Thumb Code     0  startup_stm32f103xe.o(.text)
    DMA2_Channel1_IRQHandler                 0x080001e7   Thumb Code     0  startup_stm32f103xe.o(.text)
    DMA2_Channel2_IRQHandler                 0x080001e7   Thumb Code     0  startup_stm32f103xe.o(.text)
    DMA2_Channel3_IRQHandler                 0x080001e7   Thumb Code     0  startup_stm32f103xe.o(.text)
    DMA2_Channel4_5_IRQHandler               0x080001e7   Thumb Code     0  startup_stm32f103xe.o(.text)
    EXTI0_IRQHandler                         0x080001e7   Thumb Code     0  startup_stm32f103xe.o(.text)
    EXTI15_10_IRQHandler                     0x080001e7   Thumb Code     0  startup_stm32f103xe.o(.text)
    EXTI1_IRQHandler                         0x080001e7   Thumb Code     0  startup_stm32f103xe.o(.text)
    EXTI2_IRQHandler                         0x080001e7   Thumb Code     0  startup_stm32f103xe.o(.text)
    EXTI3_IRQHandler                         0x080001e7   Thumb Code     0  startup_stm32f103xe.o(.text)
    EXTI4_IRQHandler                         0x080001e7   Thumb Code     0  startup_stm32f103xe.o(.text)
    EXTI9_5_IRQHandler                       0x080001e7   Thumb Code     0  startup_stm32f103xe.o(.text)
    FLASH_IRQHandler                         0x080001e7   Thumb Code     0  startup_stm32f103xe.o(.text)
    FSMC_IRQHandler                          0x080001e7   Thumb Code     0  startup_stm32f103xe.o(.text)
    I2C1_ER_IRQHandler                       0x080001e7   Thumb Code     0  startup_stm32f103xe.o(.text)
    I2C1_EV_IRQHandler                       0x080001e7   Thumb Code     0  startup_stm32f103xe.o(.text)
    I2C2_ER_IRQHandler                       0x080001e7   Thumb Code     0  startup_stm32f103xe.o(.text)
    I2C2_EV_IRQHandler                       0x080001e7   Thumb Code     0  startup_stm32f103xe.o(.text)
    PVD_IRQHandler                           0x080001e7   Thumb Code     0  startup_stm32f103xe.o(.text)
    RCC_IRQHandler                           0x080001e7   Thumb Code     0  startup_stm32f103xe.o(.text)
    RTC_Alarm_IRQHandler                     0x080001e7   Thumb Code     0  startup_stm32f103xe.o(.text)
    RTC_IRQHandler                           0x080001e7   Thumb Code     0  startup_stm32f103xe.o(.text)
    SDIO_IRQHandler                          0x080001e7   Thumb Code     0  startup_stm32f103xe.o(.text)
    SPI1_IRQHandler                          0x080001e7   Thumb Code     0  startup_stm32f103xe.o(.text)
    SPI2_IRQHandler                          0x080001e7   Thumb Code     0  startup_stm32f103xe.o(.text)
    SPI3_IRQHandler                          0x080001e7   Thumb Code     0  startup_stm32f103xe.o(.text)
    TAMPER_IRQHandler                        0x080001e7   Thumb Code     0  startup_stm32f103xe.o(.text)
    TIM1_BRK_IRQHandler                      0x080001e7   Thumb Code     0  startup_stm32f103xe.o(.text)
    TIM1_CC_IRQHandler                       0x080001e7   Thumb Code     0  startup_stm32f103xe.o(.text)
    TIM1_TRG_COM_IRQHandler                  0x080001e7   Thumb Code     0  startup_stm32f103xe.o(.text)
    TIM1_UP_IRQHandler                       0x080001e7   Thumb Code     0  startup_stm32f103xe.o(.text)
    TIM2_IRQHandler                          0x080001e7   Thumb Code     0  startup_stm32f103xe.o(.text)
    TIM4_IRQHandler                          0x080001e7   Thumb Code     0  startup_stm32f103xe.o(.text)
    TIM5_IRQHandler                          0x080001e7   Thumb Code     0  startup_stm32f103xe.o(.text)
    TIM6_IRQHandler                          0x080001e7   Thumb Code     0  startup_stm32f103xe.o(.text)
    TIM7_IRQHandler                          0x080001e7   Thumb Code     0  startup_stm32f103xe.o(.text)
    TIM8_BRK_IRQHandler                      0x080001e7   Thumb Code     0  startup_stm32f103xe.o(.text)
    TIM8_CC_IRQHandler                       0x080001e7   Thumb Code     0  startup_stm32f103xe.o(.text)
    TIM8_TRG_COM_IRQHandler                  0x080001e7   Thumb Code     0  startup_stm32f103xe.o(.text)
    TIM8_UP_IRQHandler                       0x080001e7   Thumb Code     0  startup_stm32f103xe.o(.text)
    UART4_IRQHandler                         0x080001e7   Thumb Code     0  startup_stm32f103xe.o(.text)
    UART5_IRQHandler                         0x080001e7   Thumb Code     0  startup_stm32f103xe.o(.text)
    USART2_IRQHandler                        0x080001e7   Thumb Code     0  startup_stm32f103xe.o(.text)
    USBWakeUp_IRQHandler                     0x080001e7   Thumb Code     0  startup_stm32f103xe.o(.text)
    USB_HP_CAN1_TX_IRQHandler                0x080001e7   Thumb Code     0  startup_stm32f103xe.o(.text)
    USB_LP_CAN1_RX0_IRQHandler               0x080001e7   Thumb Code     0  startup_stm32f103xe.o(.text)
    WWDG_IRQHandler                          0x080001e7   Thumb Code     0  startup_stm32f103xe.o(.text)
    __user_initial_stackheap                 0x080001e9   Thumb Code     0  startup_stm32f103xe.o(.text)
    __aeabi_memcpy                           0x0800020d   Thumb Code     0  rt_memcpy_v6.o(.text)
    __rt_memcpy                              0x0800020d   Thumb Code   138  rt_memcpy_v6.o(.text)
    _memcpy_lastbytes                        0x08000273   Thumb Code     0  rt_memcpy_v6.o(.text)
    __aeabi_memclr                           0x08000297   Thumb Code     0  rt_memclr.o(.text)
    __rt_memclr                              0x08000297   Thumb Code    68  rt_memclr.o(.text)
    _memset                                  0x0800029b   Thumb Code     0  rt_memclr.o(.text)
    __aeabi_memclr4                          0x080002db   Thumb Code     0  rt_memclr_w.o(.text)
    __aeabi_memclr8                          0x080002db   Thumb Code     0  rt_memclr_w.o(.text)
    __rt_memclr_w                            0x080002db   Thumb Code    78  rt_memclr_w.o(.text)
    _memset_w                                0x080002df   Thumb Code     0  rt_memclr_w.o(.text)
    __use_two_region_memory                  0x08000329   Thumb Code     2  heapauxi.o(.text)
    __rt_heap_escrow$2region                 0x0800032b   Thumb Code     2  heapauxi.o(.text)
    __rt_heap_expand$2region                 0x0800032d   Thumb Code     2  heapauxi.o(.text)
    __aeabi_memcpy4                          0x0800032f   Thumb Code     0  rt_memcpy_w.o(.text)
    __aeabi_memcpy8                          0x0800032f   Thumb Code     0  rt_memcpy_w.o(.text)
    __rt_memcpy_w                            0x0800032f   Thumb Code   100  rt_memcpy_w.o(.text)
    _memcpy_lastbytes_aligned                0x08000377   Thumb Code     0  rt_memcpy_w.o(.text)
    __user_libspace                          0x08000395   Thumb Code     8  libspace.o(.text)
    __user_perproc_libspace                  0x08000395   Thumb Code     0  libspace.o(.text)
    __user_perthread_libspace                0x08000395   Thumb Code     0  libspace.o(.text)
    __user_setup_stackheap                   0x0800039d   Thumb Code    74  sys_stackheap_outer.o(.text)
    exit                                     0x080003e7   Thumb Code    18  exit.o(.text)
    _sys_exit                                0x080003f9   Thumb Code     8  sys_exit.o(.text)
    __I$use$semihosting                      0x08000405   Thumb Code     0  use_no_semi.o(.text)
    __use_no_semihosting_swi                 0x08000405   Thumb Code     2  use_no_semi.o(.text)
    BusFault_Handler                         0x08000407   Thumb Code     2  stm32f1xx_it.o(i.BusFault_Handler)
    __semihosting_library_function           0x08000407   Thumb Code     0  indicate_semi.o(.text)
    Car_Forward                              0x08000409   Thumb Code    24  bsp_motor.o(i.Car_Forward)
    Car_Turn_Left                            0x0800042d   Thumb Code    24  bsp_motor.o(i.Car_Turn_Left)
    Car_Turn_Right                           0x08000451   Thumb Code    24  bsp_motor.o(i.Car_Turn_Right)
    DebugMon_Handler                         0x08000475   Thumb Code     2  stm32f1xx_it.o(i.DebugMon_Handler)
    Delay1_ms                                0x08000477   Thumb Code    22  systick.o(i.Delay1_ms)
    DelayUs                                  0x0800048d   Thumb Code    34  systick.o(i.DelayUs)
    Error_Handler                            0x080004af   Thumb Code     4  main.o(i.Error_Handler)
    FSMC_NORSRAM_Extended_Timing_Init        0x080004b5   Thumb Code    56  stm32f1xx_ll_fsmc.o(i.FSMC_NORSRAM_Extended_Timing_Init)
    FSMC_NORSRAM_Init                        0x080004f1   Thumb Code   148  stm32f1xx_ll_fsmc.o(i.FSMC_NORSRAM_Init)
    FSMC_NORSRAM_Timing_Init                 0x08000589   Thumb Code    64  stm32f1xx_ll_fsmc.o(i.FSMC_NORSRAM_Timing_Init)
    Forward                                  0x080005cd   Thumb Code    10  bsp_motor.o(i.Forward)
    HAL_DMA_Abort                            0x080005dd   Thumb Code    70  stm32f1xx_hal_dma.o(i.HAL_DMA_Abort)
    HAL_DMA_Abort_IT                         0x08000625   Thumb Code   296  stm32f1xx_hal_dma.o(i.HAL_DMA_Abort_IT)
    HAL_GPIO_Init                            0x08000755   Thumb Code   462  stm32f1xx_hal_gpio.o(i.HAL_GPIO_Init)
    HAL_GetTick                              0x0800094d   Thumb Code     6  stm32f1xx_hal.o(i.HAL_GetTick)
    HAL_IncTick                              0x08000959   Thumb Code    12  stm32f1xx_hal.o(i.HAL_IncTick)
    HAL_Init                                 0x08000969   Thumb Code    32  stm32f1xx_hal.o(i.HAL_Init)
    HAL_InitTick                             0x0800098d   Thumb Code    54  stm32f1xx_hal.o(i.HAL_InitTick)
    HAL_MspInit                              0x080009cd   Thumb Code    52  stm32f1xx_hal_msp.o(i.HAL_MspInit)
    HAL_NVIC_EnableIRQ                       0x08000a09   Thumb Code    26  stm32f1xx_hal_cortex.o(i.HAL_NVIC_EnableIRQ)
    HAL_NVIC_SetPriority                     0x08000a25   Thumb Code    60  stm32f1xx_hal_cortex.o(i.HAL_NVIC_SetPriority)
    HAL_NVIC_SetPriorityGrouping             0x08000a65   Thumb Code    26  stm32f1xx_hal_cortex.o(i.HAL_NVIC_SetPriorityGrouping)
    HAL_RCC_ClockConfig                      0x08000a89   Thumb Code   280  stm32f1xx_hal_rcc.o(i.HAL_RCC_ClockConfig)
    HAL_RCC_GetPCLK1Freq                     0x08000bb5   Thumb Code    20  stm32f1xx_hal_rcc.o(i.HAL_RCC_GetPCLK1Freq)
    HAL_RCC_GetPCLK2Freq                     0x08000bd5   Thumb Code    20  stm32f1xx_hal_rcc.o(i.HAL_RCC_GetPCLK2Freq)
    HAL_RCC_GetSysClockFreq                  0x08000bf5   Thumb Code    58  stm32f1xx_hal_rcc.o(i.HAL_RCC_GetSysClockFreq)
    HAL_RCC_OscConfig                        0x08000c41   Thumb Code   778  stm32f1xx_hal_rcc.o(i.HAL_RCC_OscConfig)
    HAL_SRAM_Init                            0x08000f61   Thumb Code    86  stm32f1xx_hal_sram.o(i.HAL_SRAM_Init)
    HAL_SRAM_MspInit                         0x08000fb7   Thumb Code     2  stm32f1xx_hal_sram.o(i.HAL_SRAM_MspInit)
    HAL_SYSTICK_Config                       0x08000fb9   Thumb Code    40  stm32f1xx_hal_cortex.o(i.HAL_SYSTICK_Config)
    HAL_TIMEx_BreakCallback                  0x08000fe1   Thumb Code     2  stm32f1xx_hal_tim_ex.o(i.HAL_TIMEx_BreakCallback)
    HAL_TIMEx_CommutCallback                 0x08000fe3   Thumb Code     2  stm32f1xx_hal_tim_ex.o(i.HAL_TIMEx_CommutCallback)
    HAL_TIMEx_ConfigBreakDeadTime            0x08000fe5   Thumb Code    84  stm32f1xx_hal_tim_ex.o(i.HAL_TIMEx_ConfigBreakDeadTime)
    HAL_TIMEx_MasterConfigSynchronization    0x08001039   Thumb Code   104  stm32f1xx_hal_tim_ex.o(i.HAL_TIMEx_MasterConfigSynchronization)
    HAL_TIM_Base_Init                        0x080010b5   Thumb Code    90  stm32f1xx_hal_tim.o(i.HAL_TIM_Base_Init)
    HAL_TIM_Base_MspInit                     0x08001111   Thumb Code    30  tim.o(i.HAL_TIM_Base_MspInit)
    HAL_TIM_Base_Start                       0x08001139   Thumb Code    78  stm32f1xx_hal_tim.o(i.HAL_TIM_Base_Start)
    HAL_TIM_ConfigClockSource                0x0800119d   Thumb Code   220  stm32f1xx_hal_tim.o(i.HAL_TIM_ConfigClockSource)
    HAL_TIM_IC_CaptureCallback               0x08001279   Thumb Code   122  tim.o(i.HAL_TIM_IC_CaptureCallback)
    HAL_TIM_IC_ConfigChannel                 0x080012fd   Thumb Code   292  stm32f1xx_hal_tim.o(i.HAL_TIM_IC_ConfigChannel)
    HAL_TIM_IC_Init                          0x08001421   Thumb Code    90  stm32f1xx_hal_tim.o(i.HAL_TIM_IC_Init)
    HAL_TIM_IC_MspInit                       0x0800147d   Thumb Code   106  tim.o(i.HAL_TIM_IC_MspInit)
    HAL_TIM_IC_Start_IT                      0x080014f9   Thumb Code   228  stm32f1xx_hal_tim.o(i.HAL_TIM_IC_Start_IT)
    HAL_TIM_IRQHandler                       0x080015f1   Thumb Code   358  stm32f1xx_hal_tim.o(i.HAL_TIM_IRQHandler)
    HAL_TIM_MspPostInit                      0x08001759   Thumb Code   100  tim.o(i.HAL_TIM_MspPostInit)
    HAL_TIM_OC_DelayElapsedCallback          0x080017d1   Thumb Code     2  stm32f1xx_hal_tim.o(i.HAL_TIM_OC_DelayElapsedCallback)
    HAL_TIM_PWM_ConfigChannel                0x080017d3   Thumb Code   204  stm32f1xx_hal_tim.o(i.HAL_TIM_PWM_ConfigChannel)
    HAL_TIM_PWM_Init                         0x0800189f   Thumb Code    90  stm32f1xx_hal_tim.o(i.HAL_TIM_PWM_Init)
    HAL_TIM_PWM_MspInit                      0x080018f9   Thumb Code    30  tim.o(i.HAL_TIM_PWM_MspInit)
    HAL_TIM_PWM_PulseFinishedCallback        0x08001921   Thumb Code     2  stm32f1xx_hal_tim.o(i.HAL_TIM_PWM_PulseFinishedCallback)
    HAL_TIM_PeriodElapsedCallback            0x08001925   Thumb Code    38  tim.o(i.HAL_TIM_PeriodElapsedCallback)
    HAL_TIM_ReadCapturedValue                0x08001951   Thumb Code    42  stm32f1xx_hal_tim.o(i.HAL_TIM_ReadCapturedValue)
    HAL_TIM_TriggerCallback                  0x0800197b   Thumb Code     2  stm32f1xx_hal_tim.o(i.HAL_TIM_TriggerCallback)
    HAL_UARTEx_RxEventCallback               0x0800197d   Thumb Code     2  stm32f1xx_hal_uart.o(i.HAL_UARTEx_RxEventCallback)
    HAL_UART_ErrorCallback                   0x0800197f   Thumb Code     2  stm32f1xx_hal_uart.o(i.HAL_UART_ErrorCallback)
    HAL_UART_IRQHandler                      0x08001981   Thumb Code   616  stm32f1xx_hal_uart.o(i.HAL_UART_IRQHandler)
    HAL_UART_Init                            0x08001bed   Thumb Code   100  stm32f1xx_hal_uart.o(i.HAL_UART_Init)
    HAL_UART_MspInit                         0x08001c51   Thumb Code   318  usart.o(i.HAL_UART_MspInit)
    HAL_UART_Receive_IT                      0x08001dad   Thumb Code    28  stm32f1xx_hal_uart.o(i.HAL_UART_Receive_IT)
    HAL_UART_RxCpltCallback                  0x08001dc9   Thumb Code   300  usart.o(i.HAL_UART_RxCpltCallback)
    HAL_UART_Transmit                        0x08001f2d   Thumb Code   154  stm32f1xx_hal_uart.o(i.HAL_UART_Transmit)
    HAL_UART_TxCpltCallback                  0x08001fc7   Thumb Code     2  stm32f1xx_hal_uart.o(i.HAL_UART_TxCpltCallback)
    HardFault_Handler                        0x08001fc9   Thumb Code     2  stm32f1xx_it.o(i.HardFault_Handler)
    I2C_SDA_IN                               0x08001fcd   Thumb Code    26  i2c.o(i.I2C_SDA_IN)
    I2C_SDA_OUT                              0x08001fed   Thumb Code    26  i2c.o(i.I2C_SDA_OUT)
    I2C_Write_Len                            0x0800200d   Thumb Code    82  i2c.o(i.I2C_Write_Len)
    IIC_init                                 0x08002061   Thumb Code    58  i2c.o(i.IIC_init)
    IIC_send_byte                            0x080020a9   Thumb Code    72  i2c.o(i.IIC_send_byte)
    IIC_start                                0x080020f5   Thumb Code    42  i2c.o(i.IIC_start)
    IIC_stop                                 0x08002125   Thumb Code    44  i2c.o(i.IIC_stop)
    IIC_wait_ack                             0x08002155   Thumb Code    64  i2c.o(i.IIC_wait_ack)
    ILI9341_BackLed_Control                  0x08002199   Thumb Code    16  bsp_ili9341_lcd.o(i.ILI9341_BackLed_Control)
    ILI9341_Clear                            0x080021ad   Thumb Code    26  bsp_ili9341_lcd.o(i.ILI9341_Clear)
    ILI9341_DispChar_EN                      0x080021dd   Thumb Code    98  bsp_ili9341_lcd.o(i.ILI9341_DispChar_EN)
    ILI9341_DispStringLine_EN                0x08002249   Thumb Code    72  bsp_ili9341_lcd.o(i.ILI9341_DispStringLine_EN)
    ILI9341_GramScan                         0x080023bd   Thumb Code   126  bsp_ili9341_lcd.o(i.ILI9341_GramScan)
    ILI9341_Init                             0x08002445   Thumb Code    36  bsp_ili9341_lcd.o(i.ILI9341_Init)
    ILI9341_OpenWindow                       0x0800246d   Thumb Code    58  bsp_ili9341_lcd.o(i.ILI9341_OpenWindow)
    ILI9341_ReadID                           0x0800278d   Thumb Code    68  bsp_ili9341_lcd.o(i.ILI9341_ReadID)
    ILI9341_Rst                              0x080027d5   Thumb Code    34  bsp_ili9341_lcd.o(i.ILI9341_Rst)
    LCD_GetFont                              0x080027fd   Thumb Code     6  bsp_ili9341_lcd.o(i.LCD_GetFont)
    LCD_SetColors                            0x08002809   Thumb Code     8  bsp_ili9341_lcd.o(i.LCD_SetColors)
    LCD_SetFont                              0x08002815   Thumb Code     6  bsp_ili9341_lcd.o(i.LCD_SetFont)
    MX_GPIO_Init                             0x08002821   Thumb Code    54  gpio.o(i.MX_GPIO_Init)
    MX_TIM1_Init                             0x0800285d   Thumb Code   152  tim.o(i.MX_TIM1_Init)
    MX_TIM3_Init                             0x080028fd   Thumb Code   100  tim.o(i.MX_TIM3_Init)
    MX_TIM4_Init                             0x08002969   Thumb Code   190  tim.o(i.MX_TIM4_Init)
    MX_USART1_UART_Init                      0x08002a31   Thumb Code    48  usart.o(i.MX_USART1_UART_Init)
    MX_USART3_UART_Init                      0x08002a69   Thumb Code    48  usart.o(i.MX_USART3_UART_Init)
    MX_USART4_UART_Init                      0x08002aa1   Thumb Code    48  usart.o(i.MX_USART4_UART_Init)
    MemManage_Handler                        0x08002ad9   Thumb Code     2  stm32f1xx_it.o(i.MemManage_Handler)
    NMI_Handler                              0x08002adb   Thumb Code     2  stm32f1xx_it.o(i.NMI_Handler)
    PendSV_Handler                           0x08002add   Thumb Code     2  stm32f1xx_it.o(i.PendSV_Handler)
    SVC_Handler                              0x08002adf   Thumb Code     2  stm32f1xx_it.o(i.SVC_Handler)
    Stopward                                 0x08002ae1   Thumb Code     2  bsp_motor.o(i.Stopward)
    SysTick_Handler                          0x08002ae3   Thumb Code     4  stm32f1xx_it.o(i.SysTick_Handler)
    SystemClock_Config                       0x08002ae7   Thumb Code    94  main.o(i.SystemClock_Config)
    SystemInit                               0x08002b45   Thumb Code     2  system_stm32f1xx.o(i.SystemInit)
    TIM3_IRQHandler                          0x08002b49   Thumb Code     6  stm32f1xx_it.o(i.TIM3_IRQHandler)
    TIM_Base_SetConfig                       0x08002b55   Thumb Code   120  stm32f1xx_hal_tim.o(i.TIM_Base_SetConfig)
    TIM_CCxChannelCmd                        0x08002be1   Thumb Code    26  stm32f1xx_hal_tim.o(i.TIM_CCxChannelCmd)
    TIM_ETR_SetConfig                        0x08002bfb   Thumb Code    20  stm32f1xx_hal_tim.o(i.TIM_ETR_SetConfig)
    TIM_OC2_SetConfig                        0x08002c81   Thumb Code    98  stm32f1xx_hal_tim.o(i.TIM_OC2_SetConfig)
    TIM_TI1_SetConfig                        0x08002dc9   Thumb Code    88  stm32f1xx_hal_tim.o(i.TIM_TI1_SetConfig)
    Turn_Left                                0x08002e91   Thumb Code    10  bsp_motor.o(i.Turn_Left)
    Turn_Right                               0x08002ea1   Thumb Code    10  bsp_motor.o(i.Turn_Right)
    UART_Start_Receive_IT                    0x08003089   Thumb Code    54  stm32f1xx_hal_uart.o(i.UART_Start_Receive_IT)
    USART1_IRQHandler                        0x08003139   Thumb Code     6  stm32f1xx_it.o(i.USART1_IRQHandler)
    USART3_IRQHandler                        0x08003145   Thumb Code     6  stm32f1xx_it.o(i.USART3_IRQHandler)
    UsageFault_Handler                       0x08003151   Thumb Code     2  stm32f1xx_it.o(i.UsageFault_Handler)
    main                                     0x08003175   Thumb Code   662  main.o(i.main)
    ms_delay                                 0x08003471   Thumb Code    36  systick.o(i.ms_delay)
    navigate_to_ball                         0x08003495   Thumb Code   166  bsp_motor.o(i.navigate_to_ball)
    ASCII8x16_Table                          0x08003560   Data        1520  fonts.o(.constdata)
    AHBPrescTable                            0x08003b62   Data          16  system_stm32f1xx.o(.constdata)
    APBPrescTable                            0x08003b72   Data           8  system_stm32f1xx.o(.constdata)
    Region$$Table$$Base                      0x08003b7c   Number         0  anon$$obj.o(Region$$Table)
    Region$$Table$$Limit                     0x08003b9c   Number         0  anon$$obj.o(Region$$Table)
    stop                                     0x20000000   Data           4  bsp_motor.o(.data)
    forward                                  0x20000004   Data           4  bsp_motor.o(.data)
    back_toward                              0x20000008   Data           4  bsp_motor.o(.data)
    right                                    0x2000000c   Data           4  bsp_motor.o(.data)
    left                                     0x20000010   Data           4  bsp_motor.o(.data)
    Font8x16                                 0x20000014   Data           8  fonts.o(.data)
    LCD_SCAN_MODE                            0x2000001c   Data           1  bsp_ili9341_lcd.o(.data)
    LCD_X_LENGTH                             0x2000001e   Data           2  bsp_ili9341_lcd.o(.data)
    LCD_Y_LENGTH                             0x20000020   Data           2  bsp_ili9341_lcd.o(.data)
    lcdid                                    0x20000022   Data           2  bsp_ili9341_lcd.o(.data)
    TIM3CH2_CAPTURE_STA                      0x2000002c   Data           1  tim.o(.data)
    TIM3CH2_CAPTURE_VAL                      0x2000002e   Data           2  tim.o(.data)
    rx_data                                  0x20000030   Data           2  usart.o(.data)
    rx_data4                                 0x20000032   Data           2  usart.o(.data)
    rx_data1                                 0x20000034   Data           2  usart.o(.data)
    point1                                   0x20000038   Data           4  usart.o(.data)
    point                                    0x2000003c   Data           4  usart.o(.data)
    newcar_point                             0x20000040   Data           4  usart.o(.data)
    stage                                    0x20000044   Data           4  usart.o(.data)
    coordinates_updated                      0x20000048   Data           4  usart.o(.data)
    x                                        0x2000004c   Data           4  usart.o(.data)
    y                                        0x20000050   Data           4  usart.o(.data)
    uwTickFreq                               0x20000054   Data           1  stm32f1xx_hal.o(.data)
    uwTickPrio                               0x20000058   Data           4  stm32f1xx_hal.o(.data)
    uwTick                                   0x2000005c   Data           4  stm32f1xx_hal.o(.data)
    SystemCoreClock                          0x20000060   Data           4  system_stm32f1xx.o(.data)
    htim1                                    0x200000c4   Data          72  tim.o(.bss)
    htim3                                    0x2000010c   Data          72  tim.o(.bss)
    htim4                                    0x20000154   Data          72  tim.o(.bss)
    USART_RX_BUF                             0x2000019c   Data         200  usart.o(.bss)
    huart1                                   0x20000264   Data          72  usart.o(.bss)
    huart3                                   0x200002ac   Data          72  usart.o(.bss)
    huart4                                   0x200002f4   Data          72  usart.o(.bss)
    Save_Data                                0x2000033c   Data         121  gps.o(.bss)
    __libspace_start                         0x200003b8   Data          96  libspace.o(.bss)
    __temporary_stack_top$libspace           0x20000418   Data           0  libspace.o(.bss)



==============================================================================

Memory Map of the image

  Image Entry point : 0x08000131

  Load Region LR_IROM1 (Base: 0x08000000, Size: 0x00003c00, Max: 0x00080000, ABSOLUTE)

    Execution Region ER_IROM1 (Exec base: 0x08000000, Load base: 0x08000000, Size: 0x00003b9c, Max: 0x00080000, ABSOLUTE)

    Exec Addr    Load Addr    Size         Type   Attr      Idx    E Section Name        Object

    0x08000000   0x08000000   0x00000130   Data   RO            3    RESET               startup_stm32f103xe.o
    0x08000130   0x08000130   0x00000008   Code   RO         3972  * !!!main             c_w.l(__main.o)
    0x08000138   0x08000138   0x00000034   Code   RO         4325    !!!scatter          c_w.l(__scatter.o)
    0x0800016c   0x0800016c   0x0000001a   Code   RO         4327    !!handler_copy      c_w.l(__scatter_copy.o)
    0x08000186   0x08000186   0x00000002   PAD
    0x08000188   0x08000188   0x0000001c   Code   RO         4329    !!handler_zi        c_w.l(__scatter_zi.o)
    0x080001a4   0x080001a4   0x00000002   Code   RO         4193    .ARM.Collect$$libinit$$00000000  c_w.l(libinit.o)
    0x080001a6   0x080001a6   0x00000000   Code   RO         4195    .ARM.Collect$$libinit$$00000002  c_w.l(libinit2.o)
    0x080001a6   0x080001a6   0x00000000   Code   RO         4197    .ARM.Collect$$libinit$$00000004  c_w.l(libinit2.o)
    0x080001a6   0x080001a6   0x00000000   Code   RO         4200    .ARM.Collect$$libinit$$0000000A  c_w.l(libinit2.o)
    0x080001a6   0x080001a6   0x00000000   Code   RO         4202    .ARM.Collect$$libinit$$0000000C  c_w.l(libinit2.o)
    0x080001a6   0x080001a6   0x00000000   Code   RO         4204    .ARM.Collect$$libinit$$0000000E  c_w.l(libinit2.o)
    0x080001a6   0x080001a6   0x00000000   Code   RO         4207    .ARM.Collect$$libinit$$00000011  c_w.l(libinit2.o)
    0x080001a6   0x080001a6   0x00000000   Code   RO         4209    .ARM.Collect$$libinit$$00000013  c_w.l(libinit2.o)
    0x080001a6   0x080001a6   0x00000000   Code   RO         4211    .ARM.Collect$$libinit$$00000015  c_w.l(libinit2.o)
    0x080001a6   0x080001a6   0x00000000   Code   RO         4213    .ARM.Collect$$libinit$$00000017  c_w.l(libinit2.o)
    0x080001a6   0x080001a6   0x00000000   Code   RO         4215    .ARM.Collect$$libinit$$00000019  c_w.l(libinit2.o)
    0x080001a6   0x080001a6   0x00000000   Code   RO         4217    .ARM.Collect$$libinit$$0000001B  c_w.l(libinit2.o)
    0x080001a6   0x080001a6   0x00000000   Code   RO         4219    .ARM.Collect$$libinit$$0000001D  c_w.l(libinit2.o)
    0x080001a6   0x080001a6   0x00000000   Code   RO         4221    .ARM.Collect$$libinit$$0000001F  c_w.l(libinit2.o)
    0x080001a6   0x080001a6   0x00000000   Code   RO         4223    .ARM.Collect$$libinit$$00000021  c_w.l(libinit2.o)
    0x080001a6   0x080001a6   0x00000000   Code   RO         4225    .ARM.Collect$$libinit$$00000023  c_w.l(libinit2.o)
    0x080001a6   0x080001a6   0x00000000   Code   RO         4227    .ARM.Collect$$libinit$$00000025  c_w.l(libinit2.o)
    0x080001a6   0x080001a6   0x00000000   Code   RO         4231    .ARM.Collect$$libinit$$0000002C  c_w.l(libinit2.o)
    0x080001a6   0x080001a6   0x00000000   Code   RO         4233    .ARM.Collect$$libinit$$0000002E  c_w.l(libinit2.o)
    0x080001a6   0x080001a6   0x00000000   Code   RO         4235    .ARM.Collect$$libinit$$00000030  c_w.l(libinit2.o)
    0x080001a6   0x080001a6   0x00000000   Code   RO         4237    .ARM.Collect$$libinit$$00000032  c_w.l(libinit2.o)
    0x080001a6   0x080001a6   0x00000002   Code   RO         4238    .ARM.Collect$$libinit$$00000033  c_w.l(libinit2.o)
    0x080001a8   0x080001a8   0x00000002   Code   RO         4273    .ARM.Collect$$libshutdown$$00000000  c_w.l(libshutdown.o)
    0x080001aa   0x080001aa   0x00000000   Code   RO         4284    .ARM.Collect$$libshutdown$$00000002  c_w.l(libshutdown2.o)
    0x080001aa   0x080001aa   0x00000000   Code   RO         4286    .ARM.Collect$$libshutdown$$00000004  c_w.l(libshutdown2.o)
    0x080001aa   0x080001aa   0x00000000   Code   RO         4289    .ARM.Collect$$libshutdown$$00000007  c_w.l(libshutdown2.o)
    0x080001aa   0x080001aa   0x00000000   Code   RO         4292    .ARM.Collect$$libshutdown$$0000000A  c_w.l(libshutdown2.o)
    0x080001aa   0x080001aa   0x00000000   Code   RO         4294    .ARM.Collect$$libshutdown$$0000000C  c_w.l(libshutdown2.o)
    0x080001aa   0x080001aa   0x00000000   Code   RO         4297    .ARM.Collect$$libshutdown$$0000000F  c_w.l(libshutdown2.o)
    0x080001aa   0x080001aa   0x00000002   Code   RO         4298    .ARM.Collect$$libshutdown$$00000010  c_w.l(libshutdown2.o)
    0x080001ac   0x080001ac   0x00000000   Code   RO         4014    .ARM.Collect$$rtentry$$00000000  c_w.l(__rtentry.o)
    0x080001ac   0x080001ac   0x00000000   Code   RO         4107    .ARM.Collect$$rtentry$$00000002  c_w.l(__rtentry2.o)
    0x080001ac   0x080001ac   0x00000006   Code   RO         4119    .ARM.Collect$$rtentry$$00000004  c_w.l(__rtentry4.o)
    0x080001b2   0x080001b2   0x00000000   Code   RO         4109    .ARM.Collect$$rtentry$$00000009  c_w.l(__rtentry2.o)
    0x080001b2   0x080001b2   0x00000004   Code   RO         4110    .ARM.Collect$$rtentry$$0000000A  c_w.l(__rtentry2.o)
    0x080001b6   0x080001b6   0x00000000   Code   RO         4112    .ARM.Collect$$rtentry$$0000000C  c_w.l(__rtentry2.o)
    0x080001b6   0x080001b6   0x00000008   Code   RO         4113    .ARM.Collect$$rtentry$$0000000D  c_w.l(__rtentry2.o)
    0x080001be   0x080001be   0x00000002   Code   RO         4241    .ARM.Collect$$rtexit$$00000000  c_w.l(rtexit.o)
    0x080001c0   0x080001c0   0x00000000   Code   RO         4251    .ARM.Collect$$rtexit$$00000002  c_w.l(rtexit2.o)
    0x080001c0   0x080001c0   0x00000004   Code   RO         4252    .ARM.Collect$$rtexit$$00000003  c_w.l(rtexit2.o)
    0x080001c4   0x080001c4   0x00000006   Code   RO         4253    .ARM.Collect$$rtexit$$00000004  c_w.l(rtexit2.o)
    0x080001ca   0x080001ca   0x00000002   PAD
    0x080001cc   0x080001cc   0x00000040   Code   RO            4    .text               startup_stm32f103xe.o
    0x0800020c   0x0800020c   0x0000008a   Code   RO         3964    .text               c_w.l(rt_memcpy_v6.o)
    0x08000296   0x08000296   0x00000044   Code   RO         3966    .text               c_w.l(rt_memclr.o)
    0x080002da   0x080002da   0x0000004e   Code   RO         3968    .text               c_w.l(rt_memclr_w.o)
    0x08000328   0x08000328   0x00000006   Code   RO         3970    .text               c_w.l(heapauxi.o)
    0x0800032e   0x0800032e   0x00000064   Code   RO         4085    .text               c_w.l(rt_memcpy_w.o)
    0x08000392   0x08000392   0x00000002   PAD
    0x08000394   0x08000394   0x00000008   Code   RO         4177    .text               c_w.l(libspace.o)
    0x0800039c   0x0800039c   0x0000004a   Code   RO         4180    .text               c_w.l(sys_stackheap_outer.o)
    0x080003e6   0x080003e6   0x00000012   Code   RO         4184    .text               c_w.l(exit.o)
    0x080003f8   0x080003f8   0x0000000c   Code   RO         4263    .text               c_w.l(sys_exit.o)
    0x08000404   0x08000404   0x00000002   Code   RO         4274    .text               c_w.l(use_no_semi.o)
    0x08000406   0x08000406   0x00000000   Code   RO         4276    .text               c_w.l(indicate_semi.o)
    0x08000406   0x08000406   0x00000002   Code   RO          944    i.BusFault_Handler  stm32f1xx_it.o
    0x08000408   0x08000408   0x00000024   Code   RO           14    i.Car_Forward       bsp_motor.o
    0x0800042c   0x0800042c   0x00000024   Code   RO           15    i.Car_Turn_Left     bsp_motor.o
    0x08000450   0x08000450   0x00000024   Code   RO           16    i.Car_Turn_Right    bsp_motor.o
    0x08000474   0x08000474   0x00000002   Code   RO          945    i.DebugMon_Handler  stm32f1xx_it.o
    0x08000476   0x08000476   0x00000016   Code   RO         1062    i.Delay1_ms         systick.o
    0x0800048c   0x0800048c   0x00000022   Code   RO         1063    i.DelayUs           systick.o
    0x080004ae   0x080004ae   0x00000004   Code   RO          697    i.Error_Handler     main.o
    0x080004b2   0x080004b2   0x00000002   PAD
    0x080004b4   0x080004b4   0x0000003c   Code   RO         3775    i.FSMC_NORSRAM_Extended_Timing_Init  stm32f1xx_ll_fsmc.o
    0x080004f0   0x080004f0   0x00000098   Code   RO         3776    i.FSMC_NORSRAM_Init  stm32f1xx_ll_fsmc.o
    0x08000588   0x08000588   0x00000044   Code   RO         3777    i.FSMC_NORSRAM_Timing_Init  stm32f1xx_ll_fsmc.o
    0x080005cc   0x080005cc   0x00000010   Code   RO           18    i.Forward           bsp_motor.o
    0x080005dc   0x080005dc   0x00000046   Code   RO         2652    i.HAL_DMA_Abort     stm32f1xx_hal_dma.o
    0x08000622   0x08000622   0x00000002   PAD
    0x08000624   0x08000624   0x00000130   Code   RO         2653    i.HAL_DMA_Abort_IT  stm32f1xx_hal_dma.o
    0x08000754   0x08000754   0x000001f8   Code   RO         2588    i.HAL_GPIO_Init     stm32f1xx_hal_gpio.o
    0x0800094c   0x0800094c   0x0000000c   Code   RO         2282    i.HAL_GetTick       stm32f1xx_hal.o
    0x08000958   0x08000958   0x00000010   Code   RO         2288    i.HAL_IncTick       stm32f1xx_hal.o
    0x08000968   0x08000968   0x00000024   Code   RO         2289    i.HAL_Init          stm32f1xx_hal.o
    0x0800098c   0x0800098c   0x00000040   Code   RO         2290    i.HAL_InitTick      stm32f1xx_hal.o
    0x080009cc   0x080009cc   0x0000003c   Code   RO         1038    i.HAL_MspInit       stm32f1xx_hal_msp.o
    0x08000a08   0x08000a08   0x0000001a   Code   RO         2748    i.HAL_NVIC_EnableIRQ  stm32f1xx_hal_cortex.o
    0x08000a22   0x08000a22   0x00000002   PAD
    0x08000a24   0x08000a24   0x00000040   Code   RO         2754    i.HAL_NVIC_SetPriority  stm32f1xx_hal_cortex.o
    0x08000a64   0x08000a64   0x00000024   Code   RO         2755    i.HAL_NVIC_SetPriorityGrouping  stm32f1xx_hal_cortex.o
    0x08000a88   0x08000a88   0x0000012c   Code   RO         2446    i.HAL_RCC_ClockConfig  stm32f1xx_hal_rcc.o
    0x08000bb4   0x08000bb4   0x00000020   Code   RO         2453    i.HAL_RCC_GetPCLK1Freq  stm32f1xx_hal_rcc.o
    0x08000bd4   0x08000bd4   0x00000020   Code   RO         2454    i.HAL_RCC_GetPCLK2Freq  stm32f1xx_hal_rcc.o
    0x08000bf4   0x08000bf4   0x0000004c   Code   RO         2455    i.HAL_RCC_GetSysClockFreq  stm32f1xx_hal_rcc.o
    0x08000c40   0x08000c40   0x00000320   Code   RO         2458    i.HAL_RCC_OscConfig  stm32f1xx_hal_rcc.o
    0x08000f60   0x08000f60   0x00000056   Code   RO         3651    i.HAL_SRAM_Init     stm32f1xx_hal_sram.o
    0x08000fb6   0x08000fb6   0x00000002   Code   RO         3653    i.HAL_SRAM_MspInit  stm32f1xx_hal_sram.o
    0x08000fb8   0x08000fb8   0x00000028   Code   RO         2759    i.HAL_SYSTICK_Config  stm32f1xx_hal_cortex.o
    0x08000fe0   0x08000fe0   0x00000002   Code   RO         2004    i.HAL_TIMEx_BreakCallback  stm32f1xx_hal_tim_ex.o
    0x08000fe2   0x08000fe2   0x00000002   Code   RO         2005    i.HAL_TIMEx_CommutCallback  stm32f1xx_hal_tim_ex.o
    0x08000fe4   0x08000fe4   0x00000054   Code   RO         2007    i.HAL_TIMEx_ConfigBreakDeadTime  stm32f1xx_hal_tim_ex.o
    0x08001038   0x08001038   0x0000007c   Code   RO         2023    i.HAL_TIMEx_MasterConfigSynchronization  stm32f1xx_hal_tim_ex.o
    0x080010b4   0x080010b4   0x0000005a   Code   RO         1300    i.HAL_TIM_Base_Init  stm32f1xx_hal_tim.o
    0x0800110e   0x0800110e   0x00000002   PAD
    0x08001110   0x08001110   0x00000028   Code   RO          769    i.HAL_TIM_Base_MspInit  tim.o
    0x08001138   0x08001138   0x00000064   Code   RO         1303    i.HAL_TIM_Base_Start  stm32f1xx_hal_tim.o
    0x0800119c   0x0800119c   0x000000dc   Code   RO         1309    i.HAL_TIM_ConfigClockSource  stm32f1xx_hal_tim.o
    0x08001278   0x08001278   0x00000084   Code   RO          770    i.HAL_TIM_IC_CaptureCallback  tim.o
    0x080012fc   0x080012fc   0x00000124   Code   RO         1336    i.HAL_TIM_IC_ConfigChannel  stm32f1xx_hal_tim.o
    0x08001420   0x08001420   0x0000005a   Code   RO         1339    i.HAL_TIM_IC_Init   stm32f1xx_hal_tim.o
    0x0800147a   0x0800147a   0x00000002   PAD
    0x0800147c   0x0800147c   0x0000007c   Code   RO          772    i.HAL_TIM_IC_MspInit  tim.o
    0x080014f8   0x080014f8   0x000000f8   Code   RO         1344    i.HAL_TIM_IC_Start_IT  stm32f1xx_hal_tim.o
    0x080015f0   0x080015f0   0x00000166   Code   RO         1348    i.HAL_TIM_IRQHandler  stm32f1xx_hal_tim.o
    0x08001756   0x08001756   0x00000002   PAD
    0x08001758   0x08001758   0x00000078   Code   RO          773    i.HAL_TIM_MspPostInit  tim.o
    0x080017d0   0x080017d0   0x00000002   Code   RO         1351    i.HAL_TIM_OC_DelayElapsedCallback  stm32f1xx_hal_tim.o
    0x080017d2   0x080017d2   0x000000cc   Code   RO         1372    i.HAL_TIM_PWM_ConfigChannel  stm32f1xx_hal_tim.o
    0x0800189e   0x0800189e   0x0000005a   Code   RO         1375    i.HAL_TIM_PWM_Init  stm32f1xx_hal_tim.o
    0x080018f8   0x080018f8   0x00000028   Code   RO          775    i.HAL_TIM_PWM_MspInit  tim.o
    0x08001920   0x08001920   0x00000002   Code   RO         1378    i.HAL_TIM_PWM_PulseFinishedCallback  stm32f1xx_hal_tim.o
    0x08001922   0x08001922   0x00000002   PAD
    0x08001924   0x08001924   0x0000002c   Code   RO          776    i.HAL_TIM_PeriodElapsedCallback  tim.o
    0x08001950   0x08001950   0x0000002a   Code   RO         1388    i.HAL_TIM_ReadCapturedValue  stm32f1xx_hal_tim.o
    0x0800197a   0x0800197a   0x00000002   Code   RO         1391    i.HAL_TIM_TriggerCallback  stm32f1xx_hal_tim.o
    0x0800197c   0x0800197c   0x00000002   Code   RO         3260    i.HAL_UARTEx_RxEventCallback  stm32f1xx_hal_uart.o
    0x0800197e   0x0800197e   0x00000002   Code   RO         3274    i.HAL_UART_ErrorCallback  stm32f1xx_hal_uart.o
    0x08001980   0x08001980   0x0000026c   Code   RO         3277    i.HAL_UART_IRQHandler  stm32f1xx_hal_uart.o
    0x08001bec   0x08001bec   0x00000064   Code   RO         3278    i.HAL_UART_Init     stm32f1xx_hal_uart.o
    0x08001c50   0x08001c50   0x0000015c   Code   RO          870    i.HAL_UART_MspInit  usart.o
    0x08001dac   0x08001dac   0x0000001c   Code   RO         3283    i.HAL_UART_Receive_IT  stm32f1xx_hal_uart.o
    0x08001dc8   0x08001dc8   0x00000164   Code   RO          871    i.HAL_UART_RxCpltCallback  usart.o
    0x08001f2c   0x08001f2c   0x0000009a   Code   RO         3286    i.HAL_UART_Transmit  stm32f1xx_hal_uart.o
    0x08001fc6   0x08001fc6   0x00000002   Code   RO         3289    i.HAL_UART_TxCpltCallback  stm32f1xx_hal_uart.o
    0x08001fc8   0x08001fc8   0x00000002   Code   RO          946    i.HardFault_Handler  stm32f1xx_it.o
    0x08001fca   0x08001fca   0x00000002   PAD
    0x08001fcc   0x08001fcc   0x00000020   Code   RO         1171    i.I2C_SDA_IN        i2c.o
    0x08001fec   0x08001fec   0x00000020   Code   RO         1172    i.I2C_SDA_OUT       i2c.o
    0x0800200c   0x0800200c   0x00000052   Code   RO         1173    i.I2C_Write_Len     i2c.o
    0x0800205e   0x0800205e   0x00000002   PAD
    0x08002060   0x08002060   0x00000048   Code   RO         1175    i.IIC_init          i2c.o
    0x080020a8   0x080020a8   0x0000004c   Code   RO         1178    i.IIC_send_byte     i2c.o
    0x080020f4   0x080020f4   0x00000030   Code   RO         1179    i.IIC_start         i2c.o
    0x08002124   0x08002124   0x00000030   Code   RO         1180    i.IIC_stop          i2c.o
    0x08002154   0x08002154   0x00000044   Code   RO         1181    i.IIC_wait_ack      i2c.o
    0x08002198   0x08002198   0x00000014   Code   RO          484    i.ILI9341_BackLed_Control  bsp_ili9341_lcd.o
    0x080021ac   0x080021ac   0x00000020   Code   RO          485    i.ILI9341_Clear     bsp_ili9341_lcd.o
    0x080021cc   0x080021cc   0x00000010   Code   RO          486    i.ILI9341_Delay     bsp_ili9341_lcd.o
    0x080021dc   0x080021dc   0x0000006c   Code   RO          487    i.ILI9341_DispChar_EN  bsp_ili9341_lcd.o
    0x08002248   0x08002248   0x0000004c   Code   RO          488    i.ILI9341_DispStringLine_EN  bsp_ili9341_lcd.o
    0x08002294   0x08002294   0x00000060   Code   RO          494    i.ILI9341_FSMC_Config  bsp_ili9341_lcd.o
    0x080022f4   0x080022f4   0x0000001c   Code   RO          495    i.ILI9341_FillColor  bsp_ili9341_lcd.o
    0x08002310   0x08002310   0x000000ac   Code   RO          496    i.ILI9341_GPIO_Config  bsp_ili9341_lcd.o
    0x080023bc   0x080023bc   0x00000088   Code   RO          498    i.ILI9341_GramScan  bsp_ili9341_lcd.o
    0x08002444   0x08002444   0x00000028   Code   RO          499    i.ILI9341_Init      bsp_ili9341_lcd.o
    0x0800246c   0x0800246c   0x00000040   Code   RO          500    i.ILI9341_OpenWindow  bsp_ili9341_lcd.o
    0x080024ac   0x080024ac   0x000002e0   Code   RO          501    i.ILI9341_REG_Config  bsp_ili9341_lcd.o
    0x0800278c   0x0800278c   0x00000048   Code   RO          502    i.ILI9341_ReadID    bsp_ili9341_lcd.o
    0x080027d4   0x080027d4   0x00000028   Code   RO          503    i.ILI9341_Rst       bsp_ili9341_lcd.o
    0x080027fc   0x080027fc   0x0000000c   Code   RO          508    i.LCD_GetFont       bsp_ili9341_lcd.o
    0x08002808   0x08002808   0x0000000c   Code   RO          510    i.LCD_SetColors     bsp_ili9341_lcd.o
    0x08002814   0x08002814   0x0000000c   Code   RO          511    i.LCD_SetFont       bsp_ili9341_lcd.o
    0x08002820   0x08002820   0x0000003c   Code   RO          744    i.MX_GPIO_Init      gpio.o
    0x0800285c   0x0800285c   0x000000a0   Code   RO          777    i.MX_TIM1_Init      tim.o
    0x080028fc   0x080028fc   0x0000006c   Code   RO          778    i.MX_TIM3_Init      tim.o
    0x08002968   0x08002968   0x000000c8   Code   RO          779    i.MX_TIM4_Init      tim.o
    0x08002a30   0x08002a30   0x00000038   Code   RO          872    i.MX_USART1_UART_Init  usart.o
    0x08002a68   0x08002a68   0x00000038   Code   RO          873    i.MX_USART3_UART_Init  usart.o
    0x08002aa0   0x08002aa0   0x00000038   Code   RO          874    i.MX_USART4_UART_Init  usart.o
    0x08002ad8   0x08002ad8   0x00000002   Code   RO          947    i.MemManage_Handler  stm32f1xx_it.o
    0x08002ada   0x08002ada   0x00000002   Code   RO          948    i.NMI_Handler       stm32f1xx_it.o
    0x08002adc   0x08002adc   0x00000002   Code   RO          949    i.PendSV_Handler    stm32f1xx_it.o
    0x08002ade   0x08002ade   0x00000002   Code   RO          950    i.SVC_Handler       stm32f1xx_it.o
    0x08002ae0   0x08002ae0   0x00000002   Code   RO           19    i.Stopward          bsp_motor.o
    0x08002ae2   0x08002ae2   0x00000004   Code   RO          951    i.SysTick_Handler   stm32f1xx_it.o
    0x08002ae6   0x08002ae6   0x0000005e   Code   RO          698    i.SystemClock_Config  main.o
    0x08002b44   0x08002b44   0x00000002   Code   RO         3894    i.SystemInit        system_stm32f1xx.o
    0x08002b46   0x08002b46   0x00000002   PAD
    0x08002b48   0x08002b48   0x0000000c   Code   RO          952    i.TIM3_IRQHandler   stm32f1xx_it.o
    0x08002b54   0x08002b54   0x0000008c   Code   RO         1393    i.TIM_Base_SetConfig  stm32f1xx_hal_tim.o
    0x08002be0   0x08002be0   0x0000001a   Code   RO         1394    i.TIM_CCxChannelCmd  stm32f1xx_hal_tim.o
    0x08002bfa   0x08002bfa   0x00000014   Code   RO         1404    i.TIM_ETR_SetConfig  stm32f1xx_hal_tim.o
    0x08002c0e   0x08002c0e   0x00000010   Code   RO         1405    i.TIM_ITRx_SetConfig  stm32f1xx_hal_tim.o
    0x08002c1e   0x08002c1e   0x00000002   PAD
    0x08002c20   0x08002c20   0x00000060   Code   RO         1406    i.TIM_OC1_SetConfig  stm32f1xx_hal_tim.o
    0x08002c80   0x08002c80   0x0000006c   Code   RO         1407    i.TIM_OC2_SetConfig  stm32f1xx_hal_tim.o
    0x08002cec   0x08002cec   0x00000068   Code   RO         1408    i.TIM_OC3_SetConfig  stm32f1xx_hal_tim.o
    0x08002d54   0x08002d54   0x00000050   Code   RO         1409    i.TIM_OC4_SetConfig  stm32f1xx_hal_tim.o
    0x08002da4   0x08002da4   0x00000022   Code   RO         1411    i.TIM_TI1_ConfigInputStage  stm32f1xx_hal_tim.o
    0x08002dc6   0x08002dc6   0x00000002   PAD
    0x08002dc8   0x08002dc8   0x0000006c   Code   RO         1412    i.TIM_TI1_SetConfig  stm32f1xx_hal_tim.o
    0x08002e34   0x08002e34   0x00000024   Code   RO         1413    i.TIM_TI2_ConfigInputStage  stm32f1xx_hal_tim.o
    0x08002e58   0x08002e58   0x00000036   Code   RO         1414    i.TIM_TI2_SetConfig  stm32f1xx_hal_tim.o
    0x08002e8e   0x08002e8e   0x00000002   PAD
    0x08002e90   0x08002e90   0x00000010   Code   RO           20    i.Turn_Left         bsp_motor.o
    0x08002ea0   0x08002ea0   0x00000010   Code   RO           21    i.Turn_Right        bsp_motor.o
    0x08002eb0   0x08002eb0   0x00000010   Code   RO         3291    i.UART_DMAAbortOnError  stm32f1xx_hal_uart.o
    0x08002ec0   0x08002ec0   0x0000004e   Code   RO         3301    i.UART_EndRxTransfer  stm32f1xx_hal_uart.o
    0x08002f0e   0x08002f0e   0x000000c2   Code   RO         3303    i.UART_Receive_IT   stm32f1xx_hal_uart.o
    0x08002fd0   0x08002fd0   0x000000b8   Code   RO         3304    i.UART_SetConfig    stm32f1xx_hal_uart.o
    0x08003088   0x08003088   0x00000036   Code   RO         3306    i.UART_Start_Receive_IT  stm32f1xx_hal_uart.o
    0x080030be   0x080030be   0x00000078   Code   RO         3307    i.UART_WaitOnFlagUntilTimeout  stm32f1xx_hal_uart.o
    0x08003136   0x08003136   0x00000002   PAD
    0x08003138   0x08003138   0x0000000c   Code   RO          953    i.USART1_IRQHandler  stm32f1xx_it.o
    0x08003144   0x08003144   0x0000000c   Code   RO          954    i.USART3_IRQHandler  stm32f1xx_it.o
    0x08003150   0x08003150   0x00000002   Code   RO          955    i.UsageFault_Handler  stm32f1xx_it.o
    0x08003152   0x08003152   0x00000020   Code   RO         2761    i.__NVIC_SetPriority  stm32f1xx_hal_cortex.o
    0x08003172   0x08003172   0x00000002   PAD
    0x08003174   0x08003174   0x000002fc   Code   RO          699    i.main              main.o
    0x08003470   0x08003470   0x00000024   Code   RO         1064    i.ms_delay          systick.o
    0x08003494   0x08003494   0x000000cc   Code   RO           23    i.navigate_to_ball  bsp_motor.o
    0x08003560   0x08003560   0x000005f0   Data   RO          402    .constdata          fonts.o
    0x08003b50   0x08003b50   0x00000012   Data   RO         2459    .constdata          stm32f1xx_hal_rcc.o
    0x08003b62   0x08003b62   0x00000010   Data   RO         3895    .constdata          system_stm32f1xx.o
    0x08003b72   0x08003b72   0x00000008   Data   RO         3896    .constdata          system_stm32f1xx.o
    0x08003b7a   0x08003b7a   0x00000002   PAD
    0x08003b7c   0x08003b7c   0x00000020   Data   RO         4323    Region$$Table       anon$$obj.o


    Execution Region RW_IRAM1 (Exec base: 0x20000000, Load base: 0x08003b9c, Size: 0x00000a18, Max: 0x00010000, ABSOLUTE)

    Exec Addr    Load Addr    Size         Type   Attr      Idx    E Section Name        Object

    0x20000000   0x08003b9c   0x00000014   Data   RW           24    .data               bsp_motor.o
    0x20000014   0x08003bb0   0x00000008   Data   RW          405    .data               fonts.o
    0x2000001c   0x08003bb8   0x00000010   Data   RW          514    .data               bsp_ili9341_lcd.o
    0x2000002c   0x08003bc8   0x00000004   Data   RW          781    .data               tim.o
    0x20000030   0x08003bcc   0x0000001c   Data   RW          881    .data               usart.o
    0x2000004c   0x08003be8   0x00000004   Data   RW          884    .data               usart.o
    0x20000050   0x08003bec   0x00000004   Data   RW          885    .data               usart.o
    0x20000054   0x08003bf0   0x0000000c   Data   RW         2296    .data               stm32f1xx_hal.o
    0x20000060   0x08003bfc   0x00000004   Data   RW         3897    .data               system_stm32f1xx.o
    0x20000064        -       0x00000060   Zero   RW          513    .bss                bsp_ili9341_lcd.o
    0x200000c4        -       0x000000d8   Zero   RW          780    .bss                tim.o
    0x2000019c        -       0x000001a0   Zero   RW          877    .bss                usart.o
    0x2000033c        -       0x00000079   Zero   RW         1118    .bss                gps.o
    0x200003b5   0x08003c00   0x00000003   PAD
    0x200003b8        -       0x00000060   Zero   RW         4178    .bss                c_w.l(libspace.o)
    0x20000418        -       0x00000200   Zero   RW            2    HEAP                startup_stm32f103xe.o
    0x20000618        -       0x00000400   Zero   RW            1    STACK               startup_stm32f103xe.o


==============================================================================

Image component sizes


      Code (inc. data)   RO Data    RW Data    ZI Data      Debug   Object Name

      1672        108          0         16         96      19175   bsp_ili9341_lcd.o
       362         92          0         20          0     503275   bsp_motor.o
         0          0       1520          8          0       1269   fonts.o
        60          6          0          0          0        855   gpio.o
         0          0          0          0        121        808   gps.o
       458         44          0          0          0       4590   i2c.o
       862        102          0          0          0       3100   main.o
        64         26        304          0       1536        800   startup_stm32f103xe.o
       128         24          0         12          0       5837   stm32f1xx_hal.o
       198         14          0          0          0      28887   stm32f1xx_hal_cortex.o
       374          8          0          0          0       1807   stm32f1xx_hal_dma.o
       504         42          0          0          0       2260   stm32f1xx_hal_gpio.o
        60          8          0          0          0        850   stm32f1xx_hal_msp.o
      1240         84         18          0          0       5064   stm32f1xx_hal_rcc.o
        88          0          0          0          0       1667   stm32f1xx_hal_sram.o
      2562        118          0          0          0      19235   stm32f1xx_hal_tim.o
       212         20          0          0          0       3149   stm32f1xx_hal_tim_ex.o
      1554         10          0          0          0      10752   stm32f1xx_hal_uart.o
        56         18          0          0          0       5064   stm32f1xx_it.o
       280         12          0          0          0       2531   stm32f1xx_ll_fsmc.o
         2          0         24          4          0       1091   system_stm32f1xx.o
        92          0          0          0          0       1521   systick.o
       968        100          0          4        216       5986   tim.o
       872        110          0         36        416       4707   usart.o

    ----------------------------------------------------------------------
     12698        946       1900        100       2388     634280   Object Totals
         0          0         32          0          0          0   (incl. Generated)
        30          0          2          0          3          0   (incl. Padding)

    ----------------------------------------------------------------------

      Code (inc. data)   RO Data    RW Data    ZI Data      Debug   Library Member Name

         8          0          0          0          0         68   __main.o
         0          0          0          0          0          0   __rtentry.o
        12          0          0          0          0          0   __rtentry2.o
         6          0          0          0          0          0   __rtentry4.o
        52          8          0          0          0          0   __scatter.o
        26          0          0          0          0          0   __scatter_copy.o
        28          0          0          0          0          0   __scatter_zi.o
        18          0          0          0          0         80   exit.o
         6          0          0          0          0        152   heapauxi.o
         0          0          0          0          0          0   indicate_semi.o
         2          0          0          0          0          0   libinit.o
         2          0          0          0          0          0   libinit2.o
         2          0          0          0          0          0   libshutdown.o
         2          0          0          0          0          0   libshutdown2.o
         8          4          0          0         96         68   libspace.o
        68          0          0          0          0         68   rt_memclr.o
        78          0          0          0          0         80   rt_memclr_w.o
       138          0          0          0          0         68   rt_memcpy_v6.o
       100          0          0          0          0         80   rt_memcpy_w.o
         2          0          0          0          0          0   rtexit.o
        10          0          0          0          0          0   rtexit2.o
        12          4          0          0          0         68   sys_exit.o
        74          0          0          0          0         80   sys_stackheap_outer.o
         2          0          0          0          0         68   use_no_semi.o

    ----------------------------------------------------------------------
       662         16          0          0         96        880   Library Totals
         6          0          0          0          0          0   (incl. Padding)

    ----------------------------------------------------------------------

      Code (inc. data)   RO Data    RW Data    ZI Data      Debug   Library Name

       656         16          0          0         96        880   c_w.l

    ----------------------------------------------------------------------
       662         16          0          0         96        880   Library Totals

    ----------------------------------------------------------------------

==============================================================================


      Code (inc. data)   RO Data    RW Data    ZI Data      Debug   

     13360        962       1900        100       2484     628240   Grand Totals
     13360        962       1900        100       2484     628240   ELF Image Totals
     13360        962       1900        100          0          0   ROM Totals

==============================================================================

    Total RO  Size (Code + RO Data)                15260 (  14.90kB)
    Total RW  Size (RW Data + ZI Data)              2584 (   2.52kB)
    Total ROM Size (Code + RO Data + RW Data)      15360 (  15.00kB)

==============================================================================

